*** Start of Test ***
Turning off Swap...
MemTotal:       524288 kB
MemFree:         35916 kB
Buffers:         17056 kB
Cached:         318452 kB
SwapCached:          0 kB
Active:         152904 kB
Inactive:       218064 kB
HighTotal:           0 kB
HighFree:            0 kB
LowTotal:       524288 kB
LowFree:         35916 kB
SwapTotal:           0 kB
SwapFree:            0 kB
Dirty:           53072 kB
Writeback:           0 kB
AnonPages:       35396 kB
Mapped:           9024 kB
Slab:            80072 kB
PageTables:       2500 kB
NFS Unstable:        0 kB
Bounce:              0 kB
CommitLimit:    262144 kB
Committed_AS:    78076 kB
VmallocTotal: 34359738367 kB
VmallocUsed:       604 kB
VmallocChunk: 34359736855 kB
Starting exploit to create a file sized to 80% of total memory.
Exploit ran. exit: 0
-rw-r--r-- 1 root root 428867584 Aug  1 15:38 bigfile
Starting exploit to create a file sized to 30% of total memory.
Exploit ran. exit: 0
Second run of exploit sucessful! Memory leak is likely fixed.
-rw-r--r-- 1 root root 160432128 Aug  1 15:39 bigfile2
MemTotal:       524288 kB
MemFree:        198756 kB
Buffers:          5948 kB
Cached:         201928 kB
SwapCached:          0 kB
Active:          62948 kB
Inactive:       181080 kB
HighTotal:           0 kB
HighFree:            0 kB
LowTotal:       524288 kB
LowFree:        198756 kB
SwapTotal:           0 kB
SwapFree:            0 kB
Dirty:           11064 kB
Writeback:           0 kB
AnonPages:       36152 kB
Mapped:           1508 kB
Slab:            43784 kB
PageTables:       2532 kB
NFS Unstable:        0 kB
Bounce:              0 kB
CommitLimit:    262144 kB
Committed_AS:    78816 kB
VmallocTotal: 34359738367 kB
VmallocUsed:       604 kB
VmallocChunk: 34359736855 kB
** 0 failures, 1 passes **
*** End of test. ***
