*** Start of Test ***
Turning off Swap...
MemTotal:      1017248 kB
MemFree:        851312 kB
Buffers:         14128 kB
Cached:          66248 kB
SwapCached:          0 kB
Active:          77592 kB
Inactive:        49480 kB
HighTotal:           0 kB
HighFree:            0 kB
LowTotal:      1017248 kB
LowFree:        851312 kB
SwapTotal:           0 kB
SwapFree:            0 kB
Dirty:             200 kB
Writeback:           0 kB
Mapped:          55028 kB
Slab:            25888 kB
CommitLimit:    508624 kB
Committed_AS:   113560 kB
PageTables:       1924 kB
VmallocTotal: 536870911 kB
VmallocUsed:    263012 kB
VmallocChunk: 536606531 kB
HugePages_Total:     0
HugePages_Free:      0
Hugepagesize:     2048 kB
Starting exploit to create a file sized to 80% of total memory.
Exploit ran. exit: 0
-rw-r--r--  1 root root 832569344 Aug  1 15:00 bigfile
Starting exploit to create a file sized to 30% of total memory.
posix_memalign: Cannot allocate memory
Exploit ran. exit: 2
The exploit likely failed to run a second time due to a memory leak!
-rw-r--r--  1 root root 312475648 Aug  1 15:00 bigfile2
MemTotal:      1017248 kB
MemFree:         36008 kB
Buffers:         15248 kB
Cached:          66964 kB
SwapCached:          0 kB
Active:         892756 kB
Inactive:        49220 kB
HighTotal:           0 kB
HighFree:            0 kB
LowTotal:      1017248 kB
LowFree:         36008 kB
SwapTotal:           0 kB
SwapFree:            0 kB
Dirty:             128 kB
Writeback:           0 kB
Mapped:          55028 kB
Slab:            26112 kB
CommitLimit:    508624 kB
Committed_AS:   113560 kB
PageTables:       1924 kB
VmallocTotal: 536870911 kB
VmallocUsed:    263012 kB
VmallocChunk: 536606531 kB
HugePages_Total:     0
HugePages_Free:      0
Hugepagesize:     2048 kB
** 1 failures, 0 passes **
*** End of test. ***
