Initializing cgroup subsys cpuset
Initializing cgroup subsys cpu
Linux version 2.6.32-131.0.15.el6.x86_64 (mockbuild@x86-007.build.bos.redhat.com) (gcc version 4.4.4 20100726 (Red Hat 4.4.4-13) (GCC) ) #1 SMP Tue May 10 15:42:40 EDT 2011
Command line: ro root=/dev/mapper/VolGroup-lv_root rd_LVM_LV=VolGroup/lv_root rd_LVM_LV=VolGroup/lv_swap rd_NO_LUKS rd_NO_MD rd_NO_DM LANG=en_US.UTF-8 SYSFONT=latarcyrheb-sun16 KEYBOARDTYPE=pc KEYTABLE=us nomodeset crashkernel=auto  debug printk.time=1
KERNEL supported cpus:
  Intel GenuineIntel
  AMD AuthenticAMD
  Centaur CentaurHauls
BIOS-provided physical RAM map:
 BIOS-e820: 0000000000000000 - 000000000009fc00 (usable)
 BIOS-e820: 000000000009fc00 - 00000000000a0000 (reserved)
 BIOS-e820: 00000000000dc000 - 0000000000100000 (reserved)
 BIOS-e820: 0000000000100000 - 000000003fff0000 (usable)
 BIOS-e820: 000000003fff0000 - 000000003ffff000 (ACPI data)
 BIOS-e820: 000000003ffff000 - 0000000040000000 (ACPI NVS)
 BIOS-e820: 00000000fd000000 - 00000000fd800000 (reserved)
 BIOS-e820: 00000000fec00000 - 00000000fec01000 (reserved)
 BIOS-e820: 00000000fee00000 - 00000000fee01000 (reserved)
 BIOS-e820: 00000000ffc00000 - 0000000100000000 (reserved)
DMI 2.3 present.
SMBIOS version 2.3 @ 0xF6100
e820 update range: 0000000000000000 - 0000000000001000 (usable) ==> (reserved)
e820 remove range: 00000000000a0000 - 0000000000100000 (usable)
last_pfn = 0x3fff0 max_arch_pfn = 0x400000000
MTRR default type: uncachable
MTRR fixed ranges enabled:
  00000-9FFFF write-back
  A0000-BFFFF uncachable
  C0000-C7FFF write-protect
  C8000-EFFFF uncachable
  F0000-FFFFF write-protect
MTRR variable ranges enabled:
  0 base 0000000000 mask FFC0000000 write-back
  1 disabled
  2 disabled
  3 disabled
  4 disabled
  5 disabled
  6 disabled
  7 disabled
x86 PAT enabled: cpu 0, old 0x7040600070406, new 0x7010600070106
initial memory mapped : 0 - 20000000
init_memory_mapping: 0000000000000000-000000003fff0000
 0000000000 - 003fe00000 page 2M
 003fe00000 - 003fff0000 page 4k
kernel direct mapping tables up to 3fff0000 @ 8000-b000
RAMDISK: 372f5000 - 37fef8bb
ACPI: RSDP 00000000000e8000 00024 (v02 PRLS  )
ACPI: XSDT 000000003fff0040 00034 (v01 PRLS   PRLS_OEM 00000001 INTL 20051216)
ACPI: FACP 000000003fff0100 000F4 (v03 PRLS   PRLS_OEM 00000001 INTL 20051216)
ACPI: DSDT 000000003fff0440 038E2 (v02 PRLS   PRLSACPI 00001001 INTL 20051216)
ACPI: FACS 000000003fff0200 00040
ACPI: APIC 000000003fff0240 00136 (v01 PRLS   PRLS_OEM 00000001 INTL 20051216)
ACPI: Local APIC address 0xfee00000
No NUMA configuration found
Faking a node at 0000000000000000-000000003fff0000
Bootmem setup node 0 0000000000000000-000000003fff0000
  NODE_DATA [0000000000009000 - 000000000003cfff]
  bootmap [000000000003d000 -  0000000000044fff] pages 8
(7 early reservations) ==> bootmem [0000000000 - 003fff0000]
  #0 [0000000000 - 0000001000]   BIOS data page ==> [0000000000 - 0000001000]
  #1 [0000006000 - 0000008000]       TRAMPOLINE ==> [0000006000 - 0000008000]
  #2 [0001000000 - 0001f474e4]    TEXT DATA BSS ==> [0001000000 - 0001f474e4]
  #3 [00372f5000 - 0037fef8bb]          RAMDISK ==> [00372f5000 - 0037fef8bb]
  #4 [000009f000 - 0000100000]    BIOS reserved ==> [000009f000 - 0000100000]
  #5 [0001f48000 - 0001f4818e]              BRK ==> [0001f48000 - 0001f4818e]
  #6 [0000008000 - 0000009000]          PGTABLE ==> [0000008000 - 0000009000]
found SMP MP-table at [ffff8800000ff100] ff100
kvm-clock: Using msrs 4b564d01 and 4b564d00
kvm-clock: cpu 0, msr 0:1bbbf01, boot clock
 [ffffea0000000000-ffffea0000dfffff] PMD -> [ffff880002400000-ffff8800031fffff] on node 0
Zone PFN ranges:
  DMA      0x00000001 -> 0x00001000
  DMA32    0x00001000 -> 0x00100000
  Normal   0x00100000 -> 0x00100000
Movable zone start PFN for each node
early_node_map[2] active PFN ranges
    0: 0x00000001 -> 0x0000009f
    0: 0x00000100 -> 0x0003fff0
On node 0 totalpages: 262030
  DMA zone: 56 pages used for memmap
  DMA zone: 101 pages reserved
  DMA zone: 3841 pages, LIFO batch:0
  DMA32 zone: 3528 pages used for memmap
  DMA32 zone: 254504 pages, LIFO batch:31
ACPI: PM-Timer IO Port: 0x4008
ACPI: Local APIC address 0xfee00000
ACPI: LAPIC (acpi_id[0x00] lapic_id[0x00] enabled)
ACPI: LAPIC (acpi_id[0x01] lapic_id[0x01] enabled)
ACPI: LAPIC (acpi_id[0x02] lapic_id[0x02] disabled)
ACPI: LAPIC (acpi_id[0x03] lapic_id[0x03] disabled)
ACPI: LAPIC (acpi_id[0x04] lapic_id[0x04] disabled)
ACPI: LAPIC (acpi_id[0x05] lapic_id[0x05] disabled)
ACPI: LAPIC (acpi_id[0x06] lapic_id[0x06] disabled)
ACPI: LAPIC (acpi_id[0x07] lapic_id[0x07] disabled)
ACPI: LAPIC (acpi_id[0x08] lapic_id[0x08] disabled)
ACPI: LAPIC (acpi_id[0x09] lapic_id[0x09] disabled)
ACPI: LAPIC (acpi_id[0x0a] lapic_id[0x0a] disabled)
ACPI: LAPIC (acpi_id[0x0b] lapic_id[0x0b] disabled)
ACPI: LAPIC (acpi_id[0x0c] lapic_id[0x0c] disabled)
ACPI: LAPIC (acpi_id[0x0d] lapic_id[0x0d] disabled)
ACPI: LAPIC (acpi_id[0x0e] lapic_id[0x0e] disabled)
ACPI: LAPIC (acpi_id[0x0f] lapic_id[0x0f] disabled)
ACPI: LAPIC_NMI (acpi_id[0x00] high edge lint[0x1])
ACPI: LAPIC_NMI (acpi_id[0x01] high edge lint[0x1])
ACPI: LAPIC_NMI (acpi_id[0x02] high edge lint[0x1])
ACPI: LAPIC_NMI (acpi_id[0x03] high edge lint[0x1])
ACPI: LAPIC_NMI (acpi_id[0x04] high edge lint[0x1])
ACPI: LAPIC_NMI (acpi_id[0x05] high edge lint[0x1])
ACPI: LAPIC_NMI (acpi_id[0x06] high edge lint[0x1])
ACPI: LAPIC_NMI (acpi_id[0x07] high edge lint[0x1])
ACPI: LAPIC_NMI (acpi_id[0x08] high edge lint[0x1])
ACPI: LAPIC_NMI (acpi_id[0x09] high edge lint[0x1])
ACPI: LAPIC_NMI (acpi_id[0x0a] high edge lint[0x1])
ACPI: LAPIC_NMI (acpi_id[0x0b] high edge lint[0x1])
ACPI: LAPIC_NMI (acpi_id[0x0c] high edge lint[0x1])
ACPI: LAPIC_NMI (acpi_id[0x0d] high edge lint[0x1])
ACPI: LAPIC_NMI (acpi_id[0x0e] high edge lint[0x1])
ACPI: LAPIC_NMI (acpi_id[0x0f] high edge lint[0x1])
ACPI: IOAPIC (id[0x00] address[0xfec00000] gsi_base[0])
IOAPIC[0]: apic_id 0, version 2, address 0xfec00000, GSI 0-23
ACPI: INT_SRC_OVR (bus 0 bus_irq 0 global_irq 2 dfl dfl)
ACPI: INT_SRC_OVR (bus 0 bus_irq 14 global_irq 14 dfl edge)
ACPI: INT_SRC_OVR (bus 0 bus_irq 15 global_irq 15 dfl edge)
ACPI: IRQ0 used by override.
ACPI: IRQ2 used by override.
ACPI: IRQ9 used by override.
ACPI: IRQ14 used by override.
ACPI: IRQ15 used by override.
Using ACPI (MADT) for SMP configuration information
SMP: Allowing 16 CPUs, 14 hotplug CPUs
nr_irqs_gsi: 24
PM: Registered nosave memory: 000000000009f000 - 00000000000a0000
PM: Registered nosave memory: 00000000000a0000 - 00000000000dc000
PM: Registered nosave memory: 00000000000dc000 - 0000000000100000
Allocating PCI resources starting at 40000000 (gap: 40000000:bd000000)
Booting paravirtualized kernel on KVM
NR_CPUS:4096 nr_cpumask_bits:16 nr_cpu_ids:16 nr_node_ids:1
PERCPU: Embedded 30 pages/cpu @ffff880002000000 s92504 r8192 d22184 u131072
pcpu-alloc: s92504 r8192 d22184 u131072 alloc=1*2097152
pcpu-alloc: [0] 00 01 02 03 04 05 06 07 08 09 10 11 12 13 14 15 
kvm-clock: cpu 0, msr 0:2015f01, primary cpu clock
Built 1 zonelists in Node order, mobility grouping on.  Total pages: 258345
Policy zone: DMA32
Kernel command line: ro root=/dev/mapper/VolGroup-lv_root rd_LVM_LV=VolGroup/lv_root rd_LVM_LV=VolGroup/lv_swap rd_NO_LUKS rd_NO_MD rd_NO_DM LANG=en_US.UTF-8 SYSFONT=latarcyrheb-sun16 KEYBOARDTYPE=pc KEYTABLE=us nomodeset   debug printk.time=1
[    0.000000] PID hash table entries: 4096 (order: 3, 32768 bytes)
[    0.000000] Checking aperture...
[    0.000000] No AGP bridge found
[    0.000000] AMD-Vi disabled by default: pass amd_iommu=on to enable
[    0.000000] Memory: 1002420k/1048512k available (5014k kernel code, 392k absent, 45700k reserved, 6906k data, 1232k init)
[    0.000000] Hierarchical RCU implementation.
[    0.000000] NR_IRQS:33024 nr_irqs:536
[    0.000000] Console: colour VGA+ 80x25
[    0.000000] console [tty0] enabled
[    0.000000] allocated 10485760 bytes of page_cgroup
[    0.000000] please try 'cgroup_disable=memory' option if you don't want memory cgroups
[    0.000000] Detected 2133.000 MHz processor.
[    0.001999] Calibrating delay loop (skipped) preset value.. 4266.00 BogoMIPS (lpj=2133000)
[    0.001999] pid_max: default: 32768 minimum: 301
[    0.004153] Security Framework initialized
[    0.004269] SELinux:  Initializing.
[    0.004741] SELinux:  Starting in permissive mode
[    0.006270] Dentry cache hash table entries: 131072 (order: 8, 1048576 bytes)
[    0.009607] Inode-cache hash table entries: 65536 (order: 7, 524288 bytes)
[    0.011206] Mount-cache hash table entries: 256
[    0.012257] Initializing cgroup subsys ns
[    0.012355] Initializing cgroup subsys cpuacct
[    0.012441] Initializing cgroup subsys memory
[    0.012547] Initializing cgroup subsys devices
[    0.012624] Initializing cgroup subsys freezer
[    0.012699] Initializing cgroup subsys net_cls
[    0.012775] Initializing cgroup subsys blkio
[    0.013302] CPU: Physical Processor ID: 0
[    0.013391] CPU: Processor Core ID: 0
[    0.013472] mce: CPU supports 0 MCE banks
[    0.013574] alternatives: switching to unfair spinlock
[    0.024029] ACPI: Core revision 20090903
[    0.027776] ftrace: converting mcount calls to 0f 1f 44 00 00
[    0.027868] ftrace: allocating 20700 entries in 82 pages
[    0.029392] Enabling x2apic
[    0.029476] Enabled x2apic
[    0.030015] Setting APIC routing to physical x2apic
[    0.032486] ..TIMER: vector=0x30 apic1=0 pin1=2 apic2=-1 pin2=-1
[    0.032565] CPU0: Intel(R) Core(TM)2 Duo CPU     E6750  @ 2.66GHz stepping 0b
[    0.033999] Performance Events: Core2 events, Broken PMU hardware detected, using software events only.
[    0.033999] NMI watchdog disabled (cpu0): hardware events not enabled
[    0.034465] Booting Node   0, Processors  #1
[    0.001999] mce: CPU supports 0 MCE banks
[    0.001999] kvm-clock: cpu 1, msr 0:2035f01, secondary cpu clock
[    0.040646] Brought up 2 CPUs
[    0.040735] Total of 2 processors activated (8532.00 BogoMIPS).
[    0.042298] sizeof(vma)=200 bytes
[    0.042391] sizeof(page)=56 bytes
[    0.042468] sizeof(inode)=592 bytes
[    0.042544] sizeof(dentry)=192 bytes
[    0.042635] sizeof(ext3inode)=800 bytes
[    0.042713] sizeof(buffer_head)=104 bytes
[    0.042789] sizeof(skbuff)=232 bytes
[    0.042866] sizeof(task_struct)=2616 bytes
[    0.047075] devtmpfs: initialized
[    0.052046] regulator: core version 0.5
[    0.052767] NET: Registered protocol family 16
[    0.054429] ACPI: bus type pci registered
[    0.054693] PCI: Using configuration type 1 for base access
[    0.058371] bio: create slab <bio-0> at 0
[    0.061193] ACPI: EC: Look up EC in DSDT
[    0.066663] ACPI: Interpreter enabled
[    0.066756] ACPI: (supports S0 S1 S3 S4 S5)
[    0.067382] ACPI: Using IOAPIC for interrupt routing
[    0.072586] ACPI: No dock devices found.
[    0.072713] ACPI: PCI Root Bridge [PCI0] (0000:00)
[    0.073532] pci 0000:00:01.0: PME# supported from D0 D3hot D3cold
[    0.073619] pci 0000:00:01.0: PME# disabled
[    0.073916] pci 0000:00:03.0: reg 10 io port: [0x8000-0x801f]
[    0.074315] pci 0000:00:05.0: reg 10 32bit mmio: [0xee000000-0xee01ffff]
[    0.074491] pci 0000:00:05.0: reg 1c io port: [0x8200-0x821f]
[    0.075188] pci 0000:00:1d.0: reg 20 io port: [0xb000-0xb01f]
[    0.075457] pci 0000:00:1d.7: reg 10 32bit mmio: [0xef100000-0xef1003ff]
[    0.076168] pci 0000:00:1f.0: reg 20 32bit mmio: [0xf0200000-0xf020000f]
[    0.076269] pci 0000:00:1f.0: reg 24 32bit mmio: [0xf0300000-0xf030000f]
[    0.076393] pci 0000:00:1f.0: quirk: region 4000-407f claimed by ICH6 ACPI/GPIO/TCO
[    0.076718] pci 0000:00:1f.1: reg 20 io port: [0xe200-0xe20f]
[    0.077039] pci 0000:00:1f.2: reg 10 io port: [0xe400-0xe407]
[    0.077140] pci 0000:00:1f.2: reg 14 io port: [0xe600-0xe603]
[    0.077239] pci 0000:00:1f.2: reg 18 io port: [0xe800-0xe807]
[    0.077339] pci 0000:00:1f.2: reg 1c io port: [0xea00-0xea03]
[    0.077451] pci 0000:00:1f.2: reg 20 io port: [0xec00-0xec0f]
[    0.077562] pci 0000:00:1f.2: reg 24 32bit mmio: [0xf0400000-0xf0401fff]
[    0.077946] pci 0000:01:00.0: reg 10 io port: [0x6000-0x601f]
[    0.078372] pci 0000:01:00.0: reg 14 32bit mmio pref: [0xb0000000-0xb1ffffff]
[    0.081020] pci 0000:01:00.0: reg 30 32bit mmio pref: [0xe2000000-0xe200ffff]
[    0.083204] pci 0000:00:01.0: transparent bridge
[    0.083301] pci 0000:00:01.0: bridge io port: [0x6000-0x7fff]
[    0.083332] pci 0000:00:01.0: bridge 32bit mmio: [0xe2000000-0xedffffff]
[    0.084034] pci 0000:00:01.0: bridge 64bit mmio pref: [0xb0000000-0xdfffffff]
[    0.087066] pci 0000:00:0a.0: bridge io port: [0x9000-0xafff]
[    0.087157] pci 0000:00:0a.0: bridge 32bit mmio: [0xee100000-0xef0fffff]
[    0.087246] pci 0000:00:0a.0: bridge 32bit mmio pref: [0xe0000000-0xe0ffffff]
[    0.087529] pci 0000:00:1e.0: transparent bridge
[    0.087619] pci 0000:00:1e.0: bridge io port: [0xc000-0xdfff]
[    0.087718] pci 0000:00:1e.0: bridge 32bit mmio: [0xef200000-0xf01fffff]
[    0.087822] pci 0000:00:1e.0: bridge 64bit mmio pref: [0xe1000000-0xe1ffffff]
[    0.087984] ACPI: PCI Interrupt Routing Table [\_SB_.PCI0._PRT]
[    0.088251] ACPI: PCI Interrupt Routing Table [\_SB_.PCI0.PX16._PRT]
[    0.088822] ACPI: PCI Interrupt Routing Table [\_SB_.PCI0.PCIN._PRT]
[    0.089155] ACPI: PCI Interrupt Routing Table [\_SB_.PCI0.PCI2._PRT]
[    0.091513] ACPI Exception: AE_NOT_FOUND, Evaluating _PRS (20090903/pci_link-184)
[    0.091767] HEST: Table is not found!
[    0.091999] vgaarb: device added: PCI:0000:01:00.0,decodes=io+mem,owns=io+mem,locks=none
[    0.092011] vgaarb: loaded
[    0.093339] SCSI subsystem initialized
[    0.094137] libata version 3.00 loaded.
[    0.094209] usbcore: registered new interface driver usbfs
[    0.094209] usbcore: registered new interface driver hub
[    0.095061] usbcore: registered new device driver usb
[    0.096053] PCI: Using ACPI for IRQ routing
[    0.096126] PCI: old code would have set cacheline size to 32 bytes, but clflush_size = 64
[    0.096207] PCI: pci_cache_line_size set to 64 bytes
[    0.096227] NetLabel: Initializing
[    0.096306] NetLabel:  domain hash size = 128
[    0.096379] NetLabel:  protocols = UNLABELED CIPSOv4
[    0.096487] NetLabel:  unlabeled traffic allowed by default
[    0.096860] Switching to clocksource kvm-clock
[    0.124912] pnp: PnP ACPI init
[    0.125022] ACPI: bus type pnp registered
[    0.127783] pnp: PnP ACPI: found 11 devices
[    0.127859] ACPI: ACPI bus type pnp unregistered
[    0.127947] system 00:06: iomem range 0xffc00000-0xffffffff has been reserved
[    0.128029] system 00:08: ioport range 0x4d0-0x4d1 has been reserved
[    0.128148] system 00:08: ioport range 0x1000-0x107f has been reserved
[    0.128227] system 00:08: ioport range 0x1300-0x133f has been reserved
[    0.133207] pci 0000:01:00.0: BAR 6: address space collision on of device [0xe2000000-0xe200ffff]
[    0.133380] pci 0000:00:01.0: PCI bridge to [bus 01-01]
[    0.133455] pci 0000:00:01.0: PCI bridge, secondary bus 0000:01
[    0.133534] pci 0000:00:01.0:   bridge window [0x6000-0x7fff]
[    0.133624] pci 0000:00:01.0:   bridge window [0xe2000000-0xedffffff]
[    0.133723] pci 0000:00:01.0:   bridge window [0xb0000000-0xdfffffff]
[    0.133818] pci 0000:00:0a.0: PCI bridge to [bus 02-02]
[    0.133892] pci 0000:00:0a.0: PCI bridge, secondary bus 0000:02
[    0.133971] pci 0000:00:0a.0:   bridge window [0x9000-0xafff]
[    0.134099] pci 0000:00:0a.0:   bridge window [0xee100000-0xef0fffff]
[    0.134188] pci 0000:00:0a.0:   bridge window [0xe0000000-0xe0ffffff]
[    0.134287] pci 0000:00:1e.0: PCI bridge to [bus 03-03]
[    0.134364] pci 0000:00:1e.0: PCI bridge, secondary bus 0000:03
[    0.134446] pci 0000:00:1e.0:   bridge window [0xc000-0xdfff]
[    0.134539] pci 0000:00:1e.0:   bridge window [0xef200000-0xf01fffff]
[    0.134628] pci 0000:00:1e.0:   bridge window [0xe1000000-0xe1ffffff]
[    0.134748] pci 0000:00:01.0: PCIe errors handled by OS.
[    0.134864] pci 0000:00:01.0: setting latency timer to 64
[    0.134961] pci 0000:00:0a.0: setting latency timer to 64
[    0.135099] pci 0000:00:1e.0: setting latency timer to 64
[    0.135183] pci_bus 0000:00: resource 0 io:  [0x00-0xffff]
[    0.135261] pci_bus 0000:00: resource 1 mem: [0x000000-0xffffffffffffffff]
[    0.135339] pci_bus 0000:01: resource 0 io:  [0x6000-0x7fff]
[    0.135416] pci_bus 0000:01: resource 1 mem: [0xe2000000-0xedffffff]
[    0.135493] pci_bus 0000:01: resource 2 pref mem [0xb0000000-0xdfffffff]
[    0.135571] pci_bus 0000:01: resource 3 io:  [0x00-0xffff]
[    0.135648] pci_bus 0000:01: resource 4 mem: [0x000000-0xffffffffffffffff]
[    0.135740] pci_bus 0000:02: resource 0 io:  [0x9000-0xafff]
[    0.135817] pci_bus 0000:02: resource 1 mem: [0xee100000-0xef0fffff]
[    0.135894] pci_bus 0000:02: resource 2 pref mem [0xe0000000-0xe0ffffff]
[    0.135972] pci_bus 0000:03: resource 0 io:  [0xc000-0xdfff]
[    0.136086] pci_bus 0000:03: resource 1 mem: [0xef200000-0xf01fffff]
[    0.136163] pci_bus 0000:03: resource 2 pref mem [0xe1000000-0xe1ffffff]
[    0.136241] pci_bus 0000:03: resource 3 io:  [0x00-0xffff]
[    0.136318] pci_bus 0000:03: resource 4 mem: [0x000000-0xffffffffffffffff]
[    0.137401] NET: Registered protocol family 2
[    0.138184] IP route cache hash table entries: 32768 (order: 6, 262144 bytes)
[    0.141542] TCP established hash table entries: 131072 (order: 9, 2097152 bytes)
[    0.147250] TCP bind hash table entries: 65536 (order: 8, 1048576 bytes)
[    0.149559] TCP: Hash tables configured (established 131072 bind 65536)
[    0.149644] TCP reno registered
[    0.150719] NET: Registered protocol family 1
[    0.150957] pci 0000:01:00.0: Boot video device
[    0.151214] Trying to unpack rootfs image as initramfs...
[    0.574805] Freeing initrd memory: 13290k freed
[    0.603600] audit: initializing netlink socket (disabled)
[    0.603732] type=2000 audit(1306757849.603:1): initialized
[    0.617631] HugeTLB registered 2 MB page size, pre-allocated 0 pages
[    0.623469] VFS: Disk quotas dquot_6.5.2
[    0.623756] Dquot-cache hash table entries: 512 (order 0, 4096 bytes)
[    0.624443] msgmni has been set to 1983
[    0.624780] SELinux:  Registering netfilter hooks
[    0.626793] alg: No test for stdrng (krng)
[    0.626900] ksign: Installing public key data
[    0.626984] Loading keyring
[    0.627136] - Added public key C9F0DFBFCE81A817
[    0.627212] - User ID: Red Hat, Inc. (Kernel Module GPG key)
[    0.627301] - Added public key D4A26C9CCD09BEDA
[    0.627377] - User ID: Red Hat Enterprise Linux Driver Update Program <secalert@redhat.com>
[    0.627685] Block layer SCSI generic (bsg) driver version 0.4 loaded (major 252)
[    0.628078] io scheduler noop registered
[    0.628154] io scheduler anticipatory registered
[    0.628229] io scheduler deadline registered
[    0.628619] io scheduler cfq registered (default)
[    0.628911] pci_hotplug: PCI Hot Plug PCI Core version: 0.5
[    0.629147] pciehp: PCI Express Hot Plug Controller Driver version: 0.4
[    0.629230] acpiphp: ACPI Hot Plug PCI Controller Driver version: 0.5
[    0.629530] pci-stub: invalid id string ""
[    0.629823] input: Power Button as /devices/LNXSYSTM:00/LNXPWRBN:00/input/input0
[    0.629905] ACPI: Power Button [PWRF]
[    0.630099] input: Sleep Button as /devices/LNXSYSTM:00/LNXSLPBN:00/input/input1
[    0.630182] ACPI: Sleep Button [SLPF]
[    0.630382] ACPI: acpi_idle registered with cpuidle
[    0.630650] processor LNXCPU:00: registered as cooling_device0
[    0.630922] processor LNXCPU:01: registered as cooling_device1
[    0.636962] ERST: Table is not found!
[    0.639394] Non-volatile memory driver v1.3
[    0.639470] Linux agpgart interface v0.103
[    0.639749] crash memory driver: version 1.1
[    0.639831] Serial: 8250/16550 driver, 4 ports, IRQ sharing enabled
[    0.642498] brd: module loaded
[    0.643491] loop: module loaded
[    0.643627] input: Macintosh mouse button emulation as /devices/virtual/input/input2
[    0.643794] Fixed MDIO Bus: probed
[    0.643956] ehci_hcd: USB 2.0 'Enhanced' Host Controller (EHCI) Driver
[    0.644114]   alloc irq_desc for 19 on node -1
[    0.644192]   alloc kstat_irqs on node -1
[    0.644312] ehci_hcd 0000:00:1d.7: PCI INT D -> GSI 19 (level, low) -> IRQ 19
[    0.644432] ehci_hcd 0000:00:1d.7: setting latency timer to 64
[    0.644519] ehci_hcd 0000:00:1d.7: EHCI Host Controller
[    0.644707] ehci_hcd 0000:00:1d.7: new USB bus registered, assigned bus number 1
[    0.644977] ehci_hcd 0000:00:1d.7: Enabling legacy PCI PM
[    0.645124] ehci_hcd 0000:00:1d.7: cache line size of 64 is not supported
[    0.645281] ehci_hcd 0000:00:1d.7: irq 19, io mem 0xef100000
[    0.651101] ehci_hcd 0000:00:1d.7: USB 2.0 started, EHCI 1.00
[    0.651234] usb usb1: New USB device found, idVendor=1d6b, idProduct=0002
[    0.651310] usb usb1: New USB device strings: Mfr=3, Product=2, SerialNumber=1
[    0.651391] usb usb1: Product: EHCI Host Controller
[    0.651465] usb usb1: Manufacturer: Linux 2.6.32-131.0.15.el6.x86_64 ehci_hcd
[    0.651540] usb usb1: SerialNumber: 0000:00:1d.7
[    0.651698] usb usb1: configuration #1 chosen from 1 choice
[    0.651904] hub 1-0:1.0: USB hub found
[    0.651984] hub 1-0:1.0: 8 ports detected
[    0.652160] ohci_hcd: USB 1.1 'Open' Host Controller (OHCI) Driver
[    0.652263] uhci_hcd: USB Universal Host Controller Interface driver
[    0.652547]   alloc irq_desc for 18 on node -1
[    0.652622]   alloc kstat_irqs on node -1
[    0.652725] uhci_hcd 0000:00:1d.0: PCI INT C -> GSI 18 (level, low) -> IRQ 18
[    0.652828] uhci_hcd 0000:00:1d.0: setting latency timer to 64
[    0.652909] uhci_hcd 0000:00:1d.0: UHCI Host Controller
[    0.653080] uhci_hcd 0000:00:1d.0: new USB bus registered, assigned bus number 2
[    0.653297] uhci_hcd 0000:00:1d.0: irq 18, io base 0x0000b000
[    0.653469] usb usb2: New USB device found, idVendor=1d6b, idProduct=0001
[    0.653545] usb usb2: New USB device strings: Mfr=3, Product=2, SerialNumber=1
[    0.653626] usb usb2: Product: UHCI Host Controller
[    0.653700] usb usb2: Manufacturer: Linux 2.6.32-131.0.15.el6.x86_64 uhci_hcd
[    0.653789] usb usb2: SerialNumber: 0000:00:1d.0
[    0.653945] usb usb2: configuration #1 chosen from 1 choice
[    0.654086] hub 2-0:1.0: USB hub found
[    0.654173] hub 2-0:1.0: 2 ports detected
[    0.654371] PNP: PS/2 Controller [PNP0303:KBC,PNP0f03:PS2M] at 0x60,0x64 irq 1,12
[    0.655261] serio: i8042 KBD port at 0x60,0x64 irq 1
[    0.655364] serio: i8042 AUX port at 0x60,0x64 irq 12
[    0.655614] mice: PS/2 mouse device common for all mice
[    0.656388] rtc_cmos 00:03: rtc core: registered rtc_cmos as rtc0
[    0.656552] rtc0: alarms up to one day, y3k, 242 bytes nvram
[    0.656643] cpuidle: using governor ladder
[    0.656718] cpuidle: using governor menu
[    0.656887] input: AT Translated Set 2 keyboard as /devices/platform/i8042/serio0/input/input3
[    0.657384] usbcore: registered new interface driver hiddev
[    0.657473] usbcore: registered new interface driver usbhid
[    0.657553] usbhid: v2.6:USB HID core driver
[    0.658181] TCP cubic registered
[    0.658261] Initializing XFRM netlink socket
[    0.658350] NET: Registered protocol family 17
[    0.658619] registered taskstats version 1
[    0.659462] rtc_cmos 00:03: setting system clock to 2011-05-30 12:17:29 UTC (1306757849)
[    0.659578] Initalizing network drop monitor service
[    0.659711] Freeing unused kernel memory: 1232k freed
[    0.663727] Write protecting the kernel read-only data: 10240k
[    0.666673] Freeing unused kernel memory: 1112k freed
[    0.671370] Freeing unused kernel memory: 1796k freed
[    0.727493] dracut: dracut-004-53.el6
[    0.788889] device-mapper: uevent: version 1.0.3
[    0.789232] device-mapper: ioctl: 4.20.6-ioctl (2011-02-02) initialised: dm-devel@redhat.com
[    0.797377] udev: starting version 147
[    0.873537] dracut: Starting plymouth daemon
[    0.957099] usb 2-1: new full speed USB device using uhci_hcd and address 2
[    1.045291] ahci 0000:00:1f.2: version 3.0
[    1.045359]   alloc irq_desc for 16 on node -1
[    1.045402]   alloc kstat_irqs on node -1
[    1.045459] ahci 0000:00:1f.2: PCI INT A -> GSI 16 (level, low) -> IRQ 16
[    1.045565]   alloc irq_desc for 24 on node -1
[    1.045607]   alloc kstat_irqs on node -1
[    1.045667] ahci 0000:00:1f.2: irq 24 for MSI/MSI-X
[    1.046148] ahci: SSS flag set, parallel bus scan disabled
[    1.046241] ahci 0000:00:1f.2: AHCI 0001.0100 32 slots 6 ports 3 Gbps 0x3f impl SATA mode
[    1.046289] ahci 0000:00:1f.2: flags: 64bit ncq stag pm led only slum part 
[    1.046340] ahci 0000:00:1f.2: setting latency timer to 64
[    1.047340] scsi0 : ahci
[    1.047581] scsi1 : ahci
[    1.047698] scsi2 : ahci
[    1.048167] scsi3 : ahci
[    1.048270] scsi4 : ahci
[    1.048385] scsi5 : ahci
[    1.048473] ata1: SATA max UDMA/133 abar m8192@0xf0400000 port 0xf0400100 irq 24
[    1.048526] ata2: SATA max UDMA/133 abar m8192@0xf0400000 port 0xf0400180 irq 24
[    1.048573] ata3: SATA max UDMA/133 abar m8192@0xf0400000 port 0xf0400200 irq 24
[    1.048619] ata4: SATA max UDMA/133 abar m8192@0xf0400000 port 0xf0400280 irq 24
[    1.048666] ata5: SATA max UDMA/133 abar m8192@0xf0400000 port 0xf0400300 irq 24
[    1.048711] ata6: SATA max UDMA/133 abar m8192@0xf0400000 port 0xf0400380 irq 24
[    1.092113] input: ImExPS/2 Generic Explorer Mouse as /devices/platform/i8042/serio1/input/input4
[    1.107788] usb 2-1: New USB device found, idVendor=203a, idProduct=fffb
[    1.107802] usb 2-1: New USB device strings: Mfr=2, Product=1, SerialNumber=3
[    1.107802] usb 2-1: Product: Virtual Keyboard
[    1.108037] usb 2-1: Manufacturer: Parallels
[    1.108080] usb 2-1: SerialNumber: PW3.0
[    1.108196] usb 2-1: configuration #1 chosen from 1 choice
[    1.117168] input: Parallels Virtual Keyboard as /devices/pci0000:00/0000:00:1d.0/usb2/2-1/2-1:1.0/input/input5
[    1.117355] generic-usb 0003:203A:FFFB.0001: input,hidraw0: USB HID v1.10 Keyboard [Parallels Virtual Keyboard] on usb-0000:00:1d.0-1/input0
[    1.354077] ata1: SATA link up 1.5 Gbps (SStatus 113 SControl 300)
[    1.356978] ata1.00: ATA-6: RHEL6.1-0, F.20166R, max UDMA/100
[    1.357076] ata1.00: 41943040 sectors, multi 0: LBA48 
[    1.359959] ata1.00: configured for UDMA/100
[    1.372354] scsi 0:0:0:0: Direct-Access     ATA      RHEL6.1-0        F.20 PQ: 0 ANSI: 5
[    1.678074] ata2: SATA link up 1.5 Gbps (SStatus 113 SControl 300)
[    1.680211] ata2.00: ATAPI: Virtual DVD-ROM [1], FWR10003, max UDMA/25
[    1.683923] ata2.00: configured for UDMA/25
[    1.696497] scsi 1:0:0:0: CD-ROM                     Virtual DVD-ROM  R103 PQ: 0 ANSI: 5
[    2.002032] ata3: SATA link down (SStatus 0 SControl 300)
[    2.321298] ata4: SATA link down (SStatus 0 SControl 300)
[    2.639429] ata5: SATA link down (SStatus 0 SControl 300)
[    2.956836] ata6: SATA link down (SStatus 0 SControl 300)
[    2.985218] ata_piix 0000:00:1f.1: version 2.13
[    2.985351] ata_piix 0000:00:1f.1: setting latency timer to 64
[    2.985540] scsi6 : ata_piix
[    2.985664] scsi7 : ata_piix
[    2.986263] ata7: PATA max UDMA/100 cmd 0x1f0 ctl 0x3f6 bmdma 0xe200 irq 14
[    2.986307] ata8: PATA max UDMA/100 cmd 0x170 ctl 0x376 bmdma 0xe208 irq 15
[    3.208330] sr0: scsi3-mmc drive: 44x/44x cd/rw xa/form2 cdda tray
[    3.208378] Uniform CD-ROM driver Revision: 3.20
[    3.208600] sr 1:0:0:0: Attached scsi CD-ROM sr0
[    3.221447] sd 0:0:0:0: [sda] 41943040 512-byte logical blocks: (21.4 GB/20.0 GiB)
[    3.221613] sd 0:0:0:0: [sda] Write Protect is off
[    3.221661] sd 0:0:0:0: [sda] Mode Sense: 00 3a 00 00
[    3.221745] sd 0:0:0:0: [sda] Write cache: enabled, read cache: enabled, doesn't support DPO or FUA
[    3.222282]  sda: sda1 sda2
[    3.239075] sd 0:0:0:0: [sda] Attached SCSI disk
[    3.610596] dracut: Scanning devices sda2  for LVM logical volumes VolGroup/lv_root VolGroup/lv_swap 
[    3.659550] dracut: inactive '/dev/VolGroup/lv_root' [17.54 GiB] inherit
[    3.659663] dracut: inactive '/dev/VolGroup/lv_swap' [1.97 GiB] inherit
[    4.393244] EXT4-fs (dm-0): mounted filesystem with ordered data mode
[    4.513391] dracut: Mounted root filesystem /dev/mapper/VolGroup-lv_root
[    4.654575] dracut: Loading SELinux policy
[    5.665344] type=1404 audit(1306757854.505:2): enforcing=1 old_enforcing=0 auid=4294967295 ses=4294967295
[    7.329228] SELinux: 2048 avtab hash slots, 211845 rules.
[    7.415424] SELinux: 2048 avtab hash slots, 211845 rules.
[    7.695380] SELinux:  9 users, 13 roles, 3423 types, 178 bools, 1 sens, 1024 cats
[    7.695507] SELinux:  81 classes, 211845 rules
[    7.702490] SELinux:  Completing initialization.
[    7.702543] SELinux:  Setting up existing superblocks.
[    7.702612] SELinux: initialized (dev dm-0, type ext4), uses xattr
[    7.702781] SELinux: initialized (dev tmpfs, type tmpfs), uses transition SIDs
[    7.703132] SELinux: initialized (dev usbfs, type usbfs), uses genfs_contexts
[    7.703184] SELinux: initialized (dev selinuxfs, type selinuxfs), uses genfs_contexts
[    7.703257] SELinux: initialized (dev mqueue, type mqueue), uses transition SIDs
[    7.703311] SELinux: initialized (dev hugetlbfs, type hugetlbfs), uses transition SIDs
[    7.703365] SELinux: initialized (dev devpts, type devpts), uses transition SIDs
[    7.703440] SELinux: initialized (dev inotifyfs, type inotifyfs), uses genfs_contexts
[    7.703489] SELinux: initialized (dev anon_inodefs, type anon_inodefs), uses genfs_contexts
[    7.703537] SELinux: initialized (dev pipefs, type pipefs), uses task SIDs
[    7.703585] SELinux: initialized (dev debugfs, type debugfs), uses genfs_contexts
[    7.705885] SELinux: initialized (dev sockfs, type sockfs), uses task SIDs
[    7.705938] SELinux: initialized (dev devtmpfs, type devtmpfs), uses transition SIDs
[    7.707289] SELinux: initialized (dev tmpfs, type tmpfs), uses transition SIDs
[    7.707352] SELinux: initialized (dev proc, type proc), uses genfs_contexts
[    7.707410] SELinux: initialized (dev bdev, type bdev), uses genfs_contexts
[    7.707456] SELinux: initialized (dev rootfs, type rootfs), uses genfs_contexts
[    7.708044] SELinux: initialized (dev sysfs, type sysfs), uses genfs_contexts
[    7.739300] type=1403 audit(1306757856.579:3): policy loaded auid=4294967295 ses=4294967295
[    7.746926] dracut: 
[    8.206951] dracut: Switching root
[   11.108210] udev: starting version 147
[   12.616191] e1000: Intel(R) PRO/1000 Network Driver - version 7.3.21-k6-1-NAPI
[   12.616191] e1000: Copyright (c) 1999-2006 Intel Corporation.
[   12.616191]   alloc irq_desc for 23 on node -1
[   12.616191]   alloc kstat_irqs on node -1
[   12.616191] e1000 0000:00:05.0: PCI INT A -> GSI 23 (level, low) -> IRQ 23
[   12.616191] e1000 0000:00:05.0: setting latency timer to 64
[   12.947539] e1000 0000:00:05.0: eth0: (PCI:33MHz:32-bit) 00:1c:42:00:3c:f2
[   12.947612] e1000 0000:00:05.0: eth0: Intel(R) PRO/1000 Network Connection
[   13.551018] shpchp: Standard Hot Plug PCI Controller Driver version: 0.4
[   13.605727] sd 0:0:0:0: Attached scsi generic sg0 type 0
[   13.609064] sr 1:0:0:0: Attached scsi generic sg1 type 5
[   14.126369] iTCO_vendor_support: vendor-support=0
[   14.201939] iTCO_wdt: Intel TCO WatchDog Timer Driver v1.05
[   14.202259] iTCO_wdt: RCBA is disabled by hardware/BIOS, device disabled
[   16.860380] EXT4-fs (sda1): mounted filesystem with ordered data mode
[   16.861019] SELinux: initialized (dev sda1, type ext4), uses xattr
[   17.648717] Adding 2064376k swap on /dev/mapper/VolGroup-lv_swap.  Priority:-1 extents:1 across:2064376k 
[   17.657194] SELinux: initialized (dev binfmt_misc, type binfmt_misc), uses genfs_contexts
[   18.873511] NET: Registered protocol family 10
[   18.874191] lo: Disabled Privacy Extensions
[   18.908370] ip6_tables: (C) 2000-2006 Netfilter Core Team
[   19.043128] nf_conntrack version 0.5.0 (7967 buckets, 31868 max)
[   19.307016] ip_tables: (C) 2000-2006 Netfilter Core Team
[  100.131530] ISO 9660 Extensions: Microsoft Joliet Level 3
[  100.186413] ISO 9660 Extensions: RRIP_1991A
[  100.187336] SELinux: initialized (dev sr0, type iso9660), uses genfs_contexts
[  339.913605] e1000: eth0 NIC Link is Up 1000 Mbps Full Duplex, Flow Control: RX
[  339.914538] ADDRCONF(NETDEV_UP): eth0: link is not ready
[  339.915385] ADDRCONF(NETDEV_CHANGE): eth0: link becomes ready
[  441.045642] RPC: Registered udp transport module.
[  441.045690] RPC: Registered tcp transport module.
[  441.045733] RPC: Registered tcp NFSv4.1 backchannel transport module.
[  441.170006] TECH PREVIEW: fscache may not be fully supported.
[  441.170008] Please review provided documentation for limitations.
[  441.170193] Disabling lock debugging due to kernel taint
[  441.170239] Slow work thread pool: Starting up
[  441.172109] Slow work thread pool: Ready
[  441.190275] FS-Cache: Loaded
[  441.442292] SELinux: initialized (dev rpc_pipefs, type rpc_pipefs), uses genfs_contexts
[  441.443453] FS-Cache: Netfs 'nfs' registered for caching
[  616.940305] SELinux: initialized (dev 0:13, type nfs), uses genfs_contexts
[  727.735487] SysRq : Changing Loglevel
[  727.735568] Loglevel set to 8
[  928.020259] RPC:       looking up Generic cred
[  928.020311] NFS call  access
[  928.020359] RPC:       new task initialized, procpid 1539
[  928.020403] RPC:       allocated task ffff88003d67a680
[  928.020447] RPC:    52 __rpc_execute flags=0x80
[  928.020490] RPC:    52 call_start nfs3 proc ACCESS (sync)
[  928.020532] RPC:    52 call_reserve (status 0)
[  928.020575] RPC:    52 reserved req ffff88003cf7c000 xid cbb0f4d2
[  928.020618] RPC:    52 call_reserveresult (status 0)
[  928.020659] RPC:    52 call_refresh (status 0)
[  928.020702] RPC:    52 refreshing UNIX cred ffff88003d2572c0
[  928.020745] RPC:    52 call_refreshresult (status 0)
[  928.021230] RPC:    52 call_allocate (status 0)
[  928.021284] RPC:    52 allocated buffer of size 564 at ffff88003ccaa800
[  928.021327] RPC:    52 call_bind (status 0)
[  928.021469] RPC:    52 call_connect xprt ffff88003d12f800 is connected
[  928.021520] RPC:    52 call_transmit (status 0)
[  928.021564] RPC:    52 xprt_prepare_transmit
[  928.021608] RPC:    52 rpc_xdr_encode (status 0)
[  928.021652] RPC:    52 marshaling UNIX cred ffff88003d2572c0
[  928.021697] RPC:    52 using AUTH_UNIX cred ffff88003d2572c0 to wrap rpc data
[  928.021742] RPC:    52 xprt_transmit(136)
[  928.022135] RPC:       xs_tcp_send_request(136) = 136
[  928.022281] RPC:    52 xmit complete
[  928.022325] RPC:    52 sleep_on(queue "xprt_pending" time 4295595318)
[  928.022372] RPC:    52 added to queue ffff88003d12fb20 "xprt_pending"
[  928.022488] RPC:    52 setting alarm for 60000 ms
[  928.022535] RPC:       wake_up_next(ffff88003d12fa58 "xprt_resend")
[  928.022579] RPC:       wake_up_next(ffff88003d12f990 "xprt_sending")
[  928.022623] RPC:    52 sync task going to sleep
[  928.023365] RPC:       xs_tcp_data_ready...
[  928.023422] RPC:       xs_tcp_data_recv started
[  928.023474] RPC:       reading TCP record fragment of length 120
[  928.024064] RPC:       reading XID (4 bytes)
[  928.024107] RPC:       reading reply for XID cbb0f4d2
[  928.024149] RPC:       reading CALL/REPLY flag (4 bytes)
[  928.024191] RPC:       read reply XID cbb0f4d2
[  928.024234] RPC:       XID cbb0f4d2 read 112 bytes
[  928.024278] RPC:       xprt = ffff88003d12f800, tcp_copied = 120, tcp_offset = 120, tcp_reclen = 120
[  928.024327] RPC:    52 xid cbb0f4d2 complete (120 bytes received)
[  928.024370] RPC:    52 __rpc_wake_up_task (now 4295595320)
[  928.024412] RPC:    52 disabling timer
[  928.024454] RPC:    52 removed from queue ffff88003d12fb20 "xprt_pending"
[  928.024499] RPC:       __rpc_wake_up_task done
[  928.024540] RPC:       xs_tcp_data_recv done
[  928.025087] RPC:    52 sync task resuming
[  928.025130] RPC:    52 call_status (status 120)
[  928.025174] RPC:    52 call_decode (status 120)
[  928.025216] RPC:    52 validating UNIX cred ffff88003d2572c0
[  928.025260] RPC:    52 using AUTH_UNIX cred ffff88003d2572c0 to unwrap rpc data
[  928.025307] RPC:    52 call_decode result 0
[  928.025349] RPC:    52 return 0, status 0
[  928.025390] RPC:    52 release task
[  928.025434] RPC:       freeing buffer of size 564 at ffff88003ccaa800
[  928.025477] RPC:    52 release request ffff88003cf7c000
[  928.025519] RPC:       wake_up_next(ffff88003d12fbe8 "xprt_backlog")
[  928.025562] RPC:       rpc_release_client(ffff880037dba800)
[  928.025604] RPC:    52 freeing task
[  928.026097] NFS: nfs_update_inode(0:13/1291899 ct=2 info=0x7e7f)
[  928.026141] NFS reply access: 0
[  928.026183] NFS: permission(0:13/1291899), mask=0x1, res=0
[  928.026230] RPC:       looking up Generic cred
[  928.026274] NFS: permission(0:13/1291899), mask=0x1, res=0
[  928.026321] NFS: lookup(/testfile)
[  928.026365] NFS call  lookup testfile
[  928.026407] RPC:       new task initialized, procpid 1539
[  928.026449] RPC:       allocated task ffff88003d67a680
[  928.026492] RPC:    53 __rpc_execute flags=0x80
[  928.026534] RPC:    53 call_start nfs3 proc LOOKUP (sync)
[  928.026576] RPC:    53 call_reserve (status 0)
[  928.026618] RPC:    53 reserved req ffff88003cf7c000 xid ccb0f4d2
[  928.027107] RPC:    53 call_reserveresult (status 0)
[  928.027150] RPC:    53 call_refresh (status 0)
[  928.027191] RPC:    53 looking up UNIX cred
[  928.027233] RPC:       looking up UNIX cred
[  928.027278] RPC:    53 refreshing UNIX cred ffff88003d2572c0
[  928.027345] RPC:    53 call_refreshresult (status 0)
[  928.027388] RPC:    53 call_allocate (status 0)
[  928.027430] RPC:    53 allocated buffer of size 968 at ffff88003ccaa800
[  928.027473] RPC:    53 call_bind (status 0)
[  928.027514] RPC:    53 call_connect xprt ffff88003d12f800 is connected
[  928.027557] RPC:    53 call_transmit (status 0)
[  928.027598] RPC:    53 xprt_prepare_transmit
[  928.028094] RPC:    53 rpc_xdr_encode (status 0)
[  928.028136] RPC:    53 marshaling UNIX cred ffff88003d2572c0
[  928.028179] RPC:    53 using AUTH_UNIX cred ffff88003d2572c0 to wrap rpc data
[  928.028221] RPC:    53 xprt_transmit(144)
[  928.028279] RPC:       xs_tcp_send_request(144) = 144
[  928.028324] RPC:    53 xmit complete
[  928.028367] RPC:    53 sleep_on(queue "xprt_pending" time 4295595324)
[  928.028409] RPC:    53 added to queue ffff88003d12fb20 "xprt_pending"
[  928.028454] RPC:    53 setting alarm for 60000 ms
[  928.028496] RPC:       wake_up_next(ffff88003d12fa58 "xprt_resend")
[  928.028539] RPC:       wake_up_next(ffff88003d12f990 "xprt_sending")
[  928.028581] RPC:    53 sync task going to sleep
[  928.030540] RPC:       xs_tcp_data_ready...
[  928.030587] RPC:       xs_tcp_data_recv started
[  928.030629] RPC:       reading TCP record fragment of length 116
[  928.030672] RPC:       reading XID (4 bytes)
[  928.030714] RPC:       reading reply for XID ccb0f4d2
[  928.030756] RPC:       reading CALL/REPLY flag (4 bytes)
[  928.030799] RPC:       read reply XID ccb0f4d2
[  928.030841] RPC:       XID ccb0f4d2 read 108 bytes
[  928.030884] RPC:       xprt = ffff88003d12f800, tcp_copied = 116, tcp_offset = 116, tcp_reclen = 116
[  928.030931] RPC:    53 xid ccb0f4d2 complete (116 bytes received)
[  928.030974] RPC:    53 __rpc_wake_up_task (now 4295595326)
[  928.031016] RPC:    53 disabling timer
[  928.031023] RPC:    53 removed from queue ffff88003d12fb20 "xprt_pending"
[  928.031561] RPC:       __rpc_wake_up_task done
[  928.031603] RPC:       xs_tcp_data_recv done
[  928.032133] RPC:    53 sync task resuming
[  928.032177] RPC:    53 call_status (status 116)
[  928.032219] RPC:    53 call_decode (status 116)
[  928.032262] RPC:    53 validating UNIX cred ffff88003d2572c0
[  928.032304] RPC:    53 using AUTH_UNIX cred ffff88003d2572c0 to unwrap rpc data
[  928.032352] RPC:    53 call_decode result -2
[  928.032394] RPC:    53 return 0, status -2
[  928.032435] RPC:    53 release task
[  928.032478] RPC:       freeing buffer of size 968 at ffff88003ccaa800
[  928.032522] RPC:    53 release request ffff88003cf7c000
[  928.032564] RPC:       wake_up_next(ffff88003d12fbe8 "xprt_backlog")
[  928.032606] RPC:       rpc_release_client(ffff880037dba800)
[  928.032648] RPC:    53 freeing task
[  928.033141] NFS: nfs_update_inode(0:13/1291899 ct=2 info=0x7e7f)
[  928.033186] NFS reply lookup: -2
[  928.033246] NFS: permission(0:13/1291899), mask=0x3, res=0
[  928.033843] NFS: create(0:13/1291899), testfile
[  928.033887] NFS call  create testfile
[  928.034125] RPC:       new task initialized, procpid 1539
[  928.034191] RPC:       allocated task ffff88003d67a680
[  928.034264] RPC:    54 __rpc_execute flags=0x80
[  928.034307] RPC:    54 call_start nfs3 proc CREATE (sync)
[  928.034351] RPC:    54 call_reserve (status 0)
[  928.034394] RPC:    54 reserved req ffff88003cf7c000 xid cdb0f4d2
[  928.034436] RPC:    54 call_reserveresult (status 0)
[  928.034478] RPC:    54 call_refresh (status 0)
[  928.034519] RPC:    54 looking up UNIX cred
[  928.034561] RPC:       looking up UNIX cred
[  928.034603] RPC:    54 refreshing UNIX cred ffff88003d2572c0
[  928.034646] RPC:    54 call_refreshresult (status 0)
[  928.034695] RPC:    54 call_allocate (status 0)
[  928.035133] RPC:    54 allocated buffer of size 1056 at ffff88003ccaa800
[  928.035195] RPC:    54 call_bind (status 0)
[  928.035262] RPC:    54 call_connect xprt ffff88003d12f800 is connected
[  928.035333] RPC:    54 call_transmit (status 0)
[  928.035401] RPC:    54 xprt_prepare_transmit
[  928.035443] RPC:    54 rpc_xdr_encode (status 0)
[  928.035485] RPC:    54 marshaling UNIX cred ffff88003d2572c0
[  928.035528] RPC:    54 using AUTH_UNIX cred ffff88003d2572c0 to wrap rpc data
[  928.035571] RPC:    54 xprt_transmit(176)
[  928.035644] RPC:       xs_tcp_send_request(176) = 176
[  928.035687] RPC:    54 xmit complete
[  928.035730] RPC:    54 sleep_on(queue "xprt_pending" time 4295595331)
[  928.035773] RPC:    54 added to queue ffff88003d12fb20 "xprt_pending"
[  928.036170] RPC:    54 setting alarm for 60000 ms
[  928.036243] RPC:       wake_up_next(ffff88003d12fa58 "xprt_resend")
[  928.036316] RPC:       wake_up_next(ffff88003d12f990 "xprt_sending")
[  928.036376] RPC:    54 sync task going to sleep
[  928.036455] RPC:       xs_tcp_data_ready...
[  928.036510] RPC:       xs_tcp_data_recv started
[  928.036561] RPC:       reading TCP record fragment of length 276
[  928.036603] RPC:       reading XID (4 bytes)
[  928.037116] RPC:       reading reply for XID cdb0f4d2
[  928.037185] RPC:       reading CALL/REPLY flag (4 bytes)
[  928.037227] RPC:       read reply XID cdb0f4d2
[  928.037269] RPC:       XID cdb0f4d2 read 268 bytes
[  928.037312] RPC:       xprt = ffff88003d12f800, tcp_copied = 276, tcp_offset = 276, tcp_reclen = 276
[  928.037361] RPC:    54 xid cdb0f4d2 complete (276 bytes received)
[  928.037404] RPC:    54 __rpc_wake_up_task (now 4295595333)
[  928.037425] RPC:    54 disabling timer
[  928.037425] RPC:    54 removed from queue ffff88003d12fb20 "xprt_pending"
[  928.037425] RPC:       __rpc_wake_up_task done
[  928.037542] RPC:    54 sync task resuming
[  928.037544] RPC:    54 call_status (status 276)
[  928.037546] RPC:    54 call_decode (status 276)
[  928.037548] RPC:    54 validating UNIX cred ffff88003d2572c0
[  928.037550] RPC:    54 using AUTH_UNIX cred ffff88003d2572c0 to unwrap rpc data
[  928.037552] RPC:    54 call_decode result 0
[  928.037554] RPC:    54 return 0, status 0
[  928.037555] RPC:    54 release task
[  928.037425] RPC:       xs_tcp_data_recv done
[  928.038510] RPC:       freeing buffer of size 1056 at ffff88003ccaa800
[  928.038512] RPC:    54 release request ffff88003cf7c000
[  928.038514] RPC:       wake_up_next(ffff88003d12fbe8 "xprt_backlog")
[  928.038516] RPC:       rpc_release_client(ffff880037dba800)
[  928.038517] RPC:    54 freeing task
[  928.038520] NFS: nfs_update_inode(0:13/1291899 ct=2 info=0x1feff)
[  928.038530] NFS: nfs_fhget(0:13/1291900 ct=1)
[  928.038533] NFS reply create: 0
[  928.038536] NFS: permission(0:13/1291900), mask=0x0, res=0
[  928.038729] NFS: open file(/testfile)
[  928.038731] RPC:       looking up Generic cred
[  928.038746] NFS: flock(/testfile, t=1, fl=2)
[  928.038748] lockd: get host 10.30.3.27
[  928.038755] lockd: get host 10.30.3.27
[  928.038757] lockd: nsm_monitor(10.30.3.27)
[  928.038769] RPC:       set up xprt to 127.0.0.1 (autobind) via udp
[  928.038772] RPC:       created transport ffff880037d57800 with 16 slots
[  928.038774] RPC:       creating statd client for rpc.statd (xprt ffff880037d57800)
[  928.038779] RPC:       new task initialized, procpid 1539
[  928.038785] RPC:       allocated task ffff88003d67a680
[  928.038787] RPC:    55 __rpc_execute flags=0x280
[  928.038789] RPC:    55 call_start statd1 proc MONITOR (sync)
[  928.038791] RPC:    55 call_reserve (status 0)
[  928.038793] RPC:    55 reserved req ffff88003d216000 xid eaf63b71
[  928.038794] RPC:    55 call_reserveresult (status 0)
[  928.038796] RPC:    55 call_refresh (status 0)
[  928.038797] RPC:    55 looking up NULL cred
[  928.038799] RPC:       looking up NULL cred
[  928.038801] RPC:    55 refreshing NULL cred ffffffffa028a9a0
[  928.038802] RPC:    55 call_refreshresult (status 0)
[  928.038804] RPC:    55 call_allocate (status 0)
[  928.038808] RPC:    55 allocated buffer of size 2188 at ffff88003ccb1000
[  928.038810] RPC:    55 call_bind (status 0)
[  928.038813] RPC:    55 rpcb_getport_async(rpc.statd, 100024, 1, 17)
[  928.038815] RPC:    55 sleep_on(queue "xprt_binding" time 4295595334)
[  928.038817] RPC:    55 added to queue ffff880037d578c8 "xprt_binding"
[  928.038818] RPC:    55 setting alarm for 60000 ms
[  928.038821] RPC:    55 rpcb_getport_async: trying rpcbind version 2
[  928.038828] RPC:       set up xprt to 127.0.0.1 (port 111) via udp
[  928.038830] RPC:       created transport ffff88003d113000 with 16 slots
[  928.038832] RPC:       creating rpcbind client for rpc.statd (xprt ffff88003d113000)
[  928.038835] RPC:       creating UNIX authenticator for client ffff880037de8c00
[  928.038838] RPC:       new task initialized, procpid 1539
[  928.038840] RPC:       allocated task ffff88003ce52e80
[  928.038846] RPC:       rpc_release_client(ffff880037de8c00)
[  928.038847] RPC:    55 sync task going to sleep
[  928.038852] RPC:    56 __rpc_execute flags=0x681
[  928.038854] RPC:    56 call_start rpcbind2 proc GETPORT (async)
[  928.038855] RPC:    56 call_reserve (status 0)
[  928.038857] RPC:    56 reserved req ffff88003ce64000 xid c280f882
[  928.038859] RPC:    56 call_reserveresult (status 0)
[  928.038861] RPC:    56 call_refresh (status 0)
[  928.038862] RPC:    56 looking up UNIX cred
[  928.038863] RPC:       looking up UNIX cred
[  928.038866] RPC:    56 refreshing UNIX cred ffff88003d12c540
[  928.038867] RPC:    56 call_refreshresult (status 0)
[  928.038869] RPC:    56 call_allocate (status 0)
[  928.038871] RPC:    56 allocated buffer of size 416 at ffff88003ccaa800
[  928.038872] RPC:    56 call_bind (status 0)
[  928.038874] RPC:    56 call_connect xprt ffff88003d113000 is not connected
[  928.038876] RPC:    56 xprt_connect xprt ffff88003d113000 is not connected
[  928.038878] RPC:    56 xprt_cwnd_limited cong = 0 cwnd = 256
[  928.038879] RPC:    56 sleep_on(queue "xprt_pending" time 4295595334)
[  928.038881] RPC:    56 added to queue ffff88003d113320 "xprt_pending"
[  928.038883] RPC:    56 setting alarm for 5000 ms
[  928.038885] RPC:       xs_connect scheduled xprt ffff88003d113000
[  928.038899] RPC:       xs_bind 0.0.0.0:0: ok (0)
[  928.038901] RPC:       worker connecting xprt ffff88003d113000 via udp to 127.0.0.1 (port 111)
[  928.038904] RPC:    56 __rpc_wake_up_task (now 4295595334)
[  928.038905] RPC:    56 disabling timer
[  928.038907] RPC:    56 removed from queue ffff88003d113320 "xprt_pending"
[  928.038908] RPC:       __rpc_wake_up_task done
[  928.038910] RPC:    56 __rpc_execute flags=0x681
[  928.038911] RPC:    56 xprt_connect_status: connection established
[  928.038913] RPC:    56 call_connect_status (status 0)
[  928.038914] RPC:    56 call_transmit (status 0)
[  928.038916] RPC:    56 xprt_prepare_transmit
[  928.038917] RPC:    56 rpc_xdr_encode (status 0)
[  928.038919] RPC:    56 marshaling UNIX cred ffff88003d12c540
[  928.038921] RPC:    56 using AUTH_UNIX cred ffff88003d12c540 to wrap rpc data
[  928.038923] RPC:    56 encoding PMAP_GETPORT call (100024, 1, 17, 0)
[  928.038925] RPC:    56 xprt_transmit(128)
[  928.038960] RPC:       xs_udp_send_request(128) = 128
[  928.038961] RPC:    56 xmit complete
[  928.038963] RPC:    56 sleep_on(queue "xprt_pending" time 4295595334)
[  928.038965] RPC:    56 added to queue ffff88003d113320 "xprt_pending"
[  928.038967] RPC:    56 setting alarm for 5000 ms
[  928.039974] RPC:       xs_udp_data_ready...
[  928.039979] RPC:       cong 256, cwnd was 256, now 512
[  928.039981] RPC:       wake_up_next(ffff88003d113258 "xprt_resend")
[  928.039983] RPC:       wake_up_next(ffff88003d113190 "xprt_sending")
[  928.039985] RPC:    56 xid c280f882 complete (28 bytes received)
[  928.039988] RPC:    56 __rpc_wake_up_task (now 4295595335)
[  928.039989] RPC:    56 disabling timer
[  928.039991] RPC:    56 removed from queue ffff88003d113320 "xprt_pending"
[  928.039996] RPC:       __rpc_wake_up_task done
[  928.040070] RPC:    56 __rpc_execute flags=0x681
[  928.040072] RPC:    56 call_status (status 28)
[  928.040074] RPC:    56 call_decode (status 28)
[  928.040076] RPC:    56 validating UNIX cred ffff88003d12c540
[  928.040078] RPC:    56 using AUTH_UNIX cred ffff88003d12c540 to unwrap rpc data
[  928.040081] RPC:    56 PMAP_GETPORT result: 51855
[  928.040082] RPC:    56 call_decode result 0
[  928.040084] RPC:       setting port for xprt ffff880037d57800 to 51855
[  928.040087] RPC:    56 rpcb_getport_done(status 0, port 51855)
[  928.040089] RPC:    56 return 0, status 0
[  928.040090] RPC:    56 release task
[  928.040093] RPC:       freeing buffer of size 416 at ffff88003ccaa800
[  928.040096] RPC:    56 release request ffff88003ce64000
[  928.040097] RPC:       wake_up_next(ffff88003d1133e8 "xprt_backlog")
[  928.040099] RPC:       rpc_release_client(ffff880037de8c00)
[  928.040101] RPC:       destroying rpcbind client for rpc.statd
[  928.040103] RPC:       destroying transport ffff88003d113000
[  928.040105] RPC:       xs_destroy xprt ffff88003d113000
[  928.040107] RPC:       xs_close xprt ffff88003d113000
[  928.040115] RPC:       disconnected transport ffff88003d113000
[  928.040118] RPC:    56 freeing task
[  928.040120] RPC:    55 __rpc_wake_up_task (now 4295595336)
[  928.040121] RPC:    55 disabling timer
[  928.040123] RPC:    55 removed from queue ffff880037d578c8 "xprt_binding"
[  928.040127] RPC:       __rpc_wake_up_task done
[  928.040138] RPC:    55 sync task resuming
[  928.040139] RPC:    55 call_bind_status (status 0)
[  928.040141] RPC:    55 call_connect xprt ffff880037d57800 is not connected
[  928.040143] RPC:    55 xprt_connect xprt ffff880037d57800 is not connected
[  928.040145] RPC:    55 xprt_cwnd_limited cong = 0 cwnd = 256
[  928.040147] RPC:    55 sleep_on(queue "xprt_pending" time 4295595336)
[  928.040149] RPC:    55 added to queue ffff880037d57b20 "xprt_pending"
[  928.040151] RPC:    55 setting alarm for 5000 ms
[  928.040152] RPC:       xs_connect scheduled xprt ffff880037d57800
[  928.040156] RPC:    55 sync task going to sleep
[  928.042776] RPC:       xs_bind 0.0.0.0:688: ok (0)
[  928.042780] RPC:       worker connecting xprt ffff880037d57800 via udp to 127.0.0.1 (port 51855)
[  928.042783] RPC:    55 __rpc_wake_up_task (now 4295595338)
[  928.042784] RPC:    55 disabling timer
[  928.042787] RPC:    55 removed from queue ffff880037d57b20 "xprt_pending"
[  928.042792] RPC:       __rpc_wake_up_task done
[  928.042801] RPC:    55 sync task resuming
[  928.042803] RPC:    55 xprt_connect_status: connection established
[  928.042805] RPC:    55 call_connect_status (status 0)
[  928.042807] RPC:    55 call_transmit (status 0)
[  928.042808] RPC:    55 xprt_prepare_transmit
[  928.042810] RPC:    55 rpc_xdr_encode (status 0)
[  928.042812] RPC:    55 marshaling NULL cred ffffffffa028a9a0
[  928.042814] RPC:    55 using AUTH_NULL cred ffffffffa028a9a0 to wrap rpc data
[  928.042817] RPC:    55 xprt_transmit(112)
[  928.042850] RPC:       xs_udp_send_request(112) = 112
[  928.042856] RPC:    55 xmit complete
[  928.042858] RPC:    55 sleep_on(queue "xprt_pending" time 4295595338)
[  928.042860] RPC:    55 added to queue ffff880037d57b20 "xprt_pending"
[  928.042862] RPC:    55 setting alarm for 5000 ms
[  928.042864] RPC:    55 sync task going to sleep
[  928.462943] RPC:       xs_udp_data_ready...
[  928.462994] RPC:       cong 256, cwnd was 256, now 512
[  928.463152] RPC:       wake_up_next(ffff880037d57a58 "xprt_resend")
[  928.463224] RPC:       wake_up_next(ffff880037d57990 "xprt_sending")
[  928.463297] RPC:    55 xid eaf63b71 complete (32 bytes received)
[  928.463341] RPC:    55 __rpc_wake_up_task (now 4295595759)
[  928.463383] RPC:    55 disabling timer
[  928.463425] RPC:    55 removed from queue ffff880037d57b20 "xprt_pending"
[  928.463472] RPC:       __rpc_wake_up_task done
[  928.463649] RPC:    55 sync task resuming
[  928.463652] RPC:    55 call_status (status 32)
[  928.463654] RPC:    55 call_decode (status 32)
[  928.463657] RPC:    55 validating NULL cred ffffffffa028a9a0
[  928.463660] RPC:    55 using AUTH_NULL cred ffffffffa028a9a0 to unwrap rpc data
[  928.463662] lockd: xdr_dec_stat_res status 0 state 3
[  928.463664] RPC:    55 call_decode result 0
[  928.463665] RPC:    55 return 0, status 0
[  928.463667] RPC:    55 release task
[  928.464371] RPC:       freeing buffer of size 2188 at ffff88003ccb1000
[  928.464453] RPC:    55 release request ffff88003d216000
[  928.464522] RPC:       wake_up_next(ffff880037d57be8 "xprt_backlog")
[  928.464593] RPC:       rpc_release_client(ffff880037de8200)
[  928.464647] RPC:    55 freeing task
[  928.464690] RPC:       shutting down statd client for rpc.statd
[  928.464731] RPC:       rpc_release_client(ffff880037de8200)
[  928.464774] RPC:       destroying statd client for rpc.statd
[  928.464816] RPC:       destroying transport ffff880037d57800
[  928.465052] RPC:       xs_destroy xprt ffff880037d57800
[  928.465127] RPC:       xs_close xprt ffff880037d57800
[  928.465216] RPC:       disconnected transport ffff880037d57800
[  928.465263] lockd: call procedure 2 on 10.30.3.27
[  928.465305] lockd: nlm_bind_host 10.30.3.27 (10.30.3.27)
[  928.465353] RPC:       set up xprt to 10.30.3.27 (autobind) via tcp
[  928.465397] RPC:       created transport ffff880037d57800 with 16 slots
[  928.465439] RPC:       creating lockd client for 10.30.3.27 (xprt ffff880037d57800)
[  928.465487] RPC:       creating UNIX authenticator for client ffff880037de8200
[  928.465534] RPC:       new task initialized, procpid 1539
[  928.465575] RPC:       allocated task ffff88003d67a680
[  928.465618] RPC:    57 __rpc_execute flags=0x80
[  928.465660] RPC:    57 call_start lockd4 proc LOCK (sync)
[  928.466116] RPC:    57 call_reserve (status 0)
[  928.466164] RPC:    57 reserved req ffff88003d216000 xid 01c4aaa9
[  928.466234] RPC:    57 call_reserveresult (status 0)
[  928.466302] RPC:    57 call_refresh (status 0)
[  928.466352] RPC:    57 refreshing UNIX cred ffff88003d2572c0
[  928.466394] RPC:    57 call_refreshresult (status 0)
[  928.466436] RPC:    57 call_allocate (status 0)
[  928.466478] RPC:    57 allocated buffer of size 736 at ffff88003ccaa000
[  928.466520] RPC:    57 call_bind (status 0)
[  928.466563] RPC:    57 rpcb_getport_async(10.30.3.27, 100021, 4, 6)
[  928.466605] RPC:    57 sleep_on(queue "xprt_binding" time 4295595762)
[  928.466648] RPC:    57 added to queue ffff880037d578c8 "xprt_binding"
[  928.466690] RPC:    57 setting alarm for 60000 ms
[  928.467125] RPC:    57 rpcb_getport_async: trying rpcbind version 2
[  928.467248] RPC:       set up xprt to 10.30.3.27 (port 111) via tcp
[  928.467318] RPC:       created transport ffff88003d740000 with 16 slots
[  928.467361] RPC:       creating rpcbind client for 10.30.3.27 (xprt ffff88003d740000)
[  928.467407] RPC:       creating UNIX authenticator for client ffff880037de8c00
[  928.467458] RPC:       new task initialized, procpid 1539
[  928.467500] RPC:       allocated task ffff88003d67a580
[  928.467545] RPC:       rpc_release_client(ffff880037de8c00)
[  928.467587] RPC:    57 sync task going to sleep
[  928.467632] RPC:    58 __rpc_execute flags=0x681
[  928.467674] RPC:    58 call_start rpcbind2 proc GETPORT (async)
[  928.467717] RPC:    58 call_reserve (status 0)
[  928.468135] RPC:    58 reserved req ffff88003ce66000 xid 3e218b83
[  928.468206] RPC:    58 call_reserveresult (status 0)
[  928.468281] RPC:    58 call_refresh (status 0)
[  928.468327] RPC:    58 looking up UNIX cred
[  928.468368] RPC:       looking up UNIX cred
[  928.468411] RPC:    58 refreshing UNIX cred ffff88003d12c540
[  928.468453] RPC:    58 call_refreshresult (status 0)
[  928.468495] RPC:    58 call_allocate (status 0)
[  928.468539] RPC:    58 allocated buffer of size 416 at ffff880037819800
[  928.468581] RPC:    58 call_bind (status 0)
[  928.468623] RPC:    58 call_connect xprt ffff88003d740000 is not connected
[  928.468666] RPC:    58 xprt_connect xprt ffff88003d740000 is not connected
[  928.468709] RPC:    58 sleep_on(queue "xprt_pending" time 4295595764)
[  928.469147] RPC:    58 added to queue ffff88003d740320 "xprt_pending"
[  928.469219] RPC:    58 setting alarm for 60000 ms
[  928.469288] RPC:       xs_connect scheduled xprt ffff88003d740000
[  928.469383] RPC:       xs_bind 0.0.0.0:0: ok (0)
[  928.469426] RPC:       worker connecting xprt ffff88003d740000 via tcp to 10.30.3.27 (port 111)
[  928.469502] RPC:       ffff88003d740000 connect status 115 connected 0 sock state 2
[  928.469585] RPC:       xs_tcp_state_change client ffff88003d740000...
[  928.470143] RPC:       state 1 conn 0 dead 0 zapped 1 sk_shutdown 0
[  928.470187] RPC:    58 __rpc_wake_up_task (now 4295595766)
[  928.470229] RPC:    58 disabling timer
[  928.470271] RPC:    58 removed from queue ffff88003d740320 "xprt_pending"
[  928.470314] RPC:       __rpc_wake_up_task done
[  928.470376] RPC:    58 __rpc_execute flags=0x681
[  928.470418] RPC:    58 xprt_connect_status: retrying
[  928.470460] RPC:    58 call_connect_status (status -11)
[  928.470502] RPC:    58 call_transmit (status 0)
[  928.470544] RPC:    58 xprt_prepare_transmit
[  928.470585] RPC:    58 rpc_xdr_encode (status 0)
[  928.470627] RPC:    58 marshaling UNIX cred ffff88003d12c540
[  928.470671] RPC:    58 using AUTH_UNIX cred ffff88003d12c540 to wrap rpc data
[  928.471179] RPC:    58 encoding PMAP_GETPORT call (100021, 4, 6, 0)
[  928.471254] RPC:    58 xprt_transmit(132)
[  928.471346] RPC:       xs_tcp_send_request(132) = 132
[  928.471406] RPC:    58 xmit complete
[  928.471466] RPC:    58 sleep_on(queue "xprt_pending" time 4295595767)
[  928.471556] RPC:    58 added to queue ffff88003d740320 "xprt_pending"
[  928.471598] RPC:    58 setting alarm for 60000 ms
[  928.471641] RPC:       wake_up_next(ffff88003d740258 "xprt_resend")
[  928.471683] RPC:       wake_up_next(ffff88003d740190 "xprt_sending")
[  928.472273] RPC:       xs_tcp_data_ready...
[  928.472368] RPC:       xs_tcp_data_recv started
[  928.472412] RPC:       reading TCP record fragment of length 28
[  928.472454] RPC:       reading XID (4 bytes)
[  928.472496] RPC:       reading request with XID 3e218b83
[  928.472538] RPC:       reading CALL/REPLY flag (4 bytes)
[  928.472580] RPC:       read reply XID 3e218b83
[  928.472623] RPC:       XID 3e218b83 read 20 bytes
[  928.472665] RPC:       xprt = ffff88003d740000, tcp_copied = 28, tcp_offset = 28, tcp_reclen = 28
[  928.472711] RPC:    58 xid 3e218b83 complete (28 bytes received)
[  928.472754] RPC:    58 __rpc_wake_up_task (now 4295595768)
[  928.472795] RPC:    58 disabling timer
[  928.472838] RPC:    58 removed from queue ffff88003d740320 "xprt_pending"
[  928.472882] RPC:       __rpc_wake_up_task done
[  928.472924] RPC:       xs_tcp_data_recv done
[  928.473211] RPC:    58 __rpc_execute flags=0x681
[  928.473211] RPC:    58 call_status (status 28)
[  928.473211] RPC:    58 call_decode (status 28)
[  928.473211] RPC:    58 validating UNIX cred ffff88003d12c540
[  928.473211] RPC:    58 using AUTH_UNIX cred ffff88003d12c540 to unwrap rpc data
[  928.473211] RPC:    58 PMAP_GETPORT result: 0
[  928.473211] RPC:    58 call_decode result 0
[  928.473211] RPC:       setting port for xprt ffff880037d57800 to 0
[  928.473211] RPC:    58 rpcb_getport_done(status -13, port 0)
[  928.474084] RPC:    58 return 0, status 0
[  928.474167] RPC:    58 release task
[  928.474242] RPC:       freeing buffer of size 416 at ffff880037819800
[  928.474307] RPC:    58 release request ffff88003ce66000
[  928.474380] RPC:       wake_up_next(ffff88003d7403e8 "xprt_backlog")
[  928.474467] RPC:       rpc_release_client(ffff880037de8c00)
[  928.474510] RPC:       destroying rpcbind client for 10.30.3.27
[  928.474552] RPC:       destroying transport ffff88003d740000
[  928.474594] RPC:       xs_destroy xprt ffff88003d740000
[  928.474637] RPC:       xs_close xprt ffff88003d740000
[  928.474692] RPC:       disconnected transport ffff88003d740000
[  928.474736] RPC:    58 freeing task
[  928.474778] RPC:    57 __rpc_wake_up_task (now 4295595770)
[  928.475125] RPC:    57 disabling timer
[  928.475200] RPC:    57 removed from queue ffff880037d578c8 "xprt_binding"
[  928.475272] RPC:       __rpc_wake_up_task done
[  928.475294] RPC:    57 sync task resuming
[  928.475296] RPC:    57 remote rpcbind: RPC program/version unavailable
[  928.475298] RPC:    57 sleep_on(queue "delayq" time 4295595771)
[  928.475300] RPC:    57 added to queue ffffffffa028bb80 "delayq"
[  928.475302] RPC:    57 setting alarm for 3000 ms
[  928.475304] RPC:    57 sync task going to sleep
[  931.476536] RPC:    57 timeout
[  931.476594] RPC:    57 __rpc_wake_up_task (now 4295598771)
[  931.476641] RPC:    57 disabling timer
[  931.476646] RPC:    57 removed from queue ffffffffa028bb80 "delayq"
[  931.476646] RPC:       __rpc_wake_up_task done
[  931.477006] RPC:    57 sync task resuming
[  931.477104] RPC:    57 call_timeout (minor)
[  931.477179] RPC:    57 call_bind (status 0)
[  931.477242] RPC:    57 rpcb_getport_async(10.30.3.27, 100021, 4, 6)
[  931.477284] RPC:    57 sleep_on(queue "xprt_binding" time 4295598773)
[  931.477327] RPC:    57 added to queue ffff880037d578c8 "xprt_binding"
[  931.477370] RPC:    57 setting alarm for 60000 ms
[  931.477414] RPC:    57 rpcb_getport_async: trying rpcbind version 2
[  931.477464] RPC:       set up xprt to 10.30.3.27 (port 111) via tcp
[  931.477508] RPC:       created transport ffff88003d113000 with 16 slots
[  931.477550] RPC:       creating rpcbind client for 10.30.3.27 (xprt ffff88003d113000)
[  931.477600] RPC:       creating UNIX authenticator for client ffff88003aba0400
[  931.477648] RPC:       new task initialized, procpid 1539
[  931.477690] RPC:       allocated task ffff88003ce52e80
[  931.478127] RPC:       rpc_release_client(ffff88003aba0400)
[  931.478199] RPC:    57 sync task going to sleep
[  931.478272] RPC:    59 __rpc_execute flags=0x681
[  931.478342] RPC:    59 call_start rpcbind2 proc GETPORT (async)
[  931.478385] RPC:    59 call_reserve (status 0)
[  931.478428] RPC:    59 reserved req ffff88003ce64000 xid 74a8f126
[  931.478471] RPC:    59 call_reserveresult (status 0)
[  931.478513] RPC:    59 call_refresh (status 0)
[  931.478554] RPC:    59 looking up UNIX cred
[  931.478595] RPC:       looking up UNIX cred
[  931.478638] RPC:    59 refreshing UNIX cred ffff88003d12c540
[  931.478681] RPC:    59 call_refreshresult (status 0)
[  931.478723] RPC:    59 call_allocate (status 0)
[  931.479119] RPC:    59 allocated buffer of size 416 at ffff88003ccaa800
[  931.479188] RPC:    59 call_bind (status 0)
[  931.479261] RPC:    59 call_connect xprt ffff88003d113000 is not connected
[  931.479321] RPC:    59 xprt_connect xprt ffff88003d113000 is not connected
[  931.479364] RPC:    59 sleep_on(queue "xprt_pending" time 4295598775)
[  931.479407] RPC:    59 added to queue ffff88003d113320 "xprt_pending"
[  931.479449] RPC:    59 setting alarm for 60000 ms
[  931.479492] RPC:       xs_connect scheduled xprt ffff88003d113000
[  931.479556] RPC:       xs_bind 0.0.0.0:0: ok (0)
[  931.479599] RPC:       worker connecting xprt ffff88003d113000 via tcp to 10.30.3.27 (port 111)
[  931.479678] RPC:       ffff88003d113000 connect status 115 connected 0 sock state 2
[  931.480316] RPC:       xs_tcp_state_change client ffff88003d113000...
[  931.480367] RPC:       state 1 conn 0 dead 0 zapped 1 sk_shutdown 0
[  931.480411] RPC:    59 __rpc_wake_up_task (now 4295598776)
[  931.480453] RPC:    59 disabling timer
[  931.481282] RPC:    59 removed from queue ffff88003d113320 "xprt_pending"
[  931.481282] RPC:       __rpc_wake_up_task done
[  931.481282] RPC:    59 __rpc_execute flags=0x681
[  931.481282] RPC:    59 xprt_connect_status: retrying
[  931.481282] RPC:    59 call_connect_status (status -11)
[  931.481282] RPC:    59 call_transmit (status 0)
[  931.481282] RPC:    59 xprt_prepare_transmit
[  931.481282] RPC:    59 rpc_xdr_encode (status 0)
[  931.482052] RPC:    59 marshaling UNIX cred ffff88003d12c540
[  931.482124] RPC:    59 using AUTH_UNIX cred ffff88003d12c540 to wrap rpc data
[  931.482191] RPC:    59 encoding PMAP_GETPORT call (100021, 4, 6, 0)
[  931.482269] RPC:    59 xprt_transmit(132)
[  931.482328] RPC:       xs_tcp_send_request(132) = 132
[  931.482372] RPC:    59 xmit complete
[  931.482415] RPC:    59 sleep_on(queue "xprt_pending" time 4295598778)
[  931.482458] RPC:    59 added to queue ffff88003d113320 "xprt_pending"
[  931.482500] RPC:    59 setting alarm for 60000 ms
[  931.482543] RPC:       wake_up_next(ffff88003d113258 "xprt_resend")
[  931.482585] RPC:       wake_up_next(ffff88003d113190 "xprt_sending")
[  931.483494] RPC:       xs_tcp_data_ready...
[  931.483537] RPC:       xs_tcp_data_recv started
[  931.483632] RPC:       reading TCP record fragment of length 28
[  931.483676] RPC:       reading XID (4 bytes)
[  931.483718] RPC:       reading request with XID 74a8f126
[  931.483760] RPC:       reading CALL/REPLY flag (4 bytes)
[  931.483803] RPC:       read reply XID 74a8f126
[  931.483845] RPC:       XID 74a8f126 read 20 bytes
[  931.483888] RPC:       xprt = ffff88003d113000, tcp_copied = 28, tcp_offset = 28, tcp_reclen = 28
[  931.483934] RPC:    59 xid 74a8f126 complete (28 bytes received)
[  931.483976] RPC:    59 __rpc_wake_up_task (now 4295598779)
[  931.484018] RPC:    59 disabling timer
[  931.484060] RPC:    59 removed from queue ffff88003d113320 "xprt_pending"
[  931.484104] RPC:       __rpc_wake_up_task done
[  931.484148] RPC:       xs_tcp_data_recv done
[  931.484456] RPC:    59 __rpc_execute flags=0x681
[  931.484456] RPC:    59 call_status (status 28)
[  931.484456] RPC:    59 call_decode (status 28)
[  931.484456] RPC:    59 validating UNIX cred ffff88003d12c540
[  931.484456] RPC:    59 using AUTH_UNIX cred ffff88003d12c540 to unwrap rpc data
[  931.485054] RPC:    59 PMAP_GETPORT result: 0
[  931.485128] RPC:    59 call_decode result 0
[  931.485200] RPC:       setting port for xprt ffff880037d57800 to 0
[  931.485271] RPC:    59 rpcb_getport_done(status -13, port 0)
[  931.485345] RPC:    59 return 0, status 0
[  931.485386] RPC:    59 release task
[  931.485429] RPC:       freeing buffer of size 416 at ffff88003ccaa800
[  931.485473] RPC:    59 release request ffff88003ce64000
[  931.485515] RPC:       wake_up_next(ffff88003d1133e8 "xprt_backlog")
[  931.485558] RPC:       rpc_release_client(ffff88003aba0400)
[  931.485600] RPC:       destroying rpcbind client for 10.30.3.27
[  931.485643] RPC:       destroying transport ffff88003d113000
[  931.485686] RPC:       xs_destroy xprt ffff88003d113000
[  931.486071] RPC:       xs_close xprt ffff88003d113000
[  931.486169] RPC:       disconnected transport ffff88003d113000
[  931.486232] RPC:    59 freeing task
[  931.486305] RPC:    57 __rpc_wake_up_task (now 4295598782)
[  931.486347] RPC:    57 disabling timer
[  931.486389] RPC:    57 removed from queue ffff880037d578c8 "xprt_binding"
[  931.486437] RPC:       __rpc_wake_up_task done
[  931.486597] RPC:    57 sync task resuming
[  931.486599] RPC:    57 remote rpcbind: RPC program/version unavailable
[  931.486602] RPC:    57 sleep_on(queue "delayq" time 4295598782)
[  931.486604] RPC:    57 added to queue ffffffffa028bb80 "delayq"
[  931.486605] RPC:    57 setting alarm for 3000 ms
[  931.486607] RPC:    57 sync task going to sleep
[  934.487252] RPC:    57 timeout
[  934.487266] RPC:    57 __rpc_wake_up_task (now 4295601782)
[  934.487266] RPC:    57 disabling timer
[  934.487266] RPC:    57 removed from queue ffffffffa028bb80 "delayq"
[  934.487266] RPC:       __rpc_wake_up_task done
[  934.487266] RPC:    57 sync task resuming
[  934.487266] RPC:    57 call_timeout (minor)
[  934.487266] RPC:    57 call_bind (status 0)
[  934.487266] RPC:    57 rpcb_getport_async(10.30.3.27, 100021, 4, 6)
[  934.487266] RPC:    57 sleep_on(queue "xprt_binding" time 4295601783)
[  934.488106] RPC:    57 added to queue ffff880037d578c8 "xprt_binding"
[  934.488176] RPC:    57 setting alarm for 60000 ms
[  934.488257] RPC:    57 rpcb_getport_async: trying rpcbind version 2
[  934.488345] RPC:       set up xprt to 10.30.3.27 (port 111) via tcp
[  934.488430] RPC:       created transport ffff88003d256800 with 16 slots
[  934.488502] RPC:       creating rpcbind client for 10.30.3.27 (xprt ffff88003d256800)
[  934.488586] RPC:       creating UNIX authenticator for client ffff88003aba0e00
[  934.488674] RPC:       new task initialized, procpid 1539
[  934.488716] RPC:       allocated task ffff88003ce52d80
[  934.488761] RPC:       rpc_release_client(ffff88003aba0e00)
[  934.488804] RPC:    57 sync task going to sleep
[  934.488848] RPC:    60 __rpc_execute flags=0x681
[  934.488891] RPC:    60 call_start rpcbind2 proc GETPORT (async)
[  934.489152] RPC:    60 call_reserve (status 0)
[  934.489225] RPC:    60 reserved req ffff88003ce6a000 xid 753d6807
[  934.489301] RPC:    60 call_reserveresult (status 0)
[  934.489374] RPC:    60 call_refresh (status 0)
[  934.489465] RPC:    60 looking up UNIX cred
[  934.489506] RPC:       looking up UNIX cred
[  934.489549] RPC:    60 refreshing UNIX cred ffff88003d12c540
[  934.489591] RPC:    60 call_refreshresult (status 0)
[  934.489633] RPC:    60 call_allocate (status 0)
[  934.489677] RPC:    60 allocated buffer of size 416 at ffff88003ccaa800
[  934.489719] RPC:    60 call_bind (status 0)
[  934.489761] RPC:    60 call_connect xprt ffff88003d256800 is not connected
[  934.489803] RPC:    60 xprt_connect xprt ffff88003d256800 is not connected
[  934.490150] RPC:    60 sleep_on(queue "xprt_pending" time 4295601786)
[  934.490225] RPC:    60 added to queue ffff88003d256b20 "xprt_pending"
[  934.490295] RPC:    60 setting alarm for 60000 ms
[  934.490370] RPC:       xs_connect scheduled xprt ffff88003d256800
[  934.490472] RPC:       xs_bind 0.0.0.0:0: ok (0)
[  934.490554] RPC:       worker connecting xprt ffff88003d256800 via tcp to 10.30.3.27 (port 111)
[  934.490632] RPC:       ffff88003d256800 connect status 115 connected 0 sock state 2
[  934.491298] RPC:       xs_tcp_state_change client ffff88003d256800...
[  934.491388] RPC:       state 1 conn 0 dead 0 zapped 1 sk_shutdown 0
[  934.491431] RPC:    60 __rpc_wake_up_task (now 4295601787)
[  934.491473] RPC:    60 disabling timer
[  934.491516] RPC:    60 removed from queue ffff88003d256b20 "xprt_pending"
[  934.491561] RPC:       __rpc_wake_up_task done
[  934.491883] RPC:    60 __rpc_execute flags=0x681
[  934.491928] RPC:    60 xprt_connect_status: retrying
[  934.492065] RPC:    60 call_connect_status (status -11)
[  934.492139] RPC:    60 call_transmit (status 0)
[  934.492181] RPC:    60 xprt_prepare_transmit
[  934.492223] RPC:    60 rpc_xdr_encode (status 0)
[  934.492266] RPC:    60 marshaling UNIX cred ffff88003d12c540
[  934.492309] RPC:    60 using AUTH_UNIX cred ffff88003d12c540 to wrap rpc data
[  934.492352] RPC:    60 encoding PMAP_GETPORT call (100021, 4, 6, 0)
[  934.492395] RPC:    60 xprt_transmit(132)
[  934.492454] RPC:       xs_tcp_send_request(132) = 132
[  934.492497] RPC:    60 xmit complete
[  934.492539] RPC:    60 sleep_on(queue "xprt_pending" time 4295601788)
[  934.492581] RPC:    60 added to queue ffff88003d256b20 "xprt_pending"
[  934.492624] RPC:    60 setting alarm for 60000 ms
[  934.493091] RPC:       wake_up_next(ffff88003d256a58 "xprt_resend")
[  934.493167] RPC:       wake_up_next(ffff88003d256990 "xprt_sending")
[  934.493446] RPC:       xs_tcp_data_ready...
[  934.493500] RPC:       xs_tcp_data_recv started
[  934.493553] RPC:       reading TCP record fragment of length 28
[  934.493605] RPC:       reading XID (4 bytes)
[  934.493663] RPC:       reading request with XID 753d6807
[  934.493705] RPC:       reading CALL/REPLY flag (4 bytes)
[  934.493747] RPC:       read reply XID 753d6807
[  934.493790] RPC:       XID 753d6807 read 20 bytes
[  934.493832] RPC:       xprt = ffff88003d256800, tcp_copied = 28, tcp_offset = 28, tcp_reclen = 28
[  934.493879] RPC:    60 xid 753d6807 complete (28 bytes received)
[  934.493922] RPC:    60 __rpc_wake_up_task (now 4295601789)
[  934.494417] RPC:    60 disabling timer
[  934.494418] RPC:    60 removed from queue ffff88003d256b20 "xprt_pending"
[  934.494418] RPC:       __rpc_wake_up_task done
[  934.494418] RPC:       xs_tcp_data_recv done
[  934.494418] RPC:    60 __rpc_execute flags=0x681
[  934.494418] RPC:    60 call_status (status 28)
[  934.494418] RPC:    60 call_decode (status 28)
[  934.494418] RPC:    60 validating UNIX cred ffff88003d12c540
[  934.495044] RPC:    60 using AUTH_UNIX cred ffff88003d12c540 to unwrap rpc data
[  934.495118] RPC:    60 PMAP_GETPORT result: 0
[  934.495199] RPC:    60 call_decode result 0
[  934.495272] RPC:       setting port for xprt ffff880037d57800 to 0
[  934.495343] RPC:    60 rpcb_getport_done(status -13, port 0)
[  934.495417] RPC:    60 return 0, status 0
[  934.495487] RPC:    60 release task
[  934.495562] RPC:       freeing buffer of size 416 at ffff88003ccaa800
[  934.495637] RPC:    60 release request ffff88003ce6a000
[  934.495706] RPC:       wake_up_next(ffff88003d256be8 "xprt_backlog")
[  934.495780] RPC:       rpc_release_client(ffff88003aba0e00)
[  934.495871] RPC:       destroying rpcbind client for 10.30.3.27
[  934.495913] RPC:       destroying transport ffff88003d256800
[  934.495956] RPC:       xs_destroy xprt ffff88003d256800
[  934.496123] RPC:       xs_close xprt ffff88003d256800
[  934.496227] RPC:       disconnected transport ffff88003d256800
[  934.496308] RPC:    60 freeing task
[  934.496350] RPC:    57 __rpc_wake_up_task (now 4295601792)
[  934.496392] RPC:    57 disabling timer
[  934.496434] RPC:    57 removed from queue ffff880037d578c8 "xprt_binding"
[  934.496480] RPC:       __rpc_wake_up_task done
[  934.496635] RPC:    57 sync task resuming
[  934.496637] RPC:    57 remote rpcbind: RPC program/version unavailable
[  934.496639] RPC:    57 sleep_on(queue "delayq" time 4295601792)
[  934.496641] RPC:    57 added to queue ffffffffa028bb80 "delayq"
[  934.496643] RPC:    57 setting alarm for 3000 ms
[  934.496645] RPC:    57 sync task going to sleep
[  937.496355] RPC:    57 timeout
[  937.496402] RPC:    57 __rpc_wake_up_task (now 4295604792)
[  937.496444] RPC:    57 disabling timer
[  937.496486] RPC:    57 removed from queue ffffffffa028bb80 "delayq"
[  937.496532] RPC:       __rpc_wake_up_task done
[  937.496750] RPC:    57 sync task resuming
[  937.496793] RPC:    57 call_timeout (minor)
[  937.496835] RPC:    57 call_bind (status 0)
[  937.496880] RPC:    57 rpcb_getport_async(10.30.3.27, 100021, 4, 6)
[  937.497109] RPC:    57 sleep_on(queue "xprt_binding" time 4295604793)
[  937.497183] RPC:    57 added to queue ffff880037d578c8 "xprt_binding"
[  937.497256] RPC:    57 setting alarm for 60000 ms
[  937.497330] RPC:    57 rpcb_getport_async: trying rpcbind version 2
[  937.497414] RPC:       set up xprt to 10.30.3.27 (port 111) via tcp
[  937.497489] RPC:       created transport ffff880037e18000 with 16 slots
[  937.497556] RPC:       creating rpcbind client for 10.30.3.27 (xprt ffff880037e18000)
[  937.497642] RPC:       creating UNIX authenticator for client ffff88003b6e8800
[  937.497691] RPC:       new task initialized, procpid 1539
[  937.497732] RPC:       allocated task ffff88003ce52c80
[  937.497778] RPC:       rpc_release_client(ffff88003b6e8800)
[  937.497820] RPC:    57 sync task going to sleep
[  937.497866] RPC:    61 __rpc_execute flags=0x681
[  937.498142] RPC:    61 call_start rpcbind2 proc GETPORT (async)
[  937.498210] RPC:    61 call_reserve (status 0)
[  937.498288] RPC:    61 reserved req ffff88003ce6a000 xid 691d5042
[  937.498359] RPC:    61 call_reserveresult (status 0)
[  937.498430] RPC:    61 call_refresh (status 0)
[  937.498471] RPC:    61 looking up UNIX cred
[  937.498512] RPC:       looking up UNIX cred
[  937.498556] RPC:    61 refreshing UNIX cred ffff88003d12c540
[  937.498598] RPC:    61 call_refreshresult (status 0)
[  937.498640] RPC:    61 call_allocate (status 0)
[  937.498683] RPC:    61 allocated buffer of size 416 at ffff88003ccaa800
[  937.498725] RPC:    61 call_bind (status 0)
[  937.498769] RPC:    61 call_connect xprt ffff880037e18000 is not connected
[  937.499127] RPC:    61 xprt_connect xprt ffff880037e18000 is not connected
[  937.499200] RPC:    61 sleep_on(queue "xprt_pending" time 4295604795)
[  937.499268] RPC:    61 added to queue ffff880037e18320 "xprt_pending"
[  937.499345] RPC:    61 setting alarm for 60000 ms
[  937.499414] RPC:       xs_connect scheduled xprt ffff880037e18000
[  937.499506] RPC:       xs_bind 0.0.0.0:0: ok (0)
[  937.499551] RPC:       worker connecting xprt ffff880037e18000 via tcp to 10.30.3.27 (port 111)
[  937.499632] RPC:       ffff880037e18000 connect status 115 connected 0 sock state 2
[  937.500301] RPC:       xs_tcp_state_change client ffff880037e18000...
[  937.500389] RPC:       state 1 conn 0 dead 0 zapped 1 sk_shutdown 0
[  937.500439] RPC:    61 __rpc_wake_up_task (now 4295604796)
[  937.500481] RPC:    61 disabling timer
[  937.500523] RPC:    61 removed from queue ffff880037e18320 "xprt_pending"
[  937.500568] RPC:       __rpc_wake_up_task done
[  937.500902] RPC:    61 __rpc_execute flags=0x681
[  937.501044] RPC:    61 xprt_connect_status: retrying
[  937.501114] RPC:    61 call_connect_status (status -11)
[  937.501156] RPC:    61 call_transmit (status 0)
[  937.501197] RPC:    61 xprt_prepare_transmit
[  937.501239] RPC:    61 rpc_xdr_encode (status 0)
[  937.501281] RPC:    61 marshaling UNIX cred ffff88003d12c540
[  937.501324] RPC:    61 using AUTH_UNIX cred ffff88003d12c540 to wrap rpc data
[  937.501368] RPC:    61 encoding PMAP_GETPORT call (100021, 4, 6, 0)
[  937.501411] RPC:    61 xprt_transmit(132)
[  937.501469] RPC:       xs_tcp_send_request(132) = 132
[  937.501512] RPC:    61 xmit complete
[  937.501554] RPC:    61 sleep_on(queue "xprt_pending" time 4295604797)
[  937.501598] RPC:    61 added to queue ffff880037e18320 "xprt_pending"
[  937.502090] RPC:    61 setting alarm for 60000 ms
[  937.502164] RPC:       wake_up_next(ffff880037e18258 "xprt_resend")
[  937.502294] RPC:       wake_up_next(ffff880037e18190 "xprt_sending")
[  937.502409] RPC:       xs_tcp_data_ready...
[  937.502463] RPC:       xs_tcp_data_recv started
[  937.502521] RPC:       reading TCP record fragment of length 28
[  937.502573] RPC:       reading XID (4 bytes)
[  937.502619] RPC:       reading request with XID 691d5042
[  937.502663] RPC:       reading CALL/REPLY flag (4 bytes)
[  937.503122] RPC:       read reply XID 691d5042
[  937.503166] RPC:       XID 691d5042 read 20 bytes
[  937.503208] RPC:       xprt = ffff880037e18000, tcp_copied = 28, tcp_offset = 28, tcp_reclen = 28
[  937.503254] RPC:    61 xid 691d5042 complete (28 bytes received)
[  937.503297] RPC:    61 __rpc_wake_up_task (now 4295604799)
[  937.503339] RPC:    61 disabling timer
[  937.503381] RPC:    61 removed from queue ffff880037e18320 "xprt_pending"
[  937.503424] RPC:       __rpc_wake_up_task done
[  937.503466] RPC:       xs_tcp_data_recv done
[  937.503519] RPC:    61 __rpc_execute flags=0x681
[  937.503562] RPC:    61 call_status (status 28)
[  937.503604] RPC:    61 call_decode (status 28)
[  937.504082] RPC:    61 validating UNIX cred ffff88003d12c540
[  937.504157] RPC:    61 using AUTH_UNIX cred ffff88003d12c540 to unwrap rpc data
[  937.504233] RPC:    61 PMAP_GETPORT result: 0
[  937.504308] RPC:    61 call_decode result 0
[  937.504380] RPC:       setting port for xprt ffff880037d57800 to 0
[  937.504456] RPC:    61 rpcb_getport_done(status -13, port 0)
[  937.504531] RPC:    61 return 0, status 0
[  937.504599] RPC:    61 release task
[  937.504676] RPC:       freeing buffer of size 416 at ffff88003ccaa800
[  937.504750] RPC:    61 release request ffff88003ce6a000
[  937.504824] RPC:       wake_up_next(ffff880037e183e8 "xprt_backlog")
[  937.504890] RPC:       rpc_release_client(ffff88003b6e8800)
[  937.504933] RPC:       destroying rpcbind client for 10.30.3.27
[  937.505100] RPC:       destroying transport ffff880037e18000
[  937.505174] RPC:       xs_destroy xprt ffff880037e18000
[  937.505241] RPC:       xs_close xprt ffff880037e18000
[  937.505299] RPC:       disconnected transport ffff880037e18000
[  937.505344] RPC:    61 freeing task
[  937.505387] RPC:    57 __rpc_wake_up_task (now 4295604801)
[  937.505428] RPC:    57 disabling timer
[  937.505470] RPC:    57 removed from queue ffff880037d578c8 "xprt_binding"
[  937.505516] RPC:       __rpc_wake_up_task done
[  937.505760] RPC:    57 sync task resuming
[  937.505762] RPC:    57 remote rpcbind: RPC program/version unavailable
[  937.505764] RPC:    57 sleep_on(queue "delayq" time 4295604801)
[  937.505766] RPC:    57 added to queue ffffffffa028bb80 "delayq"
[  937.505768] RPC:    57 setting alarm for 3000 ms
[  937.505770] RPC:    57 sync task going to sleep
[  940.505714] RPC:    57 timeout
[  940.505761] RPC:    57 __rpc_wake_up_task (now 4295607801)
[  940.505803] RPC:    57 disabling timer
[  940.505845] RPC:    57 removed from queue ffffffffa028bb80 "delayq"
[  940.505891] RPC:       __rpc_wake_up_task done
[  940.506009] RPC:    57 sync task resuming
[  940.506009] RPC:    57 call_timeout (minor)
[  940.506009] RPC:    57 call_bind (status 0)
[  940.506009] RPC:    57 rpcb_getport_async(10.30.3.27, 100021, 4, 6)
[  940.506009] RPC:    57 sleep_on(queue "xprt_binding" time 4295607802)
[  940.506009] RPC:    57 added to queue ffff880037d578c8 "xprt_binding"
[  940.506009] RPC:    57 setting alarm for 60000 ms
[  940.506009] RPC:    57 rpcb_getport_async: trying rpcbind version 2
[  940.506009] RPC:       set up xprt to 10.30.3.27 (port 111) via tcp
[  940.506009] RPC:       created transport ffff88003ccec000 with 16 slots
[  940.506009] RPC:       creating rpcbind client for 10.30.3.27 (xprt ffff88003ccec000)
[  940.506009] RPC:       creating UNIX authenticator for client ffff88003d45ce00
[  940.507078] RPC:       new task initialized, procpid 1539
[  940.507145] RPC:       allocated task ffff88003ce52b80
[  940.507229] RPC:       rpc_release_client(ffff88003d45ce00)
[  940.507303] RPC:    57 sync task going to sleep
[  940.507385] RPC:    62 __rpc_execute flags=0x681
[  940.507458] RPC:    62 call_start rpcbind2 proc GETPORT (async)
[  940.507544] RPC:    62 call_reserve (status 0)
[  940.507602] RPC:    62 reserved req ffff88003ce6a000 xid 3a2e872a
[  940.507693] RPC:    62 call_reserveresult (status 0)
[  940.507763] RPC:    62 call_refresh (status 0)
[  940.507834] RPC:    62 looking up UNIX cred
[  940.507917] RPC:       looking up UNIX cred
[  940.507962] RPC:    62 refreshing UNIX cred ffff88003d12c540
[  940.508095] RPC:    62 call_refreshresult (status 0)
[  940.508169] RPC:    62 call_allocate (status 0)
[  940.508236] RPC:    62 allocated buffer of size 416 at ffff88003ccaa800
[  940.508278] RPC:    62 call_bind (status 0)
[  940.508320] RPC:    62 call_connect xprt ffff88003ccec000 is not connected
[  940.508363] RPC:    62 xprt_connect xprt ffff88003ccec000 is not connected
[  940.508407] RPC:    62 sleep_on(queue "xprt_pending" time 4295607804)
[  940.508449] RPC:    62 added to queue ffff88003ccec320 "xprt_pending"
[  940.508492] RPC:    62 setting alarm for 60000 ms
[  940.508534] RPC:       xs_connect scheduled xprt ffff88003ccec000
[  940.508600] RPC:       xs_bind 0.0.0.0:0: ok (0)
[  940.508642] RPC:       worker connecting xprt ffff88003ccec000 via tcp to 10.30.3.27 (port 111)
[  940.509154] RPC:       ffff88003ccec000 connect status 115 connected 0 sock state 2
[  940.509424] RPC:       xs_tcp_state_change client ffff88003ccec000...
[  940.509480] RPC:       state 1 conn 0 dead 0 zapped 1 sk_shutdown 0
[  940.510390] RPC:    62 __rpc_wake_up_task (now 4295607805)
[  940.510390] RPC:    62 disabling timer
[  940.510390] RPC:    62 removed from queue ffff88003ccec320 "xprt_pending"
[  940.510390] RPC:       __rpc_wake_up_task done
[  940.510390] RPC:    62 __rpc_execute flags=0x681
[  940.510390] RPC:    62 xprt_connect_status: retrying
[  940.511063] RPC:    62 call_connect_status (status -11)
[  940.511138] RPC:    62 call_transmit (status 0)
[  940.511210] RPC:    62 xprt_prepare_transmit
[  940.511277] RPC:    62 rpc_xdr_encode (status 0)
[  940.511354] RPC:    62 marshaling UNIX cred ffff88003d12c540
[  940.511421] RPC:    62 using AUTH_UNIX cred ffff88003d12c540 to wrap rpc data
[  940.511497] RPC:    62 encoding PMAP_GETPORT call (100021, 4, 6, 0)
[  940.511540] RPC:    62 xprt_transmit(132)
[  940.511599] RPC:       xs_tcp_send_request(132) = 132
[  940.511643] RPC:    62 xmit complete
[  940.511684] RPC:    62 sleep_on(queue "xprt_pending" time 4295607807)
[  940.511727] RPC:    62 added to queue ffff88003ccec320 "xprt_pending"
[  940.511769] RPC:    62 setting alarm for 60000 ms
[  940.512083] RPC:       wake_up_next(ffff88003ccec258 "xprt_resend")
[  940.512153] RPC:       wake_up_next(ffff88003ccec190 "xprt_sending")
[  940.512408] RPC:       xs_tcp_data_ready...
[  940.512462] RPC:       xs_tcp_data_recv started
[  940.512516] RPC:       reading TCP record fragment of length 28
[  940.512568] RPC:       reading XID (4 bytes)
[  940.512618] RPC:       reading request with XID 3a2e872a
[  940.512660] RPC:       reading CALL/REPLY flag (4 bytes)
[  940.512701] RPC:       read reply XID 3a2e872a
[  940.512744] RPC:       XID 3a2e872a read 20 bytes
[  940.512786] RPC:       xprt = ffff88003ccec000, tcp_copied = 28, tcp_offset = 28, tcp_reclen = 28
[  940.512833] RPC:    62 xid 3a2e872a complete (28 bytes received)
[  940.512875] RPC:    62 __rpc_wake_up_task (now 4295607808)
[  940.513379] RPC:    62 disabling timer
[  940.513379] RPC:    62 removed from queue ffff88003ccec320 "xprt_pending"
[  940.513379] RPC:       __rpc_wake_up_task done
[  940.513379] RPC:       xs_tcp_data_recv done
[  940.513379] RPC:    62 __rpc_execute flags=0x681
[  940.513379] RPC:    62 call_status (status 28)
[  940.513379] RPC:    62 call_decode (status 28)
[  940.513379] RPC:    62 validating UNIX cred ffff88003d12c540
[  940.514088] RPC:    62 using AUTH_UNIX cred ffff88003d12c540 to unwrap rpc data
[  940.514174] RPC:    62 PMAP_GETPORT result: 0
[  940.514315] RPC:    62 call_decode result 0
[  940.514361] RPC:       setting port for xprt ffff880037d57800 to 0
[  940.514446] RPC:    62 rpcb_getport_done(status -13, port 0)
[  940.514488] RPC:    62 return 0, status 0
[  940.514529] RPC:    62 release task
[  940.514572] RPC:       freeing buffer of size 416 at ffff88003ccaa800
[  940.514616] RPC:    62 release request ffff88003ce6a000
[  940.514658] RPC:       wake_up_next(ffff88003ccec3e8 "xprt_backlog")
[  940.514701] RPC:       rpc_release_client(ffff88003d45ce00)
[  940.514743] RPC:       destroying rpcbind client for 10.30.3.27
[  940.515098] RPC:       destroying transport ffff88003ccec000
[  940.515173] RPC:       xs_destroy xprt ffff88003ccec000
[  940.515243] RPC:       xs_close xprt ffff88003ccec000
[  940.515383] RPC:       disconnected transport ffff88003ccec000
[  940.515443] RPC:    62 freeing task
[  940.515505] RPC:    57 __rpc_wake_up_task (now 4295607811)
[  940.515506] RPC:    57 disabling timer
[  940.515508] RPC:    57 removed from queue ffff880037d578c8 "xprt_binding"
[  940.515512] RPC:       __rpc_wake_up_task done
[  940.515521] RPC:    57 sync task resuming
[  940.515522] RPC:    57 remote rpcbind: RPC program/version unavailable
[  940.515524] RPC:    57 sleep_on(queue "delayq" time 4295607811)
[  940.515526] RPC:    57 added to queue ffffffffa028bb80 "delayq"
[  940.515528] RPC:    57 setting alarm for 3000 ms
[  940.515530] RPC:    57 sync task going to sleep
[  943.515150] RPC:    57 timeout
[  943.515215] RPC:    57 __rpc_wake_up_task (now 4295610811)
[  943.515257] RPC:    57 disabling timer
[  943.515299] RPC:    57 removed from queue ffffffffa028bb80 "delayq"
[  943.515346] RPC:       __rpc_wake_up_task done
[  943.515574] RPC:    57 sync task resuming
[  943.515616] RPC:    57 call_timeout (minor)
[  943.515659] RPC:    57 call_bind (status 0)
[  943.515702] RPC:    57 rpcb_getport_async(10.30.3.27, 100021, 4, 6)
[  943.515745] RPC:    57 sleep_on(queue "xprt_binding" time 4295610811)
[  943.515788] RPC:    57 added to queue ffff880037d578c8 "xprt_binding"
[  943.516057] RPC:    57 setting alarm for 60000 ms
[  943.516139] RPC:    57 rpcb_getport_async: trying rpcbind version 2
[  943.516202] RPC:       set up xprt to 10.30.3.27 (port 111) via tcp
[  943.516307] RPC:       created transport ffff88003ccec000 with 16 slots
[  943.516376] RPC:       creating rpcbind client for 10.30.3.27 (xprt ffff88003ccec000)
[  943.516424] RPC:       creating UNIX authenticator for client ffff88003d45ce00
[  943.516473] RPC:       new task initialized, procpid 1539
[  943.516515] RPC:       allocated task ffff88003ce52480
[  943.516560] RPC:       rpc_release_client(ffff88003d45ce00)
[  943.516602] RPC:    57 sync task going to sleep
[  943.516841] RPC:    63 __rpc_execute flags=0x681
[  943.516884] RPC:    63 call_start rpcbind2 proc GETPORT (async)
[  943.516926] RPC:    63 call_reserve (status 0)
[  943.517116] RPC:    63 reserved req ffff88003ce6a000 xid 1e6ec9af
[  943.517194] RPC:    63 call_reserveresult (status 0)
[  943.517267] RPC:    63 call_refresh (status 0)
[  943.517338] RPC:    63 looking up UNIX cred
[  943.517407] RPC:       looking up UNIX cred
[  943.517485] RPC:    63 refreshing UNIX cred ffff88003d12c540
[  943.517557] RPC:    63 call_refreshresult (status 0)
[  943.517632] RPC:    63 call_allocate (status 0)
[  943.517675] RPC:    63 allocated buffer of size 416 at ffff88003ccaa800
[  943.517717] RPC:    63 call_bind (status 0)
[  943.517759] RPC:    63 call_connect xprt ffff88003ccec000 is not connected
[  943.517801] RPC:    63 xprt_connect xprt ffff88003ccec000 is not connected
[  943.517844] RPC:    63 sleep_on(queue "xprt_pending" time 4295610813)
[  943.518115] RPC:    63 added to queue ffff88003ccec320 "xprt_pending"
[  943.518196] RPC:    63 setting alarm for 60000 ms
[  943.518273] RPC:       xs_connect scheduled xprt ffff88003ccec000
[  943.518371] RPC:       xs_bind 0.0.0.0:0: ok (0)
[  943.518447] RPC:       worker connecting xprt ffff88003ccec000 via tcp to 10.30.3.27 (port 111)
[  943.518524] RPC:       ffff88003ccec000 connect status 115 connected 0 sock state 2
[  943.519323] RPC:       xs_tcp_state_change client ffff88003ccec000...
[  943.519378] RPC:       state 1 conn 0 dead 0 zapped 1 sk_shutdown 0
[  943.519432] RPC:    63 __rpc_wake_up_task (now 4295610815)
[  943.519482] RPC:    63 disabling timer
[  943.519524] RPC:    63 removed from queue ffff88003ccec320 "xprt_pending"
[  943.519567] RPC:       __rpc_wake_up_task done
[  943.520106] RPC:    63 __rpc_execute flags=0x681
[  943.520148] RPC:    63 xprt_connect_status: retrying
[  943.520192] RPC:    63 call_connect_status (status -11)
[  943.520234] RPC:    63 call_transmit (status 0)
[  943.520275] RPC:    63 xprt_prepare_transmit
[  943.520290] RPC:    63 rpc_xdr_encode (status 0)
[  943.520290] RPC:    63 marshaling UNIX cred ffff88003d12c540
[  943.520290] RPC:    63 using AUTH_UNIX cred ffff88003d12c540 to wrap rpc data
[  943.520290] RPC:    63 encoding PMAP_GETPORT call (100021, 4, 6, 0)
[  943.520290] RPC:    63 xprt_transmit(132)
[  943.520290] RPC:       xs_tcp_send_request(132) = 132
[  943.520290] RPC:    63 xmit complete
[  943.520290] RPC:    63 sleep_on(queue "xprt_pending" time 4295610816)
[  943.521097] RPC:    63 added to queue ffff88003ccec320 "xprt_pending"
[  943.521175] RPC:    63 setting alarm for 60000 ms
[  943.521250] RPC:       wake_up_next(ffff88003ccec258 "xprt_resend")
[  943.521323] RPC:       wake_up_next(ffff88003ccec190 "xprt_sending")
[  943.521635] RPC:       xs_tcp_data_ready...
[  943.521689] RPC:       xs_tcp_data_recv started
[  943.521742] RPC:       reading TCP record fragment of length 28
[  943.521793] RPC:       reading XID (4 bytes)
[  943.521835] RPC:       reading request with XID 1e6ec9af
[  943.521878] RPC:       reading CALL/REPLY flag (4 bytes)
[  943.521920] RPC:       read reply XID 1e6ec9af
[  943.521962] RPC:       XID 1e6ec9af read 20 bytes
[  943.522005] RPC:       xprt = ffff88003ccec000, tcp_copied = 28, tcp_offset = 28, tcp_reclen = 28
[  943.522051] RPC:    63 xid 1e6ec9af complete (28 bytes received)
[  943.522093] RPC:    63 __rpc_wake_up_task (now 4295610817)
[  943.522606] RPC:    63 disabling timer
[  943.522606] RPC:    63 removed from queue ffff88003ccec320 "xprt_pending"
[  943.522606] RPC:       __rpc_wake_up_task done
[  943.522606] RPC:       xs_tcp_data_recv done
[  943.522606] RPC:    63 __rpc_execute flags=0x681
[  943.523080] RPC:    63 call_status (status 28)
[  943.523170] RPC:    63 call_decode (status 28)
[  943.523242] RPC:    63 validating UNIX cred ffff88003d12c540
[  943.523313] RPC:    63 using AUTH_UNIX cred ffff88003d12c540 to unwrap rpc data
[  943.523381] RPC:    63 PMAP_GETPORT result: 0
[  943.523422] RPC:    63 call_decode result 0
[  943.523464] RPC:       setting port for xprt ffff880037d57800 to 0
[  943.523509] RPC:    63 rpcb_getport_done(status -13, port 0)
[  943.523551] RPC:    63 return 0, status 0
[  943.523593] RPC:    63 release task
[  943.523635] RPC:       freeing buffer of size 416 at ffff88003ccaa800
[  943.523678] RPC:    63 release request ffff88003ce6a000
[  943.523720] RPC:       wake_up_next(ffff88003ccec3e8 "xprt_backlog")
[  943.524096] RPC:       rpc_release_client(ffff88003d45ce00)
[  943.524175] RPC:       destroying rpcbind client for 10.30.3.27
[  943.524246] RPC:       destroying transport ffff88003ccec000
[  943.524319] RPC:       xs_destroy xprt ffff88003ccec000
[  943.524393] RPC:       xs_close xprt ffff88003ccec000
[  943.524491] RPC:       disconnected transport ffff88003ccec000
[  943.524550] RPC:    63 freeing task
[  943.524649] RPC:    57 __rpc_wake_up_task (now 4295610820)
[  943.524691] RPC:    57 disabling timer
[  943.524733] RPC:    57 removed from queue ffff880037d578c8 "xprt_binding"
[  943.524779] RPC:       __rpc_wake_up_task done
[  943.524898] RPC:    57 sync task resuming
[  943.524900] RPC:    57 remote rpcbind: RPC program/version unavailable
[  943.524903] RPC:    57 sleep_on(queue "delayq" time 4295610820)
[  943.524905] RPC:    57 added to queue ffffffffa028bb80 "delayq"
[  943.524907] RPC:    57 setting alarm for 3000 ms
[  943.524909] RPC:    57 sync task going to sleep
[  946.525135] RPC:    57 timeout
[  946.525192] RPC:    57 __rpc_wake_up_task (now 4295613821)
[  946.525249] RPC:    57 disabling timer
[  946.525291] RPC:    57 removed from queue ffffffffa028bb80 "delayq"
[  946.525338] RPC:       __rpc_wake_up_task done
[  946.525567] RPC:    57 sync task resuming
[  946.525610] RPC:    57 call_timeout (minor)
[  946.525653] RPC:    57 call_bind (status 0)
[  946.525696] RPC:    57 rpcb_getport_async(10.30.3.27, 100021, 4, 6)
[  946.525738] RPC:    57 sleep_on(queue "xprt_binding" time 4295613821)
[  946.525781] RPC:    57 added to queue ffff880037d578c8 "xprt_binding"
[  946.525823] RPC:    57 setting alarm for 60000 ms
[  946.526143] RPC:    57 rpcb_getport_async: trying rpcbind version 2
[  946.526225] RPC:       set up xprt to 10.30.3.27 (port 111) via tcp
[  946.526295] RPC:       created transport ffff88003cceb800 with 16 slots
[  946.526375] RPC:       creating rpcbind client for 10.30.3.27 (xprt ffff88003cceb800)
[  946.526454] RPC:       creating UNIX authenticator for client ffff880037aaa000
[  946.526522] RPC:       new task initialized, procpid 1539
[  946.526626] RPC:       allocated task ffff88003ce52080
[  946.526696] RPC:       rpc_release_client(ffff880037aaa000)
[  946.526776] RPC:    57 sync task going to sleep
[  946.526821] RPC:    64 __rpc_execute flags=0x681
[  946.526863] RPC:    64 call_start rpcbind2 proc GETPORT (async)
[  946.526906] RPC:    64 call_reserve (status 0)
[  946.526948] RPC:    64 reserved req ffff88003ce6a000 xid 78e802f7
[  946.527185] RPC:    64 call_reserveresult (status 0)
[  946.527258] RPC:    64 call_refresh (status 0)
[  946.527329] RPC:    64 looking up UNIX cred
[  946.527402] RPC:       looking up UNIX cred
[  946.527450] RPC:    64 refreshing UNIX cred ffff88003d12c540
[  946.527492] RPC:    64 call_refreshresult (status 0)
[  946.527536] RPC:    64 call_allocate (status 0)
[  946.527579] RPC:    64 allocated buffer of size 416 at ffff88003ccaa800
[  946.527622] RPC:    64 call_bind (status 0)
[  946.527663] RPC:    64 call_connect xprt ffff88003cceb800 is not connected
[  946.527706] RPC:    64 xprt_connect xprt ffff88003cceb800 is not connected
[  946.527748] RPC:    64 sleep_on(queue "xprt_pending" time 4295613823)
[  946.527791] RPC:    64 added to queue ffff88003ccebb20 "xprt_pending"
[  946.528182] RPC:    64 setting alarm for 60000 ms
[  946.528257] RPC:       xs_connect scheduled xprt ffff88003cceb800
[  946.528350] RPC:       xs_bind 0.0.0.0:0: ok (0)
[  946.528426] RPC:       worker connecting xprt ffff88003cceb800 via tcp to 10.30.3.27 (port 111)
[  946.528569] RPC:       ffff88003cceb800 connect status 115 connected 0 sock state 2
[  946.529557] RPC:       xs_tcp_state_change client ffff88003cceb800...
[  946.529646] RPC:       state 1 conn 0 dead 0 zapped 1 sk_shutdown 0
[  946.529700] RPC:    64 __rpc_wake_up_task (now 4295613825)
[  946.529751] RPC:    64 disabling timer
[  946.529793] RPC:    64 removed from queue ffff88003ccebb20 "xprt_pending"
[  946.529838] RPC:       __rpc_wake_up_task done
[  946.530086] RPC:    64 __rpc_execute flags=0x681
[  946.530086] RPC:    64 xprt_connect_status: retrying
[  946.530086] RPC:    64 call_connect_status (status -11)
[  946.530086] RPC:    64 call_transmit (status 0)
[  946.530086] RPC:    64 xprt_prepare_transmit
[  946.530086] RPC:    64 rpc_xdr_encode (status 0)
[  946.530086] RPC:    64 marshaling UNIX cred ffff88003d12c540
[  946.530086] RPC:    64 using AUTH_UNIX cred ffff88003d12c540 to wrap rpc data
[  946.530086] RPC:    64 encoding PMAP_GETPORT call (100021, 4, 6, 0)
[  946.530086] RPC:    64 xprt_transmit(132)
[  946.530086] RPC:       xs_tcp_send_request(132) = 132
[  946.530086] RPC:    64 xmit complete
[  946.531102] RPC:    64 sleep_on(queue "xprt_pending" time 4295613827)
[  946.531187] RPC:    64 added to queue ffff88003ccebb20 "xprt_pending"
[  946.531257] RPC:    64 setting alarm for 60000 ms
[  946.531331] RPC:       wake_up_next(ffff88003cceba58 "xprt_resend")
[  946.531410] RPC:       wake_up_next(ffff88003cceb990 "xprt_sending")
