[    0.000000] Initializing cgroup subsys cpuset
[    0.000000] Initializing cgroup subsys cpu
[    0.000000] Initializing cgroup subsys cpuacct
[    0.000000] Linux version 3.10.0-1062.1.1.el7.x86_64 (mockbuild@x86-040.build.eng.bos.redhat.com) (gcc version 4.8.5 20150623 (Red Hat 4.8.5-39) (GCC) ) #1 SMP Tue Aug 13 18:39:59 UTC 2019
[    0.000000] Command line: BOOT_IMAGE=/boot/vmlinuz-3.10.0-1062.1.1.el7.x86_64 root=UUID=b8294dfd-117c-4c80-97ca-a9bdea54fc12 ro crashkernel=232M rhgb quiet LANG=en_US.UTF-8 log_buf_len=4194304 cgroup_disable=memory slub_debug=FZPU
[    0.000000] e820: BIOS-provided physical RAM map:
[    0.000000] BIOS-e820: [mem 0x0000000000000000-0x000000000009fbff] usable
[    0.000000] BIOS-e820: [mem 0x000000000009fc00-0x000000000009ffff] reserved
[    0.000000] BIOS-e820: [mem 0x00000000000f0000-0x00000000000fffff] reserved
[    0.000000] BIOS-e820: [mem 0x0000000000100000-0x00000000707d2fff] usable
[    0.000000] BIOS-e820: [mem 0x00000000707d3000-0x00000000707fffff] reserved
[    0.000000] BIOS-e820: [mem 0x00000000feffc000-0x00000000feffffff] reserved
[    0.000000] BIOS-e820: [mem 0x00000000fffc0000-0x00000000ffffffff] reserved
[    0.000000] NX (Execute Disable) protection: active
[    0.000000] SMBIOS 2.8 present.
[    0.000000] DMI: QEMU Standard PC (i440FX + PIIX, 1996), BIOS 1.9.1-1.fc24 04/01/2014
[    0.000000] Hypervisor detected: KVM
[    0.000000] e820: update [mem 0x00000000-0x00000fff] usable ==> reserved
[    0.000000] e820: remove [mem 0x000a0000-0x000fffff] usable
[    0.000000] e820: last_pfn = 0x707d3 max_arch_pfn = 0x400000000
[    0.000000] MTRR default type: write-back
[    0.000000] MTRR fixed ranges enabled:
[    0.000000]   00000-9FFFF write-back
[    0.000000]   A0000-BFFFF uncachable
[    0.000000]   C0000-FFFFF write-protect
[    0.000000] MTRR variable ranges enabled:
[    0.000000]   0 base 0080000000 mask FF80000000 uncachable
[    0.000000]   1 disabled
[    0.000000]   2 disabled
[    0.000000]   3 disabled
[    0.000000]   4 disabled
[    0.000000]   5 disabled
[    0.000000]   6 disabled
[    0.000000]   7 disabled
[    0.000000] PAT configuration [0-7]: WB  WC  UC- UC  WB  WP  UC- UC  
[    0.000000] found SMP MP-table at [mem 0x000f6af0-0x000f6aff] mapped at [ffffffffff200af0]
[    0.000000] Base memory trampoline at [ffff8edb00099000] 99000 size 24576
[    0.000000] BRK [0x29e70000, 0x29e70fff] PGTABLE
[    0.000000] BRK [0x29e71000, 0x29e71fff] PGTABLE
[    0.000000] BRK [0x29e72000, 0x29e72fff] PGTABLE
[    0.000000] BRK [0x29e73000, 0x29e73fff] PGTABLE
[    0.000000] BRK [0x29e74000, 0x29e74fff] PGTABLE
[    0.000000] BRK [0x29e75000, 0x29e75fff] PGTABLE
[    0.000000] log_buf_len: 4194304
[    0.000000] early log buf free: 1045860(99%)
[    0.000000] RAMDISK: [mem 0x35ce3000-0x36e69fff]
[    0.000000] Early table checksum verification disabled
[    0.000000] ACPI: RSDP 00000000000f6850 00014 (v00 BOCHS )
[    0.000000] ACPI: RSDT 00000000707e1392 0002C (v01 BOCHS  BXPCRSDT 00000001 BXPC 00000001)
[    0.000000] ACPI: FACP 00000000707e128e 00074 (v01 BOCHS  BXPCFACP 00000001 BXPC 00000001)
[    0.000000] ACPI: DSDT 00000000707e0040 0124E (v01 BOCHS  BXPCDSDT 00000001 BXPC 00000001)
[    0.000000] ACPI: FACS 00000000707e0000 00040
[    0.000000] ACPI: APIC 00000000707e1302 00090 (v01 BOCHS  BXPCAPIC 00000001 BXPC 00000001)
[    0.000000] ACPI: Local APIC address 0xfee00000
[    0.000000] No NUMA configuration found
[    0.000000] Faking a node at [mem 0x0000000000000000-0x00000000707d2fff]
[    0.000000] NODE_DATA(0) allocated [mem 0x703ac000-0x703d2fff]
[    0.000000] Reserving 232MB of memory at 416MB for crashkernel (System RAM: 1799MB)
[    0.000000] kvm-clock: cpu 0, msr 0:7035b001, primary cpu clock
[    0.000000] kvm-clock: Using msrs 4b564d01 and 4b564d00
[    0.000000] kvm-clock: using sched offset of 25512844513892923 cycles
[    0.000000] Section 13 and 14 (node 0) have a circular dependency on usemap and pgdat allocations
[    0.000000] Zone ranges:
[    0.000000]   DMA      [mem 0x00001000-0x00ffffff]
[    0.000000]   DMA32    [mem 0x01000000-0xffffffff]
[    0.000000]   Normal   empty
[    0.000000] Movable zone start for each node
[    0.000000] Early memory node ranges
[    0.000000]   node   0: [mem 0x00001000-0x0009efff]
[    0.000000]   node   0: [mem 0x00100000-0x707d2fff]
[    0.000000] Initmem setup node 0 [mem 0x00001000-0x707d2fff]
[    0.000000] On node 0 totalpages: 460657
[    0.000000]   DMA zone: 64 pages used for memmap
[    0.000000]   DMA zone: 21 pages reserved
[    0.000000]   DMA zone: 3998 pages, LIFO batch:0
[    0.000000]   DMA32 zone: 7136 pages used for memmap
[    0.000000]   DMA32 zone: 456659 pages, LIFO batch:31
[    0.000000] ACPI: PM-Timer IO Port: 0x608
[    0.000000] ACPI: Local APIC address 0xfee00000
[    0.000000] ACPI: LAPIC (acpi_id[0x00] lapic_id[0x00] enabled)
[    0.000000] ACPI: LAPIC (acpi_id[0x01] lapic_id[0x01] enabled)
[    0.000000] ACPI: LAPIC (acpi_id[0x02] lapic_id[0x02] enabled)
[    0.000000] ACPI: LAPIC (acpi_id[0x03] lapic_id[0x03] enabled)
[    0.000000] ACPI: LAPIC_NMI (acpi_id[0xff] dfl dfl lint[0x1])
[    0.000000] ACPI: IOAPIC (id[0x00] address[0xfec00000] gsi_base[0])
[    0.000000] IOAPIC[0]: apic_id 0, version 17, address 0xfec00000, GSI 0-23
[    0.000000] ACPI: INT_SRC_OVR (bus 0 bus_irq 0 global_irq 2 dfl dfl)
[    0.000000] ACPI: INT_SRC_OVR (bus 0 bus_irq 5 global_irq 5 high level)
[    0.000000] ACPI: INT_SRC_OVR (bus 0 bus_irq 9 global_irq 9 high level)
[    0.000000] ACPI: INT_SRC_OVR (bus 0 bus_irq 10 global_irq 10 high level)
[    0.000000] ACPI: INT_SRC_OVR (bus 0 bus_irq 11 global_irq 11 high level)
[    0.000000] ACPI: IRQ0 used by override.
[    0.000000] ACPI: IRQ5 used by override.
[    0.000000] ACPI: IRQ9 used by override.
[    0.000000] ACPI: IRQ10 used by override.
[    0.000000] ACPI: IRQ11 used by override.
[    0.000000] Using ACPI (MADT) for SMP configuration information
[    0.000000] smpboot: Allowing 4 CPUs, 0 hotplug CPUs
[    0.000000] PM: Registered nosave memory: [mem 0x0009f000-0x0009ffff]
[    0.000000] PM: Registered nosave memory: [mem 0x000a0000-0x000effff]
[    0.000000] PM: Registered nosave memory: [mem 0x000f0000-0x000fffff]
[    0.000000] e820: [mem 0x70800000-0xfeffbfff] available for PCI devices
[    0.000000] Booting paravirtualized kernel on KVM
[    0.000000] setup_percpu: NR_CPUS:5120 nr_cpumask_bits:4 nr_cpu_ids:4 nr_node_ids:1
[    0.000000] PERCPU: Embedded 38 pages/cpu @ffff8edb70000000 s118784 r8192 d28672 u524288
[    0.000000] pcpu-alloc: s118784 r8192 d28672 u524288 alloc=1*2097152
[    0.000000] pcpu-alloc: [0] 0 1 2 3 
[    0.000000] KVM setup async PF for cpu 0
[    0.000000] kvm-stealtime: cpu 0, msr 7001c040
[    0.000000] Built 1 zonelists in Node order, mobility grouping on.  Total pages: 453436
[    0.000000] Policy zone: DMA32
[    0.000000] Kernel command line: BOOT_IMAGE=/boot/vmlinuz-3.10.0-1062.1.1.el7.x86_64 root=UUID=b8294dfd-117c-4c80-97ca-a9bdea54fc12 ro crashkernel=232M rhgb quiet LANG=en_US.UTF-8 log_buf_len=4194304 cgroup_disable=memory slub_debug=FZPU
[    0.000000] Disabling memory control group subsystem
[    0.000000] PID hash table entries: 4096 (order: 3, 32768 bytes)
[    0.000000] x86/fpu: xstate_offset[2]: 0240, xstate_sizes[2]: 0100
[    0.000000] xsave: enabled xstate_bv 0x7, cntxt size 0x340 using standard form
[    0.000000] Memory: 1531936k/1843020k available (7760k kernel code, 392k absent, 310692k reserved, 5967k data, 1984k init)
[    0.000000] SLUB: HWalign=64, Order=0-3, MinObjects=0, CPUs=4, Nodes=1
[    0.000000] x86/pti: Unmapping kernel while in userspace
[    0.000000] Hierarchical RCU implementation.
[    0.000000] 	RCU restricting CPUs from NR_CPUS=5120 to nr_cpu_ids=4.
[    0.000000] NR_IRQS:327936 nr_irqs:456 0
[    0.000000] Console: colour VGA+ 80x25
[    0.000000] console [tty0] enabled
[    0.000000] tsc: Detected 1995.192 MHz processor
[    0.062567] Calibrating delay loop (skipped) preset value.. 3990.38 BogoMIPS (lpj=1995192)
[    0.062570] pid_max: default: 32768 minimum: 301
[    0.062714] Security Framework initialized
[    0.062721] SELinux:  Initializing.
[    0.062794] SELinux:  Starting in permissive mode
[    0.062796] Yama: becoming mindful.
[    0.063215] Dentry cache hash table entries: 262144 (order: 9, 2097152 bytes)
[    0.063710] Inode-cache hash table entries: 131072 (order: 8, 1048576 bytes)
[    0.063924] Mount-cache hash table entries: 4096 (order: 3, 32768 bytes)
[    0.063937] Mountpoint-cache hash table entries: 4096 (order: 3, 32768 bytes)
[    0.064664] Initializing cgroup subsys memory
[    0.064678] Initializing cgroup subsys devices
[    0.064682] Initializing cgroup subsys freezer
[    0.064686] Initializing cgroup subsys net_cls
[    0.064690] Initializing cgroup subsys blkio
[    0.064691] Initializing cgroup subsys perf_event
[    0.064695] Initializing cgroup subsys hugetlb
[    0.064699] Initializing cgroup subsys pids
[    0.064703] Initializing cgroup subsys net_prio
[    0.064919] Last level iTLB entries: 4KB 0, 2MB 0, 4MB 0
[    0.064920] Last level dTLB entries: 4KB 0, 2MB 0, 4MB 0
[    0.064921] tlb_flushall_shift: 6
[    0.064924] FEATURE SPEC_CTRL Not Present
[    0.064925] FEATURE IBPB_SUPPORT Not Present
[    0.064926] Spectre V1 : Mitigation: Load fences, usercopy/swapgs barriers and __user pointer sanitization
[    0.065219] Spectre V2 : Vulnerable: Retpoline without IBPB
[    0.065221] Speculative Store Bypass: Vulnerable
[    0.065269] MDS: Vulnerable: Clear CPU buffers attempted, no microcode
[    0.065848] Freeing SMP alternatives: 28k freed
[    0.074458] ACPI: Core revision 20130517
[    0.094137] ACPI: All ACPI Tables successfully acquired
[    0.094166] ftrace: allocating 29538 entries in 116 pages
[    0.144509] Enabling x2apic
[    0.144517] Enabled x2apic
[    0.144751] Switched APIC routing to physical x2apic.
[    0.146183] ..TIMER: vector=0x30 apic1=0 pin1=2 apic2=-1 pin2=-1
[    0.146186] smpboot: CPU0: Intel Xeon E312xx (Sandy Bridge) (fam: 06, model: 2a, stepping: 01)
[    0.146202] TSC deadline timer enabled
[    0.146380] Performance Events: unsupported p6 CPU model 42 no PMU driver, software events only.
[    0.149746] kvm-clock: cpu 1, msr 0:7035b041, secondary cpu clock
[    0.170208] KVM setup async PF for cpu 1
[    0.170218] kvm-stealtime: cpu 1, msr 7009c040
[    0.170660] kvm-clock: cpu 2, msr 0:7035b081, secondary cpu clock
[    0.190999] KVM setup async PF for cpu 2
[    0.191006] kvm-stealtime: cpu 2, msr 7011c040
[    0.149526] smpboot: Booting Node   0, Processors  #1 #2 #3 OK
[    0.191485] kvm-clock: cpu 3, msr 0:7035b0c1, secondary cpu clock
[    0.211806] Brought up 4 CPUs
[    0.211809] smpboot: Max logical packages: 4
[    0.211811] smpboot: Total of 4 processors activated (15961.53 BogoMIPS)
[    0.211813] KVM setup async PF for cpu 3
[    0.211820] kvm-stealtime: cpu 3, msr 7019c040
[    0.213510] devtmpfs: initialized
[    0.214611] x86/mm: Memory block size: 128MB
[    0.221434] EVM: security.selinux
[    0.221436] EVM: security.ima
[    0.221437] EVM: security.capability
[    0.230341] atomic64 test passed for x86-64 platform with CX8 and with SSE
[    0.230349] pinctrl core: initialized pinctrl subsystem
[    0.230578] RTC time: 22:52:23, date: 04/14/20
[    0.231095] NET: Registered protocol family 16
[    0.233031] ACPI: bus type PCI registered
[    0.233035] acpiphp: ACPI Hot Plug PCI Controller Driver version: 0.5
[    0.233736] PCI: Using configuration type 1 for base access
[    0.256552] ACPI: Added _OSI(Module Device)
[    0.256554] ACPI: Added _OSI(Processor Device)
[    0.256556] ACPI: Added _OSI(3.0 _SCP Extensions)
[    0.256557] ACPI: Added _OSI(Processor Aggregator Device)
[    0.256565] ACPI: Added _OSI(Linux-Dell-Video)
[    0.257453] ACPI: EC: Look up EC in DSDT
[    0.268089] ACPI: Interpreter enabled
[    0.268153] ACPI: (supports S0 S5)
[    0.268155] ACPI: Using IOAPIC for interrupt routing
[    0.268345] PCI: Using host bridge windows from ACPI; if necessary, use "pci=nocrs" and report a bug
[    0.268581] ACPI: Enabled 2 GPEs in block 00 to 0F
[    0.320696] ACPI: PCI Root Bridge [PCI0] (domain 0000 [bus 00-ff])
[    0.320714] acpi PNP0A03:00: _OSC: OS supports [ASPM ClockPM Segments MSI]
[    0.320770] acpi PNP0A03:00: _OSC failed (AE_NOT_FOUND); disabling ASPM
[    0.320872] acpi PNP0A03:00: fail to add MMCONFIG information, can't access extended PCI configuration space under this bridge.
[    0.325096] acpiphp: Slot [3] registered
[    0.325294] acpiphp: Slot [4] registered
[    0.325470] acpiphp: Slot [5] registered
[    0.325715] acpiphp: Slot [7] registered
[    0.325937] acpiphp: Slot [8] registered
[    0.326150] acpiphp: Slot [9] registered
[    0.326345] acpiphp: Slot [10] registered
[    0.326520] acpiphp: Slot [11] registered
[    0.326696] acpiphp: Slot [12] registered
[    0.326890] acpiphp: Slot [13] registered
[    0.327068] acpiphp: Slot [14] registered
[    0.327256] acpiphp: Slot [15] registered
[    0.327433] acpiphp: Slot [16] registered
[    0.327602] acpiphp: Slot [17] registered
[    0.327769] acpiphp: Slot [18] registered
[    0.327964] acpiphp: Slot [19] registered
[    0.328145] acpiphp: Slot [20] registered
[    0.328331] acpiphp: Slot [21] registered
[    0.328532] acpiphp: Slot [22] registered
[    0.328704] acpiphp: Slot [23] registered
[    0.328882] acpiphp: Slot [24] registered
[    0.329076] acpiphp: Slot [25] registered
[    0.329266] acpiphp: Slot [26] registered
[    0.329448] acpiphp: Slot [27] registered
[    0.329620] acpiphp: Slot [28] registered
[    0.329797] acpiphp: Slot [29] registered
[    0.329997] acpiphp: Slot [30] registered
[    0.330169] acpiphp: Slot [31] registered
[    0.330278] PCI host bridge to bus 0000:00
[    0.330286] pci_bus 0000:00: root bus resource [io  0x0000-0x0cf7 window]
[    0.330291] pci_bus 0000:00: root bus resource [io  0x0d00-0xffff window]
[    0.330296] pci_bus 0000:00: root bus resource [mem 0x000a0000-0x000bffff window]
[    0.330301] pci_bus 0000:00: root bus resource [mem 0x70800000-0xfebfffff window]
[    0.330307] pci_bus 0000:00: root bus resource [bus 00-ff]
[    0.330371] pci 0000:00:00.0: [8086:1237] type 00 class 0x060000
[    0.331961] pci 0000:00:01.0: [8086:7000] type 00 class 0x060100
[    0.333709] pci 0000:00:01.1: [8086:7010] type 00 class 0x010180
[    0.338210] pci 0000:00:01.1: reg 0x20: [io  0xc200-0xc20f]
[    0.339992] pci 0000:00:01.1: legacy IDE quirk: reg 0x10: [io  0x01f0-0x01f7]
[    0.339995] pci 0000:00:01.1: legacy IDE quirk: reg 0x14: [io  0x03f6]
[    0.339997] pci 0000:00:01.1: legacy IDE quirk: reg 0x18: [io  0x0170-0x0177]
[    0.339999] pci 0000:00:01.1: legacy IDE quirk: reg 0x1c: [io  0x0376]
[    0.341252] pci 0000:00:01.3: [8086:7113] type 00 class 0x068000
[    0.341786] pci 0000:00:01.3: quirk: [io  0x0600-0x063f] claimed by PIIX4 ACPI
[    0.341799] pci 0000:00:01.3: quirk: [io  0x0700-0x070f] claimed by PIIX4 SMB
[    0.343171] pci 0000:00:02.0: [1b36:0100] type 00 class 0x030000
[    0.347823] pci 0000:00:02.0: reg 0x10: [mem 0xf4000000-0xf7ffffff]
[    0.351273] pci 0000:00:02.0: reg 0x14: [mem 0xf8000000-0xfbffffff]
[    0.355288] pci 0000:00:02.0: reg 0x18: [mem 0xfc094000-0xfc095fff]
[    0.360101] pci 0000:00:02.0: reg 0x1c: [io  0xc100-0xc11f]
[    0.369664] pci 0000:00:02.0: reg 0x30: [mem 0xfc080000-0xfc08ffff pref]
[    0.371987] pci 0000:00:03.0: [1af4:1000] type 00 class 0x020000
[    0.373180] pci 0000:00:03.0: reg 0x10: [io  0xc120-0xc13f]
[    0.374270] pci 0000:00:03.0: reg 0x14: [mem 0xfc096000-0xfc096fff]
[    0.379933] pci 0000:00:03.0: reg 0x30: [mem 0xfc000000-0xfc03ffff pref]
[    0.381508] pci 0000:00:04.0: [8086:2668] type 00 class 0x040300
[    0.382194] pci 0000:00:04.0: reg 0x10: [mem 0xfc090000-0xfc093fff]
[    0.387356] pci 0000:00:05.0: [1af4:1003] type 00 class 0x078000
[    0.388693] pci 0000:00:05.0: reg 0x10: [io  0xc140-0xc15f]
[    0.390027] pci 0000:00:05.0: reg 0x14: [mem 0xfc097000-0xfc097fff]
[    0.399430] pci 0000:00:06.0: [8086:2934] type 00 class 0x0c0300
[    0.402604] pci 0000:00:06.0: reg 0x20: [io  0xc160-0xc17f]
[    0.406175] pci 0000:00:06.1: [8086:2935] type 00 class 0x0c0300
[    0.409233] pci 0000:00:06.1: reg 0x20: [io  0xc180-0xc19f]
[    0.411698] pci 0000:00:06.2: [8086:2936] type 00 class 0x0c0300
[    0.415302] pci 0000:00:06.2: reg 0x20: [io  0xc1a0-0xc1bf]
[    0.417840] pci 0000:00:06.7: [8086:293a] type 00 class 0x0c0320
[    0.418481] pci 0000:00:06.7: reg 0x10: [mem 0xfc098000-0xfc098fff]
[    0.423328] pci 0000:00:07.0: [1af4:1001] type 00 class 0x010000
[    0.424613] pci 0000:00:07.0: reg 0x10: [io  0xc000-0xc03f]
[    0.426599] pci 0000:00:07.0: reg 0x14: [mem 0xfc099000-0xfc099fff]
[    0.433706] pci 0000:00:08.0: [1af4:1001] type 00 class 0x010000
[    0.435022] pci 0000:00:08.0: reg 0x10: [io  0xc040-0xc07f]
[    0.437642] pci 0000:00:08.0: reg 0x14: [mem 0xfc09a000-0xfc09afff]
[    0.444809] pci 0000:00:09.0: [1af4:1001] type 00 class 0x010000
[    0.445987] pci 0000:00:09.0: reg 0x10: [io  0xc080-0xc0bf]
[    0.447159] pci 0000:00:09.0: reg 0x14: [mem 0xfc09b000-0xfc09bfff]
[    0.455313] pci 0000:00:0a.0: [1af4:1001] type 00 class 0x010000
[    0.456511] pci 0000:00:0a.0: reg 0x10: [io  0xc0c0-0xc0ff]
[    0.457639] pci 0000:00:0a.0: reg 0x14: [mem 0xfc09c000-0xfc09cfff]
[    0.465726] pci 0000:00:0b.0: [1af4:1002] type 00 class 0x00ff00
[    0.466379] pci 0000:00:0b.0: reg 0x10: [io  0xc1c0-0xc1df]
[    0.472489] pci 0000:00:0c.0: [1af4:1000] type 00 class 0x020000
[    0.473632] pci 0000:00:0c.0: reg 0x10: [io  0xc1e0-0xc1ff]
[    0.474720] pci 0000:00:0c.0: reg 0x14: [mem 0xfc09d000-0xfc09dfff]
[    0.480303] pci 0000:00:0c.0: reg 0x30: [mem 0xfc040000-0xfc07ffff pref]
[    0.487466] ACPI: PCI Interrupt Link [LNKA] (IRQs 5 *10 11)
[    0.488508] ACPI: PCI Interrupt Link [LNKB] (IRQs 5 *10 11)
[    0.489536] ACPI: PCI Interrupt Link [LNKC] (IRQs 5 10 *11)
[    0.490565] ACPI: PCI Interrupt Link [LNKD] (IRQs 5 10 *11)
[    0.490998] ACPI: PCI Interrupt Link [LNKS] (IRQs *9)
[    0.497812] vgaarb: device added: PCI:0000:00:02.0,decodes=io+mem,owns=io+mem,locks=none
[    0.497818] vgaarb: loaded
[    0.497819] vgaarb: bridge control possible 0000:00:02.0
[    0.498768] SCSI subsystem initialized
[    0.499121] ACPI: bus type USB registered
[    0.499394] usbcore: registered new interface driver usbfs
[    0.499534] usbcore: registered new interface driver hub
[    0.499646] usbcore: registered new device driver usb
[    0.500342] EDAC MC: Ver: 3.0.0
[    0.501714] PCI: Using ACPI for IRQ routing
[    0.501717] PCI: pci_cache_line_size set to 64 bytes
[    0.502094] e820: reserve RAM buffer [mem 0x0009fc00-0x0009ffff]
[    0.502103] e820: reserve RAM buffer [mem 0x707d3000-0x73ffffff]
[    0.503502] NetLabel: Initializing
[    0.503505] NetLabel:  domain hash size = 128
[    0.503506] NetLabel:  protocols = UNLABELED CIPSOv4
[    0.503622] NetLabel:  unlabeled traffic allowed by default
[    0.503898] amd_nb: Cannot enumerate AMD northbridges
[    0.503945] Switched to clocksource kvm-clock
[    0.571116] pnp: PnP ACPI init
[    0.571276] ACPI: bus type PNP registered
[    0.571728] pnp 00:00: Plug and Play ACPI device, IDs PNP0b00 (active)
[    0.572174] pnp 00:01: Plug and Play ACPI device, IDs PNP0303 (active)
[    0.572575] pnp 00:02: Plug and Play ACPI device, IDs PNP0f13 (active)
[    0.572685] pnp 00:03: [dma 2]
[    0.572961] pnp 00:03: Plug and Play ACPI device, IDs PNP0700 (active)
[    0.573853] pnp 00:04: Plug and Play ACPI device, IDs PNP0501 (active)
[    0.576328] pnp: PnP ACPI: found 5 devices
[    0.576330] ACPI: bus type PNP unregistered
[    0.610633] pci_bus 0000:00: resource 4 [io  0x0000-0x0cf7 window]
[    0.610637] pci_bus 0000:00: resource 5 [io  0x0d00-0xffff window]
[    0.610639] pci_bus 0000:00: resource 6 [mem 0x000a0000-0x000bffff window]
[    0.610642] pci_bus 0000:00: resource 7 [mem 0x70800000-0xfebfffff window]
[    0.610757] NET: Registered protocol family 2
[    0.611555] TCP established hash table entries: 16384 (order: 5, 131072 bytes)
[    0.611612] TCP bind hash table entries: 16384 (order: 6, 262144 bytes)
[    0.611648] TCP: Hash tables configured (established 16384 bind 16384)
[    0.611706] TCP: reno registered
[    0.611724] UDP hash table entries: 1024 (order: 3, 32768 bytes)
[    0.611742] UDP-Lite hash table entries: 1024 (order: 3, 32768 bytes)
[    0.612074] NET: Registered protocol family 1
[    0.612129] pci 0000:00:00.0: Limiting direct PCI/PCI transfers
[    0.612154] pci 0000:00:01.0: PIIX3: Enabling Passive Release
[    0.612180] pci 0000:00:01.0: Activating ISA DMA hang workarounds
[    0.612231] pci 0000:00:02.0: Boot video device
[    1.488014] ACPI: PCI Interrupt Link [LNKB] enabled at IRQ 10
[    3.333134] ACPI: PCI Interrupt Link [LNKC] enabled at IRQ 11
[    4.979185] ACPI: PCI Interrupt Link [LNKD] enabled at IRQ 11
[    6.891340] ACPI: PCI Interrupt Link [LNKA] enabled at IRQ 10
[    7.715753] PCI: CLS 0 bytes, default 64
[    7.716011] Unpacking initramfs...
[    8.082620] Freeing initrd memory: 17948k freed
[    8.094637] sha1_ssse3: Using AVX optimized SHA-1 implementation
[    8.094832] sha256_ssse3: Using AVX optimized SHA-256 implementation
[    8.097910] futex hash table entries: 1024 (order: 4, 65536 bytes)
[    8.097971] Initialise system trusted keyring
[    8.098065] audit: initializing netlink socket (disabled)
[    8.098131] type=2000 audit(1586904751.400:1): initialized
[    8.127117] HugeTLB registered 2 MB page size, pre-allocated 0 pages
[    8.170523] zpool: loaded
[    8.170531] zbud: loaded
[    8.174565] VFS: Disk quotas dquot_6.5.2
[    8.174969] Dquot-cache hash table entries: 512 (order 0, 4096 bytes)
[    8.176562] msgmni has been set to 3027
[    8.177129] Key type big_key registered
[    8.177137] SELinux:  Registering netfilter hooks
[    8.180351] NET: Registered protocol family 38
[    8.180386] Key type asymmetric registered
[    8.180397] Asymmetric key parser 'x509' registered
[    8.180929] Block layer SCSI generic (bsg) driver version 0.4 loaded (major 248)
[    8.181094] io scheduler noop registered
[    8.181105] io scheduler deadline registered (default)
[    8.181864] io scheduler cfq registered
[    8.181875] io scheduler mq-deadline registered
[    8.181886] io scheduler kyber registered
[    8.184978] pci_hotplug: PCI Hot Plug PCI Core version: 0.5
[    8.185049] pciehp: PCI Express Hot Plug Controller Driver version: 0.4
[    8.185203] shpchp: Standard Hot Plug PCI Controller Driver version: 0.4
[    8.185988] intel_idle: does not run on family 6 model 42
[    8.186609] input: Power Button as /devices/LNXSYSTM:00/LNXPWRBN:00/input/input0
[    8.186619] ACPI: Power Button [PWRF]
[    8.188593] GHES: HEST is not enabled!
[    8.189081] Serial: 8250/16550 driver, 4 ports, IRQ sharing enabled
[    8.214622] 00:04: ttyS0 at I/O 0x3f8 (irq = 4) is a 16550A
[    8.218850] Non-volatile memory driver v1.3
[    8.219201] Linux agpgart interface v0.103
[    8.220254] crash memory driver: version 1.1
[    8.220833] rdac: device handler registered
[    8.221022] hp_sw: device handler registered
[    8.221030] emc: device handler registered
[    8.221169] alua: device handler registered
[    8.221614] libphy: Fixed MDIO Bus: probed
[    8.222037] ehci_hcd: USB 2.0 'Enhanced' Host Controller (EHCI) Driver
[    8.222064] ehci-pci: EHCI PCI platform driver
[    9.047062] ehci-pci 0000:00:06.7: EHCI Host Controller
[    9.047504] ehci-pci 0000:00:06.7: new USB bus registered, assigned bus number 1
[    9.047781] ehci-pci 0000:00:06.7: irq 10, io mem 0xfc098000
[    9.052984] ehci-pci 0000:00:06.7: USB 2.0 started, EHCI 1.00
[    9.053307] usb usb1: New USB device found, idVendor=1d6b, idProduct=0002, bcdDevice= 3.10
[    9.053310] usb usb1: New USB device strings: Mfr=3, Product=2, SerialNumber=1
[    9.053312] usb usb1: Product: EHCI Host Controller
[    9.053314] usb usb1: Manufacturer: Linux 3.10.0-1062.1.1.el7.x86_64 ehci_hcd
[    9.053316] usb usb1: SerialNumber: 0000:00:06.7
[    9.054543] hub 1-0:1.0: USB hub found
[    9.054588] hub 1-0:1.0: 6 ports detected
[    9.056562] ohci_hcd: USB 1.1 'Open' Host Controller (OHCI) Driver
[    9.056582] ohci-pci: OHCI PCI platform driver
[    9.056673] uhci_hcd: USB Universal Host Controller Interface driver
[    9.090010] tsc: Refined TSC clocksource calibration: 1995.168 MHz
[    9.367958] usb 1-1: new high-speed USB device number 2 using ehci-pci
[    9.497060] usb 1-1: New USB device found, idVendor=0627, idProduct=0001, bcdDevice= 0.00
[    9.497063] usb 1-1: New USB device strings: Mfr=1, Product=3, SerialNumber=5
[    9.497065] usb 1-1: Product: QEMU USB Tablet
[    9.497068] usb 1-1: Manufacturer: QEMU
[    9.497069] usb 1-1: SerialNumber: 42
[    9.884079] uhci_hcd 0000:00:06.0: UHCI Host Controller
[    9.884487] uhci_hcd 0000:00:06.0: new USB bus registered, assigned bus number 2
[    9.884525] uhci_hcd 0000:00:06.0: detected 2 ports
[    9.884604] uhci_hcd 0000:00:06.0: irq 10, io base 0x0000c160
[    9.884919] usb usb2: New USB device found, idVendor=1d6b, idProduct=0001, bcdDevice= 3.10
[    9.884922] usb usb2: New USB device strings: Mfr=3, Product=2, SerialNumber=1
[    9.884924] usb usb2: Product: UHCI Host Controller
[    9.884927] usb usb2: Manufacturer: Linux 3.10.0-1062.1.1.el7.x86_64 uhci_hcd
[    9.884929] usb usb2: SerialNumber: 0000:00:06.0
[    9.886111] hub 2-0:1.0: USB hub found
[    9.886151] hub 2-0:1.0: 2 ports detected
[   10.713716] uhci_hcd 0000:00:06.1: UHCI Host Controller
[   10.714161] uhci_hcd 0000:00:06.1: new USB bus registered, assigned bus number 3
[   10.714209] uhci_hcd 0000:00:06.1: detected 2 ports
[   10.714337] uhci_hcd 0000:00:06.1: irq 11, io base 0x0000c180
[   10.714643] usb usb3: New USB device found, idVendor=1d6b, idProduct=0001, bcdDevice= 3.10
[   10.714646] usb usb3: New USB device strings: Mfr=3, Product=2, SerialNumber=1
[   10.714648] usb usb3: Product: UHCI Host Controller
[   10.714650] usb usb3: Manufacturer: Linux 3.10.0-1062.1.1.el7.x86_64 uhci_hcd
[   10.714652] usb usb3: SerialNumber: 0000:00:06.1
[   10.715867] hub 3-0:1.0: USB hub found
[   10.715903] hub 3-0:1.0: 2 ports detected
[   11.541889] uhci_hcd 0000:00:06.2: UHCI Host Controller
[   11.542326] uhci_hcd 0000:00:06.2: new USB bus registered, assigned bus number 4
[   11.542364] uhci_hcd 0000:00:06.2: detected 2 ports
[   11.542456] uhci_hcd 0000:00:06.2: irq 11, io base 0x0000c1a0
[   11.542810] usb usb4: New USB device found, idVendor=1d6b, idProduct=0001, bcdDevice= 3.10
[   11.542813] usb usb4: New USB device strings: Mfr=3, Product=2, SerialNumber=1
[   11.542815] usb usb4: Product: UHCI Host Controller
[   11.542818] usb usb4: Manufacturer: Linux 3.10.0-1062.1.1.el7.x86_64 uhci_hcd
[   11.542820] usb usb4: SerialNumber: 0000:00:06.2
[   11.544058] hub 4-0:1.0: USB hub found
[   11.544099] hub 4-0:1.0: 2 ports detected
[   11.545620] usbcore: registered new interface driver usbserial_generic
[   11.545722] usbserial: USB Serial support registered for generic
[   11.546149] i8042: PNP: PS/2 Controller [PNP0303:KBD,PNP0f13:MOU] at 0x60,0x64 irq 1,12
[   11.547405] serio: i8042 KBD port at 0x60,0x64 irq 1
[   11.547421] serio: i8042 AUX port at 0x60,0x64 irq 12
[   11.548533] mousedev: PS/2 mouse device common for all mice
[   11.549934] input: AT Translated Set 2 keyboard as /devices/platform/i8042/serio0/input/input1
[   11.552304] rtc_cmos 00:00: RTC can wake from S4
[   11.553419] rtc_cmos 00:00: rtc core: registered rtc_cmos as rtc0
[   11.553586] rtc_cmos 00:00: alarms up to one day, y3k, 114 bytes nvram
[   11.554005] cpuidle: using governor menu
[   11.556845] hidraw: raw HID events driver (C) Jiri Kosina
[   11.560051] input: QEMU QEMU USB Tablet as /devices/pci0000:00/0000:00:06.7/usb1/1-1/1-1:1.0/input/input2
[   11.561080] hid-generic 0003:0627:0001.0001: input,hidraw0: USB HID v0.01 Mouse [QEMU QEMU USB Tablet] on usb-0000:00:06.7-1/input0
[   11.561206] usbcore: registered new interface driver usbhid
[   11.561207] usbhid: USB HID core driver
[   11.561689] drop_monitor: Initializing network drop monitor service
[   11.561885] TCP: cubic registered
[   11.561902] Initializing XFRM netlink socket
[   11.564133] NET: Registered protocol family 10
[   11.566272] NET: Registered protocol family 17
[   11.566296] mpls_gso: MPLS GSO support
[   11.568364] mce: Using 10 MCE banks
[   11.569526] PM: Hibernation image not present or could not be loaded.
[   11.569535] Loading compiled-in X.509 certificates
[   11.570282] Loaded X.509 cert 'Red Hat Enterprise Linux Driver Update Program (key 3): bf57f3e87362bc7229d9f465321773dfd1f77a80'
[   11.571018] Loaded X.509 cert 'Red Hat Enterprise Linux kpatch signing key: 4d38fd864ebe18c5f0b72e3852e2014c3a676fc8'
[   11.571726] Loaded X.509 cert 'Red Hat Enterprise Linux kernel signing key: d85bafd6c103c738d3bd7587af4d51a2962a023a'
[   11.571810] registered taskstats version 1
[   11.582920] Key type trusted registered
[   11.591911] Key type encrypted registered
[   11.592008] IMA: No TPM chip found, activating TPM-bypass! (rc=-19)
[   11.593958]   Magic number: 0:713:906
[   11.594202] rtc_cmos 00:00: setting system clock to 2020-04-14 22:52:34 UTC (1586904754)
[   11.595796] Freeing unused kernel memory: 1984k freed
[   11.596364] Write protecting the kernel read-only data: 12288k
[   11.597833] Freeing unused kernel memory: 420k freed
[   11.599552] Freeing unused kernel memory: 556k freed
[   11.606812] random: systemd: uninitialized urandom read (16 bytes read)
[   11.607904] random: systemd: uninitialized urandom read (16 bytes read)
[   11.611595] systemd[1]: systemd 219 running in system mode. (+PAM +AUDIT +SELINUX +IMA -APPARMOR +SMACK +SYSVINIT +UTMP +LIBCRYPTSETUP +GCRYPT +GNUTLS +ACL +XZ -LZ4 -SECCOMP +BLKID +ELFUTILS +KMOD +IDN)
[   11.611668] systemd[1]: Detected virtualization kvm.
[   11.611680] systemd[1]: Detected architecture x86-64.
[   11.611688] systemd[1]: Running in initial RAM disk.
[   11.611788] systemd[1]: Set hostname to <vm6.sorenson.redhat.com>.
[   11.677431] random: systemd: uninitialized urandom read (16 bytes read)
[   11.677470] random: systemd: uninitialized urandom read (16 bytes read)
[   11.677519] random: systemd: uninitialized urandom read (16 bytes read)
[   11.677592] random: systemd: uninitialized urandom read (16 bytes read)
[   11.678807] random: systemd: uninitialized urandom read (16 bytes read)
[   11.679092] random: systemd: uninitialized urandom read (16 bytes read)
[   11.679434] random: systemd: uninitialized urandom read (16 bytes read)
[   11.680343] random: systemd: uninitialized urandom read (16 bytes read)
[   11.686627] systemd[1]: Reached target Local File Systems.
[   11.686649] systemd[1]: Starting Local File Systems.
[   11.687254] systemd[1]: Created slice Root Slice.
[   11.687272] systemd[1]: Starting Root Slice.
[   11.687436] systemd[1]: Listening on udev Control Socket.
[   11.687453] systemd[1]: Starting udev Control Socket.
[   11.687549] systemd[1]: Listening on udev Kernel Socket.
[   11.687564] systemd[1]: Starting udev Kernel Socket.
[   11.687859] systemd[1]: Created slice System Slice.
[   11.687877] systemd[1]: Starting System Slice.
[   11.687908] systemd[1]: Reached target Slices.
[   11.687922] systemd[1]: Starting Slices.
[   11.688201] systemd[1]: Listening on Journal Socket.
[   11.688218] systemd[1]: Starting Journal Socket.
[   11.689892] systemd[1]: Starting Setup Virtual Console...
[   11.691805] systemd[1]: Starting Create list of required static device nodes for the current kernel...
[   11.692031] systemd[1]: Reached target Sockets.
[   11.692048] systemd[1]: Starting Sockets.
[   11.692079] systemd[1]: Reached target Swap.
[   11.692094] systemd[1]: Starting Swap.
[   11.692130] systemd[1]: Reached target Timers.
[   11.692144] systemd[1]: Starting Timers.
[   11.694406] systemd[1]: Starting Journal Service...
[   11.697551] systemd[1]: Starting dracut cmdline hook...
[   11.700708] systemd[1]: Starting Apply Kernel Variables...
[   11.703065] systemd[1]: Started Create list of required static device nodes for the current kernel.
[   11.713158] systemd[1]: Started Apply Kernel Variables.
[   11.716514] systemd[1]: Starting Create Static Device Nodes in /dev...
[   11.731900] systemd[1]: Started Create Static Device Nodes in /dev.
[   11.736318] systemd[1]: Started Journal Service.
[   12.050348] FDC 0 is a S82078B
[   12.084891] libata version 3.00 loaded.
[   12.400643] input: ImExPS/2 Generic Explorer Mouse as /devices/platform/i8042/serio1/input/input3
[   12.978351] virtio-pci 0000:00:03.0: virtio_pci: leaving for legacy driver
[   13.834274] virtio-pci 0000:00:05.0: virtio_pci: leaving for legacy driver
[   14.702937] virtio-pci 0000:00:07.0: virtio_pci: leaving for legacy driver
[   15.571867] virtio-pci 0000:00:08.0: virtio_pci: leaving for legacy driver
[   16.438774] virtio-pci 0000:00:09.0: virtio_pci: leaving for legacy driver
[   17.304549] virtio-pci 0000:00:0a.0: virtio_pci: leaving for legacy driver
[   18.164464] virtio-pci 0000:00:0b.0: virtio_pci: leaving for legacy driver
[   19.027741] virtio-pci 0000:00:0c.0: virtio_pci: leaving for legacy driver
[   19.029444] ata_piix 0000:00:01.1: version 2.13
[   19.037575] scsi host0: ata_piix
[   19.037914] virtio-pci 0000:00:07.0: irq 24 for MSI/MSI-X
[   19.038154] virtio-pci 0000:00:07.0: irq 25 for MSI/MSI-X
[   19.039673] virtio_blk virtio2: [vda] 251658240 512-byte logical blocks (128 GB/120 GiB)
[   19.040634] virtio-pci 0000:00:03.0: irq 26 for MSI/MSI-X
[   19.040697] virtio-pci 0000:00:03.0: irq 27 for MSI/MSI-X
[   19.040755] virtio-pci 0000:00:03.0: irq 28 for MSI/MSI-X
[   19.040967] virtio-pci 0000:00:05.0: irq 29 for MSI/MSI-X
[   19.041035] virtio-pci 0000:00:05.0: irq 30 for MSI/MSI-X
[   19.041979] scsi host1: ata_piix
[   19.042830] ata1: PATA max MWDMA2 cmd 0x1f0 ctl 0x3f6 bmdma 0xc200 irq 14
[   19.042833] ata2: PATA max MWDMA2 cmd 0x170 ctl 0x376 bmdma 0xc208 irq 15
[   19.044520]  vda: vda1 vda2
[   19.044536] virtio-pci 0000:00:0c.0: irq 31 for MSI/MSI-X
[   19.044622] virtio-pci 0000:00:0c.0: irq 32 for MSI/MSI-X
[   19.044722] virtio-pci 0000:00:0c.0: irq 33 for MSI/MSI-X
[   19.048133] virtio-pci 0000:00:08.0: irq 34 for MSI/MSI-X
[   19.048200] virtio-pci 0000:00:08.0: irq 35 for MSI/MSI-X
[   19.049600] virtio_blk virtio3: [vdb] 104857600 512-byte logical blocks (53.6 GB/50.0 GiB)
[   19.057277] virtio-pci 0000:00:09.0: irq 36 for MSI/MSI-X
[   19.057345] virtio-pci 0000:00:09.0: irq 37 for MSI/MSI-X
[   19.058829] virtio_blk virtio4: [vdc] 104857600 512-byte logical blocks (53.6 GB/50.0 GiB)
[   19.064344] virtio-pci 0000:00:0a.0: irq 38 for MSI/MSI-X
[   19.064405] virtio-pci 0000:00:0a.0: irq 39 for MSI/MSI-X
[   19.065799] virtio_blk virtio5: [vdd] 104857600 512-byte logical blocks (53.6 GB/50.0 GiB)
[   19.196037] ata1.00: ATAPI: QEMU DVD-ROM, 2.5+, max UDMA/100
[   19.196043] ata1.01: ATAPI: QEMU DVD-ROM, 2.5+, max UDMA/100
[   19.196644] ata1.00: configured for MWDMA2
[   19.197197] ata1.01: configured for MWDMA2
[   19.198239] scsi 0:0:0:0: CD-ROM            QEMU     QEMU DVD-ROM     2.5+ PQ: 0 ANSI: 5
[   19.206118] scsi 0:0:1:0: CD-ROM            QEMU     QEMU DVD-ROM     2.5+ PQ: 0 ANSI: 5
[   19.638017] random: fast init done
[   19.913368] [drm] Device Version 0.0
[   19.913373] [drm] Compression level 0 log level 0
[   19.913374] [drm] 12286 io pages at offset 0x1000000
[   19.913376] [drm] 16777216 byte draw area at offset 0x0
[   19.913377] [drm] RAM header offset: 0x3ffe000
[   19.913654] [TTM] Zone  kernel: Available graphics memory: 776436 kiB
[   19.913656] [TTM] Initializing pool allocator
[   19.913713] [TTM] Initializing DMA pool allocator
[   19.913811] [drm] qxl: 16M of VRAM memory size
[   19.913812] [drm] qxl: 63M of IO pages memory ready (VRAM domain)
[   19.913814] [drm] qxl: 64M of Surface memory size
[   19.917765] [drm] main mem slot 1 [f4000000,3ffe000]
[   19.917768] [drm] surface mem slot 2 [f8000000,4000000]
[   19.919176] [drm] fb mappable at 0xF4000000, size 3145728
[   19.919179] [drm] fb: depth 24, pitch 4096, width 1024, height 768
[   19.919669] fbcon: qxldrmfb (fb0) is primary device
[   19.936419] Console: switching to colour frame buffer device 128x48
[   19.939814] qxl 0000:00:02.0: fb0: qxldrmfb frame buffer device
[   19.947175] [drm] Initialized qxl 0.1.0 20120117 for 0000:00:02.0 on minor 0
[   19.978392] sr 0:0:0:0: [sr0] scsi3-mmc drive: 4x/4x cd/rw xa/form2 tray
[   19.978400] cdrom: Uniform CD-ROM driver Revision: 3.20
[   19.979798] sr 0:0:0:0: Attached scsi CD-ROM sr0
[   19.990665] sr 0:0:1:0: [sr1] scsi3-mmc drive: 4x/4x cd/rw xa/form2 tray
[   19.991968] sr 0:0:1:0: Attached scsi CD-ROM sr1
[   20.253572] SGI XFS with ACLs, security attributes, no debug enabled
[   20.264681] XFS (vda2): Mounting V5 Filesystem
[   20.371844] XFS (vda2): Ending clean mount
[   20.882469] systemd-journald[105]: Received SIGTERM from PID 1 (systemd).
[   21.435796] SELinux:  Disabled at runtime.
[   21.435821] SELinux:  Unregistering netfilter hooks
[   21.478021] type=1404 audit(1586904764.383:2): selinux=0 auid=4294967295 ses=4294967295
[   21.539896] systemd[1]: RTC configured in localtime, applying delta of -300 minutes to system time.
[   21.861320] ip_tables: (C) 2000-2006 Netfilter Core Team
[   21.861586] systemd[1]: Inserted module 'ip_tables'
[   23.320210] RPC: Registered named UNIX socket transport module.
[   23.320214] RPC: Registered udp transport module.
[   23.320216] RPC: Registered tcp transport module.
[   23.320218] RPC: Registered tcp NFSv4.1 backchannel transport module.
[   23.634477] Installing knfsd (copyright (C) 1996 okir@monad.swb.de).
[   24.293752] systemd-journald[381]: Received request to flush runtime journal from PID 1
[   25.012018] piix4_smbus 0000:00:01.3: SMBus Host Controller at 0x700, revision 0
[   25.085694] sr 0:0:0:0: Attached scsi generic sg0 type 5
[   25.086091] sr 0:0:1:0: Attached scsi generic sg1 type 5
[   25.165598] input: PC Speaker as /devices/platform/pcspkr/input/input4
[   25.250448] cryptd: max_cpu_qlen set to 1000
[   25.361843] AVX version of gcm_enc/dec engaged.
[   25.361846] AES CTR mode by8 optimization enabled
[   25.370962] alg: No test for __gcm-aes-aesni (__driver-gcm-aes-aesni)
[   25.371066] alg: No test for __generic-gcm-aes-aesni (__driver-generic-gcm-aes-aesni)
[   25.379678] ppdev: user-space parallel port driver
[   25.778285] Adding 3671036k swap on /dev/vda1.  Priority:-2 extents:1 across:3671036k FS
[   26.627434] snd_hda_intel 0000:00:04.0: irq 40 for MSI/MSI-X
[   26.674108] snd_hda_codec_generic hdaudioC0D0: autoconfig for Generic: line_outs=1 (0x3/0x0/0x0/0x0/0x0) type:line
[   26.674113] snd_hda_codec_generic hdaudioC0D0:    speaker_outs=0 (0x0/0x0/0x0/0x0/0x0)
[   26.674116] snd_hda_codec_generic hdaudioC0D0:    hp_outs=0 (0x0/0x0/0x0/0x0/0x0)
[   26.674118] snd_hda_codec_generic hdaudioC0D0:    mono: mono_out=0x0
[   26.674120] snd_hda_codec_generic hdaudioC0D0:    inputs:
[   26.674122] snd_hda_codec_generic hdaudioC0D0:      Line=0x5
[   26.718686] device-mapper: uevent: version 1.0.3
[   26.719853] device-mapper: ioctl: 4.37.1-ioctl (2018-04-03) initialised: dm-devel@redhat.com
[   27.101005] XFS (dm-0): Mounting V5 Filesystem
[   27.199580] XFS (dm-0): Ending clean mount
[   27.936404] type=1305 audit(1586922770.841:3): audit_pid=705 old=0 auid=4294967295 ses=4294967295 res=1
[   29.874714] IPv6: ADDRCONF(NETDEV_UP): eth0: link is not ready
[   29.884858] IPv6: ADDRCONF(NETDEV_UP): eth1: link is not ready
[   37.014166] NFSD: starting 90-second grace period (net ffffffffafb12a40)
[   54.508232] random: crng init done
[  400.641003] Kprobes globally unoptimized
[  400.641703] stap_3b0a376ad7fc05b134e686338a0f5b2a__1755: module_layout: kernel tainted.
[  400.641707] Disabling lock debugging due to kernel taint
[  400.641712] stap_3b0a376ad7fc05b134e686338a0f5b2a__1755: loading out-of-tree module taints kernel.
[  400.642036] stap_3b0a376ad7fc05b134e686338a0f5b2a__1755: module verification failed: signature and/or required key missing - tainting kernel
[  400.793661] stap_3b0a376ad7fc05b134e686338a0f5b2a__1755 (limit_rwsize.stp): systemtap: 4.1/0.170, base: ffffffffc07a2000, memory: 118data/48text/7ctx/2063net/35alloc kb, probes: 4
[  462.544984] FS-Cache: Loaded
[  462.595504] FS-Cache: Netfs 'nfs' registered for caching
[  462.616751] Key type dns_resolver registered
[  462.676731] NFS: Registering the id_resolver key type
[  462.676759] Key type id_resolver registered
[  462.676762] Key type id_legacy registered
[  726.945997] stap_3b0a376ad7fc05b134e686338a0f5b2a__1865 (limit_rwsize.stp): systemtap: 4.1/0.170, base: ffffffffc08af000, memory: 118data/48text/7ctx/2063net/35alloc kb, probes: 4
[  778.729543] stap_3b0a376ad7fc05b134e686338a0f5b2a__1885 (limit_rwsize.stp): systemtap: 4.1/0.170, base: ffffffffc07a2000, memory: 118data/48text/7ctx/2063net/35alloc kb, probes: 4
[ 1001.360602] stap_12723c57531646d0440a4c17f34205a1__2197 (limit_rwsize.stp): systemtap: 4.1/0.170, base: ffffffffc08af000, memory: 118data/48text/7ctx/2063net/35alloc kb, probes: 4
[ 1617.165334] stap_d0993330d3aca32df5bc68f6accff1c1__2520 (limit_rwsize.stp): systemtap: 4.1/0.170, base: ffffffffc07a2000, memory: 118data/48text/7ctx/2063net/36alloc kb, probes: 5
[ 2502.341435] stap_d91951c46580a4ac509f2a50f858c950__4245 (limit_rwsize.stp): systemtap: 4.1/0.170, base: ffffffffc08af000, memory: 118data/48text/7ctx/2063net/36alloc kb, probes: 5
[15297.658167] stap_b836b5c5be3cb04136570b7f7aa65e9f__6620 (limit_rwsize.stp): systemtap: 4.1/0.170, base: ffffffffc08da000, memory: 128data/52text/7ctx/2063net/36alloc kb, probes: 6
[15804.402362] nfsd: last server has exited, flushing export cache
[15804.569370] NFSD: starting 90-second grace period (net ffffffffafb12a40)
[15819.075390] stap_b836b5c5be3cb04136570b7f7aa65e9f__6756 (limit_rwsize.stp): systemtap: 4.1/0.170, base: ffffffffc0909000, memory: 128data/52text/7ctx/2063net/36alloc kb, probes: 6
[20530.992166] stap_b7d1ca4f701929301b5f05c729889eec__7301 (limit_rwsize.stp): systemtap: 4.1/0.170, base: ffffffffc08af000, memory: 128data/52text/7ctx/2063net/36alloc kb, probes: 6
[20693.823363] Bluetooth: Core ver 2.22
[20693.823442] NET: Registered protocol family 31
[20693.823444] Bluetooth: HCI device and connection manager initialized
[20693.823460] Bluetooth: HCI socket layer initialized
[20693.823478] Bluetooth: L2CAP socket layer initialized
[20693.823518] Bluetooth: SCO socket layer initialized
[20693.970438] Netfilter messages via NETLINK v0.30.
[21157.763255] stap_d439827d9f3178236ea696acc79f92ce__7769 (limit_rwsize.stp): systemtap: 4.1/0.170, base: ffffffffc0965000, memory: 128data/52text/7ctx/2063net/36alloc kb, probes: 6
[22045.242494] stap_225fb7c31ce1ca3d7979b0830829627c__8632 (limit_rwsize.stp): systemtap: 4.1/0.170, base: ffffffffc08af000, memory: 128data/52text/7ctx/2063net/36alloc kb, probes: 6
[23072.730818] stap_b3db7f2265fcebf269b68df4f479c521__9054 (limit_rwsize.stp): systemtap: 4.1/0.170, base: ffffffffc0965000, memory: 128data/52text/7ctx/2063net/36alloc kb, probes: 6
[23245.652280] stap_0b9b90cf297e4065bd14e2a1773f6ce6__9430 (limit_rwsize.stp): systemtap: 4.1/0.170, base: ffffffffc08af000, memory: 128data/52text/7ctx/2063net/36alloc kb, probes: 6
[23266.280907] =============================================================================
[23266.280978] BUG kmalloc-1024 (Tainted: GF          OE  ------------  ): Redzone overwritten
[23266.281025] -----------------------------------------------------------------------------

[23266.281079] INFO: 0xffff8edb2bdca3e8-0xffff8edb2bdca3ef. First byte 0xc0 instead of 0xcc
[23266.281138] INFO: Allocated in nfs_direct_write_schedule_segment+0x2d6/0x380 [nfs] age=13 cpu=0 pid=9450
[23266.281192] 	__slab_alloc+0x40/0x5c
[23266.281216] 	__kmalloc+0x1c0/0x230
[23266.281243] 	nfs_direct_write_schedule_segment+0x2d6/0x380 [nfs]
[23266.281283] 	nfs_direct_write_schedule_iovec+0x105/0x240 [nfs]
[23266.281325] 	nfs_file_direct_write+0x298/0x470 [nfs]
[23266.281359] 	nfs_file_write+0x139/0x1e0 [nfs]
[23266.281394] 	do_sync_write+0x93/0xe0
[23266.281417] 	vfs_write+0xc0/0x1f0
[23266.281438] 	SyS_write+0x7f/0xf0
[23266.281468] 	system_call_fastpath+0x25/0x2a
[23266.281509] INFO: Freed in detach_buf+0xe0/0x100 [virtio_ring] age=19 cpu=3 pid=0
[23266.281552] 	kfree+0x106/0x140
[23266.281574] 	detach_buf+0xe0/0x100 [virtio_ring]
[23266.281603] 	virtqueue_get_buf+0x79/0x150 [virtio_ring]
[23266.281636] 	virtblk_done+0x91/0x110 [virtio_blk]
[23266.281672] 	vring_interrupt+0x3b/0x90 [virtio_ring]
[23266.281704] 	__handle_irq_event_percpu+0x44/0x1c0
[23266.281733] 	handle_irq_event_percpu+0x32/0x80
[23266.281762] 	handle_irq_event+0x3c/0x60
[23266.281786] 	handle_edge_irq+0x7f/0x150
[23266.281811] 	handle_irq+0xe4/0x1a0
[23266.281833] 	do_IRQ+0x4d/0xf0
[23266.281854] 	ret_from_intr+0x0/0x15
[23266.281876] 	default_idle+0x1e/0xc0
[23266.281899] 	arch_cpu_idle+0x20/0xc0
[23266.281923] 	cpu_startup_entry+0x14a/0x1e0
[23266.281962] 	start_secondary+0x1f7/0x270
[23266.281987] INFO: Slab 0xffffc8da40af7200 objects=24 used=24 fp=0x          (null) flags=0x1fffff00004081
[23266.282039] INFO: Object 0xffff8edb2bdc9fe8 @offset=8168 fp=0xffff8edb2bdc8ff8

[23266.282088] Redzone ffff8edb2bdc9fe0: cc cc cc cc cc cc cc cc                          ........
[23266.282136] Object ffff8edb2bdc9fe8: c0 51 b7 40 da c8 ff ff 00 ba b2 40 da c8 ff ff  .Q.@.......@....
[23266.282186] Object ffff8edb2bdc9ff8: 40 ba b2 40 da c8 ff ff 00 8d 3d 41 da c8 ff ff  @..@......=A....
[23266.282236] Object ffff8edb2bdca008: 40 8d 3d 41 da c8 ff ff 00 f7 d3 40 da c8 ff ff  @.=A.......@....
[23266.282286] Object ffff8edb2bdca018: 40 f7 d3 40 da c8 ff ff 00 c8 cd 40 da c8 ff ff  @..@.......@....
[23266.282343] Object ffff8edb2bdca028: 40 c8 cd 40 da c8 ff ff 00 db cd 40 da c8 ff ff  @..@.......@....
[23266.282400] Object ffff8edb2bdca038: 40 db cd 40 da c8 ff ff 00 ed b9 40 da c8 ff ff  @..@.......@....
[23266.282450] Object ffff8edb2bdca048: 40 ed b9 40 da c8 ff ff 00 11 32 41 da c8 ff ff  @..@......2A....
[23266.283559] Object ffff8edb2bdca058: 40 11 32 41 da c8 ff ff 00 8b 3d 41 da c8 ff ff  @.2A......=A....
[23266.284604] Object ffff8edb2bdca068: 40 8b 3d 41 da c8 ff ff 80 67 06 41 da c8 ff ff  @.=A.....g.A....
[23266.285648] Object ffff8edb2bdca078: c0 67 06 41 da c8 ff ff 80 bd 55 40 da c8 ff ff  .g.A......U@....
[23266.286652] Object ffff8edb2bdca088: c0 bd 55 40 da c8 ff ff 80 66 4d 41 da c8 ff ff  ..U@.....fMA....
[23266.287594] Object ffff8edb2bdca098: c0 66 4d 41 da c8 ff ff 00 e5 c8 40 da c8 ff ff  .fMA.......@....
[23266.288514] Object ffff8edb2bdca0a8: 40 e5 c8 40 da c8 ff ff 00 97 3d 41 da c8 ff ff  @..@......=A....
[23266.289408] Object ffff8edb2bdca0b8: 40 97 3d 41 da c8 ff ff 80 91 b8 40 da c8 ff ff  @.=A.......@....
[23266.290285] Object ffff8edb2bdca0c8: c0 91 b8 40 da c8 ff ff 00 64 54 41 da c8 ff ff  ...@.....dTA....
[23266.291140] Object ffff8edb2bdca0d8: 40 64 54 41 da c8 ff ff 00 88 3d 41 da c8 ff ff  @dTA......=A....
[23266.291966] Object ffff8edb2bdca0e8: 40 88 3d 41 da c8 ff ff 00 52 4e 41 da c8 ff ff  @.=A.....RNA....
[23266.292754] Object ffff8edb2bdca0f8: 40 52 4e 41 da c8 ff ff 00 55 b7 40 da c8 ff ff  @RNA.....U.@....
[23266.293555] Object ffff8edb2bdca108: 40 55 b7 40 da c8 ff ff 80 79 bf 40 da c8 ff ff  @U.@.....y.@....
[23266.294377] Object ffff8edb2bdca118: c0 79 bf 40 da c8 ff ff 00 63 bf 40 da c8 ff ff  .y.@.....c.@....
[23266.295162] Object ffff8edb2bdca128: 40 63 bf 40 da c8 ff ff 00 bf b2 40 da c8 ff ff  @c.@.......@....
[23266.295925] Object ffff8edb2bdca138: 40 bf b2 40 da c8 ff ff 80 07 ae 40 da c8 ff ff  @..@.......@....
[23266.296692] Object ffff8edb2bdca148: c0 07 ae 40 da c8 ff ff 00 2a 51 40 da c8 ff ff  ...@.....*Q@....
[23266.297457] Object ffff8edb2bdca158: 40 2a 51 40 da c8 ff ff 80 d2 cd 40 da c8 ff ff  @*Q@.......@....
[23266.298230] Object ffff8edb2bdca168: c0 d2 cd 40 da c8 ff ff 00 56 ad 40 da c8 ff ff  ...@.....V.@....
[23266.298998] Object ffff8edb2bdca178: 40 56 ad 40 da c8 ff ff 80 e3 b9 40 da c8 ff ff  @V.@.......@....
[23266.299753] Object ffff8edb2bdca188: c0 e3 b9 40 da c8 ff ff 80 9c dd 40 da c8 ff ff  ...@.......@....
[23266.300497] Object ffff8edb2bdca198: c0 9c dd 40 da c8 ff ff 80 57 51 40 da c8 ff ff  ...@.....WQ@....
[23266.301223] Object ffff8edb2bdca1a8: c0 57 51 40 da c8 ff ff 00 49 3d 41 da c8 ff ff  .WQ@.....I=A....
[23266.301932] Object ffff8edb2bdca1b8: 40 49 3d 41 da c8 ff ff 80 6c ab 40 da c8 ff ff  @I=A.....l.@....
[23266.302647] Object ffff8edb2bdca1c8: c0 6c ab 40 da c8 ff ff 80 4c ad 40 da c8 ff ff  .l.@.....L.@....
[23266.303358] Object ffff8edb2bdca1d8: c0 4c ad 40 da c8 ff ff 80 e4 c8 40 da c8 ff ff  .L.@.......@....
[23266.304059] Object ffff8edb2bdca1e8: c0 e4 c8 40 da c8 ff ff 80 b7 41 41 da c8 ff ff  ...@......AA....
[23266.304745] Object ffff8edb2bdca1f8: c0 b7 41 41 da c8 ff ff 00 63 dd 40 da c8 ff ff  ..AA.....c.@....
[23266.305450] Object ffff8edb2bdca208: 40 63 dd 40 da c8 ff ff 80 13 b7 40 da c8 ff ff  @c.@.......@....
[23266.306140] Object ffff8edb2bdca218: c0 13 b7 40 da c8 ff ff 00 18 51 40 da c8 ff ff  ...@......Q@....
[23266.306825] Object ffff8edb2bdca228: 40 18 51 40 da c8 ff ff 80 78 bf 40 da c8 ff ff  @.Q@.....x.@....
[23266.307517] Object ffff8edb2bdca238: c0 78 bf 40 da c8 ff ff 80 72 be 40 da c8 ff ff  .x.@.....r.@....
[23266.308205] Object ffff8edb2bdca248: c0 72 be 40 da c8 ff ff 80 6a ab 40 da c8 ff ff  .r.@.....j.@....
[23266.308889] Object ffff8edb2bdca258: c0 6a ab 40 da c8 ff ff 00 97 42 41 da c8 ff ff  .j.@......BA....
[23266.309600] Object ffff8edb2bdca268: 40 97 42 41 da c8 ff ff 00 64 bf 40 da c8 ff ff  @.BA.....d.@....
[23266.310294] Object ffff8edb2bdca278: 40 64 bf 40 da c8 ff ff 80 1d ae 40 da c8 ff ff  @d.@.......@....
[23266.310981] Object ffff8edb2bdca288: c0 1d ae 40 da c8 ff ff 00 51 ad 40 da c8 ff ff  ...@.....Q.@....
[23266.311654] Object ffff8edb2bdca298: 40 51 ad 40 da c8 ff ff 80 bb 55 40 da c8 ff ff  @Q.@......U@....
[23266.312314] Object ffff8edb2bdca2a8: c0 bb 55 40 da c8 ff ff 80 e0 d3 40 da c8 ff ff  ..U@.......@....
[23266.312940] Object ffff8edb2bdca2b8: c0 e0 d3 40 da c8 ff ff 00 1d 51 40 da c8 ff ff  ...@......Q@....
[23266.313564] Object ffff8edb2bdca2c8: 40 1d 51 40 da c8 ff ff 00 75 bf 40 da c8 ff ff  @.Q@.....u.@....
[23266.314163] Object ffff8edb2bdca2d8: 40 75 bf 40 da c8 ff ff 00 b8 b2 40 da c8 ff ff  @u.@.......@....
[23266.314723] Object ffff8edb2bdca2e8: 40 b8 b2 40 da c8 ff ff 80 48 3d 41 da c8 ff ff  @..@.....H=A....
[23266.315308] Object ffff8edb2bdca2f8: c0 48 3d 41 da c8 ff ff 00 c1 41 41 da c8 ff ff  .H=A......AA....
[23266.315884] Object ffff8edb2bdca308: 40 c1 41 41 da c8 ff ff 80 ec c8 40 da c8 ff ff  @.AA.......@....
[23266.316459] Object ffff8edb2bdca318: c0 ec c8 40 da c8 ff ff 00 34 ae 40 da c8 ff ff  ...@.....4.@....
[23266.317043] Object ffff8edb2bdca328: 40 34 ae 40 da c8 ff ff 80 40 47 41 da c8 ff ff  @4.@.....@GA....
[23266.317622] Object ffff8edb2bdca338: c0 40 47 41 da c8 ff ff 80 e8 4b 41 da c8 ff ff  .@GA......KA....
[23266.318214] Object ffff8edb2bdca348: c0 e8 4b 41 da c8 ff ff 80 50 4e 41 da c8 ff ff  ..KA.....PNA....
[23266.318795] Object ffff8edb2bdca358: c0 50 4e 41 da c8 ff ff 80 4e b9 40 da c8 ff ff  .PNA.....N.@....
[23266.319387] Object ffff8edb2bdca368: c0 4e b9 40 da c8 ff ff 00 24 c8 40 da c8 ff ff  .N.@.....$.@....
[23266.319979] Object ffff8edb2bdca378: 40 24 c8 40 da c8 ff ff 80 be b2 40 da c8 ff ff  @$.@.......@....
[23266.320556] Object ffff8edb2bdca388: c0 be b2 40 da c8 ff ff 80 e0 c8 40 da c8 ff ff  ...@.......@....
[23266.321143] Object ffff8edb2bdca398: c0 e0 c8 40 da c8 ff ff 80 16 55 40 da c8 ff ff  ...@......U@....
[23266.321718] Object ffff8edb2bdca3a8: c0 16 55 40 da c8 ff ff 00 24 ad 40 da c8 ff ff  ..U@.....$.@....
[23266.322298] Object ffff8edb2bdca3b8: 40 24 ad 40 da c8 ff ff 00 56 b7 40 da c8 ff ff  @$.@.....V.@....
[23266.322864] Object ffff8edb2bdca3c8: 40 56 b7 40 da c8 ff ff 00 d3 42 41 da c8 ff ff  @V.@......BA....
[23266.323438] Object ffff8edb2bdca3d8: 40 d3 42 41 da c8 ff ff 80 51 b7 40 da c8 ff ff  @.BA.....Q.@....
[23266.324015] Redzone ffff8edb2bdca3e8: c0 51 b7 40 da c8 ff ff                          .Q.@....
[23266.324605] Padding ffff8edb2bdca528: 5a 5a 5a 5a 5a 5a 5a 5a                          ZZZZZZZZ
[23266.325221] CPU: 0 PID: 9450 Comm: dd Kdump: loaded Tainted: GF   B      OE  ------------   3.10.0-1062.1.1.el7.x86_64 #1
[23266.325223] Hardware name: QEMU Standard PC (i440FX + PIIX, 1996), BIOS 1.9.1-1.fc24 04/01/2014
[23266.325225] Call Trace:
[23266.325232]  [<ffffffffaf5792c2>] dump_stack+0x19/0x1b
[23266.325235]  [<ffffffffaf01f6a1>] print_trailer+0x161/0x280
[23266.325238]  [<ffffffffaf01f92f>] check_bytes_and_report+0xcf/0x110
[23266.325241]  [<ffffffffaf02084d>] check_object+0x1dd/0x2a0
[23266.325244]  [<ffffffffaf575ac7>] free_debug_processing+0x8d/0x270
[23266.325255]  [<ffffffffc07ef21d>] ? nfs_direct_write_schedule_segment+0x24d/0x380 [nfs]
[23266.325258]  [<ffffffffaf022669>] __slab_free+0x259/0x320
[23266.325267]  [<ffffffffc07f1786>] ? nfs_page_group_unlock+0x36/0x60 [nfs]
[23266.325274]  [<ffffffffc07f19c6>] ? __nfs_pageio_add_request+0x216/0x450 [nfs]
[23266.325282]  [<ffffffffc07e6fe1>] ? nfs_get_lock_context+0x51/0x100 [nfs]
[23266.325290]  [<ffffffffc07ef21d>] ? nfs_direct_write_schedule_segment+0x24d/0x380 [nfs]
[23266.325292]  [<ffffffffaf022df6>] kfree+0x106/0x140
[23266.325300]  [<ffffffffc07ef21d>] nfs_direct_write_schedule_segment+0x24d/0x380 [nfs]
[23266.325307]  [<ffffffffc07efdd5>] nfs_direct_write_schedule_iovec+0x105/0x240 [nfs]
[23266.325316]  [<ffffffffc07f0588>] nfs_file_direct_write+0x298/0x470 [nfs]
[23266.325324]  [<ffffffffc07e5a99>] nfs_file_write+0x139/0x1e0 [nfs]
[23266.325327]  [<ffffffffaf047ba3>] do_sync_write+0x93/0xe0
[23266.325331]  [<ffffffffaf048690>] vfs_write+0xc0/0x1f0
[23266.325334]  [<ffffffffaf58ce21>] ? system_call_after_swapgs+0xae/0x146
[23266.325338]  [<ffffffffaf0494af>] SyS_write+0x7f/0xf0
[23266.325341]  [<ffffffffaf58ce21>] ? system_call_after_swapgs+0xae/0x146
[23266.325344]  [<ffffffffaf58cede>] system_call_fastpath+0x25/0x2a
[23266.325347]  [<ffffffffaf58ce21>] ? system_call_after_swapgs+0xae/0x146
[23266.325350] FIX kmalloc-1024: Restoring 0xffff8edb2bdca3e8-0xffff8edb2bdca3ef=0xcc

[23266.326640] FIX kmalloc-1024: Object at 0xffff8edb2bdc9fe8 not freed
[23280.051902] =============================================================================
[23280.052980] BUG kmalloc-1024 (Tainted: GF   B      OE  ------------  ): Redzone overwritten
[23280.053715] -----------------------------------------------------------------------------

[23280.055185] INFO: 0xffff8edb2bdce8f8-0xffff8edb2bdce8ff. First byte 0x80 instead of 0xcc
[23280.055983] INFO: Allocated in nfs_direct_write_schedule_segment+0x2d6/0x380 [nfs] age=13 cpu=0 pid=9451
[23280.056802] 	__slab_alloc+0x40/0x5c
[23280.057618] 	__kmalloc+0x1c0/0x230
[23280.058438] 	nfs_direct_write_schedule_segment+0x2d6/0x380 [nfs]
[23280.059291] 	nfs_direct_write_schedule_iovec+0x105/0x240 [nfs]
[23280.060138] 	nfs_file_direct_write+0x298/0x470 [nfs]
[23280.061001] 	nfs_file_write+0x139/0x1e0 [nfs]
[23280.061848] 	do_sync_write+0x93/0xe0
[23280.062684] 	vfs_write+0xc0/0x1f0
[23280.063535] 	SyS_write+0x7f/0xf0
[23280.064388] 	system_call_fastpath+0x25/0x2a
[23280.065250] INFO: Freed in skb_release_data+0xf5/0x140 age=15 cpu=3 pid=24
[23280.066149] 	kfree+0x106/0x140
[23280.067031] 	skb_release_data+0xf5/0x140
[23280.067920] 	skb_release_all+0x24/0x30
[23280.068816] 	__kfree_skb+0x12/0x20
[23280.069691] 	tcp_data_queue+0x248/0xdc0
[23280.070586] 	tcp_rcv_established+0x217/0x770
[23280.071490] 	tcp_v4_do_rcv+0x10a/0x350
[23280.072384] 	tcp_v4_rcv+0x7dc/0x9e0
[23280.073279] 	ip_local_deliver_finish+0xbd/0x200
[23280.074186] 	ip_local_deliver+0x60/0xe0
[23280.075095] 	ip_rcv_finish+0x90/0x370
[23280.075998] 	ip_rcv+0x2c0/0x420
[23280.076906] 	__netif_receive_skb_core+0x729/0xa10
[23280.077816] 	__netif_receive_skb+0x18/0x60
[23280.078713] 	process_backlog+0xae/0x180
[23280.079635] 	net_rx_action+0x26f/0x390
[23280.080554] INFO: Slab 0xffffc8da40af7200 objects=24 used=24 fp=0x          (null) flags=0x1fffff00004081
[23280.081522] INFO: Object 0xffff8edb2bdce4f8 @offset=25848 fp=0xffff8edb2bdccfb8

[23280.083517] Redzone ffff8edb2bdce4f0: cc cc cc cc cc cc cc cc                          ........
[23280.084537] Object ffff8edb2bdce4f8: 80 0f ae 40 da c8 ff ff 80 23 ad 40 da c8 ff ff  ...@.....#.@....
[23280.085584] Object ffff8edb2bdce508: 80 6e ab 40 da c8 ff ff 00 94 3d 41 da c8 ff ff  .n.@......=A....
[23280.086632] Object ffff8edb2bdce518: 80 c0 e0 40 da c8 ff ff c0 b5 5f 40 da c8 ff ff  ...@......_@....
[23280.087678] Object ffff8edb2bdce528: c0 4c 47 41 da c8 ff ff 40 c6 46 41 da c8 ff ff  .LGA....@.FA....
[23280.088731] Object ffff8edb2bdce538: c0 00 e0 40 da c8 ff ff 00 b2 3c 41 da c8 ff ff  ...@......<A....
[23280.089796] Object ffff8edb2bdce548: c0 a2 46 41 da c8 ff ff 40 b6 5f 40 da c8 ff ff  ..FA....@._@....
[23280.090829] Object ffff8edb2bdce558: 00 13 ae 40 da c8 ff ff c0 1b ae 40 da c8 ff ff  ...@.......@....
[23280.091854] Object ffff8edb2bdce568: 80 dd 3c 41 da c8 ff ff 40 14 b7 40 da c8 ff ff  ..<A....@..@....
[23280.092857] Object ffff8edb2bdce578: 80 de 3c 41 da c8 ff ff 80 70 ab 40 da c8 ff ff  ..<A.....p.@....
[23280.093833] Object ffff8edb2bdce588: 80 f5 d3 40 da c8 ff ff 00 4d ad 40 da c8 ff ff  ...@.....M.@....
[23280.094804] Object ffff8edb2bdce598: c0 a9 ed 40 da c8 ff ff 00 04 b4 40 da c8 ff ff  ...@.......@....
[23280.095732] Object ffff8edb2bdce5a8: 80 35 ae 40 da c8 ff ff 80 ee c8 40 da c8 ff ff  .5.@.......@....
[23280.096642] Object ffff8edb2bdce5b8: 40 2c 52 40 da c8 ff ff c0 d8 b8 40 da c8 ff ff  @,R@.......@....
[23280.097533] Object ffff8edb2bdce5c8: 40 02 c8 40 da c8 ff ff c0 6d c9 40 da c8 ff ff  @..@.....m.@....
[23280.098426] Object ffff8edb2bdce5d8: 00 73 c9 40 da c8 ff ff 40 48 52 40 da c8 ff ff  .s.@....@HR@....
[23280.099287] Object ffff8edb2bdce5e8: 80 17 c8 40 da c8 ff ff c0 17 c8 40 da c8 ff ff  ...@.......@....
[23280.100108] Object ffff8edb2bdce5f8: 80 37 56 40 da c8 ff ff c0 37 56 40 da c8 ff ff  .7V@.....7V@....
[23280.100899] Object ffff8edb2bdce608: 80 85 bf 40 da c8 ff ff c0 85 bf 40 da c8 ff ff  ...@.......@....
[23280.101680] Object ffff8edb2bdce618: 00 82 bf 40 da c8 ff ff 40 82 bf 40 da c8 ff ff  ...@....@..@....
[23280.102459] Object ffff8edb2bdce628: 00 04 ae 40 da c8 ff ff 40 04 ae 40 da c8 ff ff  ...@....@..@....
[23280.103226] Object ffff8edb2bdce638: 00 be b2 40 da c8 ff ff 40 be b2 40 da c8 ff ff  ...@....@..@....
[23280.103990] Object ffff8edb2bdce648: 00 54 a9 40 da c8 ff ff 40 54 a9 40 da c8 ff ff  .T.@....@T.@....
[23280.104728] Object ffff8edb2bdce658: 00 53 a2 40 da c8 ff ff 40 53 a2 40 da c8 ff ff  .S.@....@S.@....
[23280.105469] Object ffff8edb2bdce668: 00 da 51 40 da c8 ff ff 40 da 51 40 da c8 ff ff  ..Q@....@.Q@....
[23280.106208] Object ffff8edb2bdce678: 80 02 c8 40 da c8 ff ff c0 02 c8 40 da c8 ff ff  ...@.......@....
[23280.106963] Object ffff8edb2bdce688: 00 b4 2e 41 da c8 ff ff 40 b4 2e 41 da c8 ff ff  ...A....@..A....
[23280.107689] Object ffff8edb2bdce698: 00 15 67 40 da c8 ff ff 40 15 67 40 da c8 ff ff  ..g@....@.g@....
[23280.108413] Object ffff8edb2bdce6a8: 80 c9 cd 40 da c8 ff ff c0 c9 cd 40 da c8 ff ff  ...@.......@....
[23280.109120] Object ffff8edb2bdce6b8: 00 57 b7 40 da c8 ff ff 40 57 b7 40 da c8 ff ff  .W.@....@W.@....
[23280.109826] Object ffff8edb2bdce6c8: 80 00 ae 40 da c8 ff ff c0 00 ae 40 da c8 ff ff  ...@.......@....
[23280.110522] Object ffff8edb2bdce6d8: 00 7e 57 41 da c8 ff ff 40 7e 57 41 da c8 ff ff  .~WA....@~WA....
[23280.111232] Object ffff8edb2bdce6e8: 00 cf cd 40 da c8 ff ff 40 cf cd 40 da c8 ff ff  ...@....@..@....
[23280.111942] Object ffff8edb2bdce6f8: 80 bd 4e 41 da c8 ff ff c0 bd 4e 41 da c8 ff ff  ..NA......NA....
[23280.112646] Object ffff8edb2bdce708: 00 0e b4 40 da c8 ff ff 40 0e b4 40 da c8 ff ff  ...@....@..@....
[23280.113352] Object ffff8edb2bdce718: 00 6c c9 40 da c8 ff ff 40 6c c9 40 da c8 ff ff  .l.@....@l.@....
[23280.114063] Object ffff8edb2bdce728: 00 79 df 40 da c8 ff ff 40 79 df 40 da c8 ff ff  .y.@....@y.@....
[23280.114752] Object ffff8edb2bdce738: 80 21 52 40 da c8 ff ff c0 21 52 40 da c8 ff ff  .!R@.....!R@....
[23280.115451] Object ffff8edb2bdce748: 80 94 b8 40 da c8 ff ff c0 94 b8 40 da c8 ff ff  ...@.......@....
[23280.116147] Object ffff8edb2bdce758: 00 d8 b8 40 da c8 ff ff 40 d8 b8 40 da c8 ff ff  ...@....@..@....
[23280.116841] Object ffff8edb2bdce768: 80 09 41 41 da c8 ff ff c0 09 41 41 da c8 ff ff  ..AA......AA....
[23280.117520] Object ffff8edb2bdce778: 00 cb 58 40 da c8 ff ff 40 cb 58 40 da c8 ff ff  ..X@....@.X@....
[23280.118213] Object ffff8edb2bdce788: 00 cc 41 41 da c8 ff ff 40 cc 41 41 da c8 ff ff  ..AA....@.AA....
[23280.118906] Object ffff8edb2bdce798: 00 a0 55 40 da c8 ff ff 40 a0 55 40 da c8 ff ff  ..U@....@.U@....
[23280.119586] Object ffff8edb2bdce7a8: 80 36 b9 40 da c8 ff ff c0 36 b9 40 da c8 ff ff  .6.@.....6.@....
[23280.120251] Object ffff8edb2bdce7b8: 00 6a bf 40 da c8 ff ff 40 6a bf 40 da c8 ff ff  .j.@....@j.@....
[23280.120890] Object ffff8edb2bdce7c8: 00 09 b4 40 da c8 ff ff 40 09 b4 40 da c8 ff ff  ...@....@..@....
[23280.121498] Object ffff8edb2bdce7d8: 00 ee c8 40 da c8 ff ff 40 ee c8 40 da c8 ff ff  ...@....@..@....
[23280.122097] Object ffff8edb2bdce7e8: 00 f1 d3 40 da c8 ff ff 40 f1 d3 40 da c8 ff ff  ...@....@..@....
[23280.122658] Object ffff8edb2bdce7f8: 80 1b 51 40 da c8 ff ff c0 1b 51 40 da c8 ff ff  ..Q@......Q@....
[23280.123228] Object ffff8edb2bdce808: 00 2f 32 41 da c8 ff ff 40 2f 32 41 da c8 ff ff  ./2A....@/2A....
[23280.123809] Object ffff8edb2bdce818: 00 06 d5 40 da c8 ff ff 40 06 d5 40 da c8 ff ff  ...@....@..@....
[23280.124370] Object ffff8edb2bdce828: 80 9e b8 40 da c8 ff ff c0 9e b8 40 da c8 ff ff  ...@.......@....
[23280.124939] Object ffff8edb2bdce838: 00 05 b4 40 da c8 ff ff 40 05 b4 40 da c8 ff ff  ...@....@..@....
[23280.125494] Object ffff8edb2bdce848: 80 23 52 40 da c8 ff ff c0 23 52 40 da c8 ff ff  .#R@.....#R@....
[23280.126064] Object ffff8edb2bdce858: 00 b6 41 41 da c8 ff ff 40 b6 41 41 da c8 ff ff  ..AA....@.AA....
[23280.126619] Object ffff8edb2bdce868: 00 35 ae 40 da c8 ff ff 40 35 ae 40 da c8 ff ff  .5.@....@5.@....
[23280.127198] Object ffff8edb2bdce878: 80 fe d3 40 da c8 ff ff c0 fe d3 40 da c8 ff ff  ...@.......@....
[23280.127759] Object ffff8edb2bdce888: 00 00 51 40 da c8 ff ff 40 00 51 40 da c8 ff ff  ..Q@....@.Q@....
[23280.128332] Object ffff8edb2bdce898: 80 d9 cd 40 da c8 ff ff c0 d9 cd 40 da c8 ff ff  ...@.......@....
[23280.128907] Object ffff8edb2bdce8a8: 00 21 ad 40 da c8 ff ff 40 21 ad 40 da c8 ff ff  .!.@....@!.@....
[23280.129475] Object ffff8edb2bdce8b8: 00 ab 51 40 da c8 ff ff 40 ab 51 40 da c8 ff ff  ..Q@....@.Q@....
[23280.130052] Object ffff8edb2bdce8c8: 00 e9 b9 40 da c8 ff ff 40 e9 b9 40 da c8 ff ff  ...@....@..@....
[23280.130614] Object ffff8edb2bdce8d8: 00 23 b9 40 da c8 ff ff 40 23 b9 40 da c8 ff ff  .#.@....@#.@....
[23280.131184] Object ffff8edb2bdce8e8: 00 d2 cd 40 da c8 ff ff 40 d2 cd 40 da c8 ff ff  ...@....@..@....
[23280.131747] Redzone ffff8edb2bdce8f8: 80 0f ae 40 da c8 ff ff                          ...@....
[23280.132343] Padding ffff8edb2bdcea38: 5a 5a 5a 5a 5a 5a 5a 5a                          ZZZZZZZZ
[23280.132955] CPU: 0 PID: 9451 Comm: dd Kdump: loaded Tainted: GF   B      OE  ------------   3.10.0-1062.1.1.el7.x86_64 #1
[23280.132958] Hardware name: QEMU Standard PC (i440FX + PIIX, 1996), BIOS 1.9.1-1.fc24 04/01/2014
[23280.132960] Call Trace:
[23280.132965]  [<ffffffffaf5792c2>] dump_stack+0x19/0x1b
[23280.132969]  [<ffffffffaf01f6a1>] print_trailer+0x161/0x280
[23280.132972]  [<ffffffffaf01f92f>] check_bytes_and_report+0xcf/0x110
[23280.132975]  [<ffffffffaf02084d>] check_object+0x1dd/0x2a0
[23280.132978]  [<ffffffffaf575ac7>] free_debug_processing+0x8d/0x270
[23280.132988]  [<ffffffffc07ef21d>] ? nfs_direct_write_schedule_segment+0x24d/0x380 [nfs]
[23280.132991]  [<ffffffffaf022669>] __slab_free+0x259/0x320
[23280.132999]  [<ffffffffc07f1786>] ? nfs_page_group_unlock+0x36/0x60 [nfs]
[23280.133007]  [<ffffffffc07f19c6>] ? __nfs_pageio_add_request+0x216/0x450 [nfs]
[23280.133016]  [<ffffffffc07e6fe1>] ? nfs_get_lock_context+0x51/0x100 [nfs]
[23280.133024]  [<ffffffffc07ef21d>] ? nfs_direct_write_schedule_segment+0x24d/0x380 [nfs]
[23280.133027]  [<ffffffffaf022df6>] kfree+0x106/0x140
[23280.133034]  [<ffffffffc07ef21d>] nfs_direct_write_schedule_segment+0x24d/0x380 [nfs]
[23280.133042]  [<ffffffffc07efdd5>] nfs_direct_write_schedule_iovec+0x105/0x240 [nfs]
[23280.133050]  [<ffffffffc07f0588>] nfs_file_direct_write+0x298/0x470 [nfs]
[23280.133058]  [<ffffffffc07e5a99>] nfs_file_write+0x139/0x1e0 [nfs]
[23280.133061]  [<ffffffffaf047ba3>] do_sync_write+0x93/0xe0
[23280.133065]  [<ffffffffaf048690>] vfs_write+0xc0/0x1f0
[23280.133068]  [<ffffffffaf58ce21>] ? system_call_after_swapgs+0xae/0x146
[23280.133072]  [<ffffffffaf0494af>] SyS_write+0x7f/0xf0
[23280.133075]  [<ffffffffaf58ce21>] ? system_call_after_swapgs+0xae/0x146
[23280.133078]  [<ffffffffaf58cede>] system_call_fastpath+0x25/0x2a
[23280.133081]  [<ffffffffaf58ce21>] ? system_call_after_swapgs+0xae/0x146
[23280.133084] FIX kmalloc-1024: Restoring 0xffff8edb2bdce8f8-0xffff8edb2bdce8ff=0xcc

[23280.134361] FIX kmalloc-1024: Object at 0xffff8edb2bdce4f8 not freed
[23315.116940] =============================================================================
[23315.118189] BUG kmalloc-1024 (Tainted: GF   B      OE  ------------  ): Redzone overwritten
[23315.119183] -----------------------------------------------------------------------------

[23315.120945] INFO: 0xffff8edb3171ce68-0xffff8edb3171ce6f. First byte 0x80 instead of 0xcc
[23315.121913] INFO: Allocated in nfs_direct_write_schedule_segment+0x2d6/0x380 [nfs] age=15 cpu=0 pid=9465
[23315.122907] 	__slab_alloc+0x40/0x5c
[23315.123866] 	__kmalloc+0x1c0/0x230
[23315.124873] 	nfs_direct_write_schedule_segment+0x2d6/0x380 [nfs]
[23315.125892] 	nfs_direct_write_schedule_iovec+0x105/0x240 [nfs]
[23315.126882] 	nfs_file_direct_write+0x298/0x470 [nfs]
[23315.127884] 	nfs_file_write+0x139/0x1e0 [nfs]
[23315.128907] 	do_sync_write+0x93/0xe0
[23315.129919] 	vfs_write+0xc0/0x1f0
[23315.130914] 	SyS_write+0x7f/0xf0
[23315.131876] 	system_call_fastpath+0x25/0x2a
[23315.132874] INFO: Freed in nfs4_opendata_free+0xca/0xe0 [nfsv4] age=90 cpu=0 pid=9465
[23315.133866] 	kfree+0x106/0x140
[23315.134860] 	nfs4_opendata_free+0xca/0xe0 [nfsv4]
[23315.135906] 	nfs4_do_open+0x27b/0x630 [nfsv4]
[23315.136938] 	nfs4_atomic_open+0xf7/0x110 [nfsv4]
[23315.137961] 	nfs4_file_open+0x116/0x2b0 [nfsv4]
[23315.138989] 	do_dentry_open+0x216/0x2c0
[23315.139998] 	vfs_open+0x5a/0xb0
[23315.141004] 	do_last+0x1f6/0x1290
[23315.142020] 	path_openat+0xcd/0x5a0
[23315.142995] 	do_filp_open+0x4d/0xb0
[23315.143968] 	do_sys_open+0x124/0x220
[23315.144945] 	SyS_open+0x1e/0x20
[23315.145901] 	system_call_fastpath+0x25/0x2a
[23315.146871] INFO: Slab 0xffffc8da40c5c600 objects=24 used=23 fp=0xffff8edb31718008 flags=0x1fffff00004081
[23315.147897] INFO: Object 0xffff8edb3171ca68 @offset=19048 fp=0xffff8edb31719548

[23315.149980] Redzone ffff8edb3171ca60: cc cc cc cc cc cc cc cc                          ........
[23315.151063] Object ffff8edb3171ca68: 80 b6 5f 40 da c8 ff ff c0 f5 60 40 da c8 ff ff  .._@......`@....
[23315.152172] Object ffff8edb3171ca78: 00 f6 60 40 da c8 ff ff 40 f6 60 40 da c8 ff ff  ..`@....@.`@....
[23315.153248] Object ffff8edb3171ca88: 80 f6 60 40 da c8 ff ff c0 f6 60 40 da c8 ff ff  ..`@......`@....
[23315.154298] Object ffff8edb3171ca98: 00 f7 60 40 da c8 ff ff 40 f7 60 40 da c8 ff ff  ..`@....@.`@....
[23315.155339] Object ffff8edb3171caa8: 80 f7 60 40 da c8 ff ff c0 f7 60 40 da c8 ff ff  ..`@......`@....
[23315.156390] Object ffff8edb3171cab8: 00 f8 60 40 da c8 ff ff 40 f8 60 40 da c8 ff ff  ..`@....@.`@....
[23315.157443] Object ffff8edb3171cac8: 80 f8 60 40 da c8 ff ff c0 f8 60 40 da c8 ff ff  ..`@......`@....
[23315.158475] Object ffff8edb3171cad8: 00 f9 60 40 da c8 ff ff 40 f9 60 40 da c8 ff ff  ..`@....@.`@....
[23315.159522] Object ffff8edb3171cae8: 80 f9 60 40 da c8 ff ff c0 f9 60 40 da c8 ff ff  ..`@......`@....
[23315.160522] Object ffff8edb3171caf8: 00 fa 60 40 da c8 ff ff 40 fa 60 40 da c8 ff ff  ..`@....@.`@....
[23315.161511] Object ffff8edb3171cb08: 80 fa 60 40 da c8 ff ff c0 fa 60 40 da c8 ff ff  ..`@......`@....
[23315.162469] Object ffff8edb3171cb18: 00 fb 60 40 da c8 ff ff 40 fb 60 40 da c8 ff ff  ..`@....@.`@....
[23315.163410] Object ffff8edb3171cb28: 80 fb 60 40 da c8 ff ff c0 fb 60 40 da c8 ff ff  ..`@......`@....
[23315.164314] Object ffff8edb3171cb38: 00 fc 60 40 da c8 ff ff 40 fc 60 40 da c8 ff ff  ..`@....@.`@....
[23315.165204] Object ffff8edb3171cb48: 80 fc 60 40 da c8 ff ff c0 fc 60 40 da c8 ff ff  ..`@......`@....
[23315.166065] Object ffff8edb3171cb58: 00 fd 60 40 da c8 ff ff 40 fd 60 40 da c8 ff ff  ..`@....@.`@....
[23315.166897] Object ffff8edb3171cb68: 80 fd 60 40 da c8 ff ff c0 fd 60 40 da c8 ff ff  ..`@......`@....
[23315.167710] Object ffff8edb3171cb78: 00 fe 60 40 da c8 ff ff 40 fe 60 40 da c8 ff ff  ..`@....@.`@....
[23315.168491] Object ffff8edb3171cb88: 80 fe 60 40 da c8 ff ff c0 fe 60 40 da c8 ff ff  ..`@......`@....
[23315.169229] Object ffff8edb3171cb98: 00 ff 60 40 da c8 ff ff 40 ff 60 40 da c8 ff ff  ..`@....@.`@....
[23315.169951] Object ffff8edb3171cba8: 80 ff 60 40 da c8 ff ff c0 ff 60 40 da c8 ff ff  ..`@......`@....
[23315.170662] Object ffff8edb3171cbb8: 80 73 c9 40 da c8 ff ff c0 73 c9 40 da c8 ff ff  .s.@.....s.@....
[23315.171378] Object ffff8edb3171cbc8: 80 8d b8 40 da c8 ff ff c0 8d b8 40 da c8 ff ff  ...@.......@....
[23315.172067] Object ffff8edb3171cbd8: 80 0a ae 40 da c8 ff ff c0 0a ae 40 da c8 ff ff  ...@.......@....
[23315.172750] Object ffff8edb3171cbe8: 00 76 ab 40 da c8 ff ff 40 76 ab 40 da c8 ff ff  .v.@....@v.@....
[23315.173428] Object ffff8edb3171cbf8: 80 64 ab 40 da c8 ff ff c0 64 ab 40 da c8 ff ff  .d.@.....d.@....
[23315.174085] Object ffff8edb3171cc08: 80 8c b8 40 da c8 ff ff c0 8c b8 40 da c8 ff ff  ...@.......@....
[23315.174758] Object ffff8edb3171cc18: 80 7b ab 40 da c8 ff ff c0 7b ab 40 da c8 ff ff  .{.@.....{.@....
[23315.175435] Object ffff8edb3171cc28: 80 97 d1 40 da c8 ff ff c0 97 d1 40 da c8 ff ff  ...@.......@....
[23315.176083] Object ffff8edb3171cc38: 80 86 b8 40 da c8 ff ff c0 86 b8 40 da c8 ff ff  ...@.......@....
[23315.176723] Object ffff8edb3171cc48: 00 62 ab 40 da c8 ff ff 40 62 ab 40 da c8 ff ff  .b.@....@b.@....
[23315.177336] Object ffff8edb3171cc58: 80 b7 54 41 da c8 ff ff c0 b7 54 41 da c8 ff ff  ..TA......TA....
[23315.177982] Object ffff8edb3171cc68: 00 77 ab 40 da c8 ff ff 40 77 ab 40 da c8 ff ff  .w.@....@w.@....
[23315.178594] Object ffff8edb3171cc78: 80 71 ab 40 da c8 ff ff c0 71 ab 40 da c8 ff ff  .q.@.....q.@....
[23315.179188] Object ffff8edb3171cc88: 80 65 be 40 da c8 ff ff c0 65 be 40 da c8 ff ff  .e.@.....e.@....
[23315.179793] Object ffff8edb3171cc98: 00 6e 67 40 da c8 ff ff 40 6e 67 40 da c8 ff ff  .ng@....@ng@....
[23315.180394] Object ffff8edb3171cca8: 80 9d dd 40 da c8 ff ff c0 9d dd 40 da c8 ff ff  ...@.......@....
[23315.180983] Object ffff8edb3171ccb8: 00 f5 d3 40 da c8 ff ff 40 f5 d3 40 da c8 ff ff  ...@....@..@....
[23315.181579] Object ffff8edb3171ccc8: 00 78 df 40 da c8 ff ff 40 78 df 40 da c8 ff ff  .x.@....@x.@....
[23315.182162] Object ffff8edb3171ccd8: 00 96 3d 41 da c8 ff ff 40 96 3d 41 da c8 ff ff  ..=A....@.=A....
[23315.182756] Object ffff8edb3171cce8: 80 bc 55 40 da c8 ff ff c0 bc 55 40 da c8 ff ff  ..U@......U@....
[23315.183359] Object ffff8edb3171ccf8: 80 82 3d 41 da c8 ff ff c0 82 3d 41 da c8 ff ff  ..=A......=A....
[23315.183942] Object ffff8edb3171cd08: 00 6d c9 40 da c8 ff ff 40 6d c9 40 da c8 ff ff  .m.@....@m.@....
[23315.184539] Object ffff8edb3171cd18: 80 99 16 41 da c8 ff ff c0 99 16 41 da c8 ff ff  ...A.......A....
[23315.185096] Object ffff8edb3171cd28: 00 70 ab 40 da c8 ff ff 40 70 ab 40 da c8 ff ff  .p.@....@p.@....
[23315.185648] Object ffff8edb3171cd38: 80 75 bf 40 da c8 ff ff c0 75 bf 40 da c8 ff ff  .u.@.....u.@....
[23315.186169] Object ffff8edb3171cd48: 00 de 3c 41 da c8 ff ff 40 de 3c 41 da c8 ff ff  ..<A....@.<A....
[23315.186682] Object ffff8edb3171cd58: 00 dd 3c 41 da c8 ff ff 40 dd 3c 41 da c8 ff ff  ..<A....@.<A....
[23315.187158] Object ffff8edb3171cd68: 80 14 b7 40 da c8 ff ff c0 14 b7 40 da c8 ff ff  ...@.......@....
[23315.187646] Object ffff8edb3171cd78: 00 fe b9 40 da c8 ff ff 40 fe b9 40 da c8 ff ff  ...@....@..@....
[23315.188123] Object ffff8edb3171cd88: 00 5f ae 40 da c8 ff ff 40 5f ae 40 da c8 ff ff  ._.@....@_.@....
[23315.188614] Object ffff8edb3171cd98: 80 e6 c8 40 da c8 ff ff c0 e6 c8 40 da c8 ff ff  ...@.......@....
[23315.189101] Object ffff8edb3171cda8: 80 04 b4 40 da c8 ff ff c0 04 b4 40 da c8 ff ff  ...@.......@....
[23315.189605] Object ffff8edb3171cdb8: 80 42 47 41 da c8 ff ff c0 42 47 41 da c8 ff ff  .BGA.....BGA....
[23315.190098] Object ffff8edb3171cdc8: 00 ec c8 40 da c8 ff ff 40 ec c8 40 da c8 ff ff  ...@....@..@....
[23315.190610] Object ffff8edb3171cdd8: 80 56 ad 40 da c8 ff ff c0 56 ad 40 da c8 ff ff  .V.@.....V.@....
[23315.191122] Object ffff8edb3171cde8: 00 34 56 40 da c8 ff ff 40 34 56 40 da c8 ff ff  .4V@....@4V@....
[23315.191645] Object ffff8edb3171cdf8: 00 0f 33 41 da c8 ff ff 40 0f 33 41 da c8 ff ff  ..3A....@.3A....
[23315.192195] Object ffff8edb3171ce08: 00 7c b8 40 da c8 ff ff 40 7c b8 40 da c8 ff ff  .|.@....@|.@....
[23315.192733] Object ffff8edb3171ce18: 80 ab ed 40 da c8 ff ff c0 ab ed 40 da c8 ff ff  ...@.......@....
[23315.193262] Object ffff8edb3171ce28: 80 1d 51 40 da c8 ff ff c0 1d 51 40 da c8 ff ff  ..Q@......Q@....
[23315.193837] Object ffff8edb3171ce38: 00 b5 5f 40 da c8 ff ff 40 b5 5f 40 da c8 ff ff  .._@....@._@....
[23315.194400] Object ffff8edb3171ce48: 00 bb 5f 40 da c8 ff ff 40 bb 5f 40 da c8 ff ff  .._@....@._@....
[23315.194934] Object ffff8edb3171ce58: 00 58 a9 40 da c8 ff ff 40 58 a9 40 da c8 ff ff  .X.@....@X.@....
[23315.195483] Redzone ffff8edb3171ce68: 80 b6 5f 40 da c8 ff ff                          .._@....
[23315.196047] Padding ffff8edb3171cfa8: 5a 5a 5a 5a 5a 5a 5a 5a                          ZZZZZZZZ
[23315.196646] CPU: 0 PID: 9465 Comm: dd Kdump: loaded Tainted: GF   B      OE  ------------   3.10.0-1062.1.1.el7.x86_64 #1
[23315.196648] Hardware name: QEMU Standard PC (i440FX + PIIX, 1996), BIOS 1.9.1-1.fc24 04/01/2014
[23315.196650] Call Trace:
[23315.196656]  [<ffffffffaf5792c2>] dump_stack+0x19/0x1b
[23315.196659]  [<ffffffffaf01f6a1>] print_trailer+0x161/0x280
[23315.196663]  [<ffffffffaf01f92f>] check_bytes_and_report+0xcf/0x110
[23315.196666]  [<ffffffffaf02084d>] check_object+0x1dd/0x2a0
[23315.196669]  [<ffffffffaf575ac7>] free_debug_processing+0x8d/0x270
[23315.196679]  [<ffffffffc07ef21d>] ? nfs_direct_write_schedule_segment+0x24d/0x380 [nfs]
[23315.196682]  [<ffffffffaf022669>] __slab_free+0x259/0x320
[23315.196691]  [<ffffffffc07f1786>] ? nfs_page_group_unlock+0x36/0x60 [nfs]
[23315.196699]  [<ffffffffc07f19c6>] ? __nfs_pageio_add_request+0x216/0x450 [nfs]
[23315.196707]  [<ffffffffc07e6fe1>] ? nfs_get_lock_context+0x51/0x100 [nfs]
[23315.196715]  [<ffffffffc07ef21d>] ? nfs_direct_write_schedule_segment+0x24d/0x380 [nfs]
[23315.196717]  [<ffffffffaf022df6>] kfree+0x106/0x140
[23315.196725]  [<ffffffffc07ef21d>] nfs_direct_write_schedule_segment+0x24d/0x380 [nfs]
[23315.196732]  [<ffffffffc07efdd5>] nfs_direct_write_schedule_iovec+0x105/0x240 [nfs]
[23315.196741]  [<ffffffffc07f0588>] nfs_file_direct_write+0x298/0x470 [nfs]
[23315.196749]  [<ffffffffc07e5a99>] nfs_file_write+0x139/0x1e0 [nfs]
[23315.196752]  [<ffffffffaf047ba3>] do_sync_write+0x93/0xe0
[23315.196756]  [<ffffffffaf048690>] vfs_write+0xc0/0x1f0
[23315.196759]  [<ffffffffaf58ce21>] ? system_call_after_swapgs+0xae/0x146
[23315.196763]  [<ffffffffaf0494af>] SyS_write+0x7f/0xf0
[23315.196765]  [<ffffffffaf58ce21>] ? system_call_after_swapgs+0xae/0x146
[23315.196768]  [<ffffffffaf58cede>] system_call_fastpath+0x25/0x2a
[23315.196772]  [<ffffffffaf58ce21>] ? system_call_after_swapgs+0xae/0x146
[23315.196775] FIX kmalloc-1024: Restoring 0xffff8edb3171ce68-0xffff8edb3171ce6f=0xcc

[23315.198015] FIX kmalloc-1024: Object at 0xffff8edb3171ca68 not freed
[23315.263453] =============================================================================
[23315.264488] BUG kmalloc-1024 (Tainted: GF   B      OE  ------------  ): Redzone overwritten
[23315.265230] -----------------------------------------------------------------------------

[23315.266692] INFO: 0xffff8edb2bdcf8e8-0xffff8edb2bdcf8ef. First byte 0x80 instead of 0xcc
[23315.267480] INFO: Allocated in nfs_direct_write_schedule_segment+0x2d6/0x380 [nfs] age=12 cpu=2 pid=9465
[23315.268280] 	__slab_alloc+0x40/0x5c
[23315.269101] 	__kmalloc+0x1c0/0x230
[23315.269923] 	nfs_direct_write_schedule_segment+0x2d6/0x380 [nfs]
[23315.270773] 	nfs_direct_write_schedule_iovec+0x105/0x240 [nfs]
[23315.271615] 	nfs_file_direct_write+0x298/0x470 [nfs]
[23315.272472] 	nfs_file_write+0x139/0x1e0 [nfs]
[23315.273305] 	do_sync_write+0x93/0xe0
[23315.274162] 	vfs_write+0xc0/0x1f0
[23315.275009] 	SyS_write+0x7f/0xf0
[23315.275874] 	system_call_fastpath+0x25/0x2a
[23315.276735] INFO: Freed in skb_release_data+0xf5/0x140 age=149 cpu=2 pid=6736
[23315.277627] 	kfree+0x106/0x140
[23315.278510] 	skb_release_data+0xf5/0x140
[23315.279436] 	skb_release_all+0x24/0x30
[23315.280317] 	__kfree_skb+0x12/0x20
[23315.281202] 	tcp_recvmsg+0x7a0/0xb30
[23315.282084] 	inet_recvmsg+0x80/0xb0
[23315.282976] 	sock_recvmsg+0xc5/0x100
[23315.283853] 	kernel_recvmsg+0x3a/0x50
[23315.284754] 	svc_recvfrom.isra.8+0x6c/0xd0 [sunrpc]
[23315.285659] 	svc_tcp_recvfrom+0x447/0x760 [sunrpc]
[23315.286570] 	svc_recv+0x818/0xa20 [sunrpc]
[23315.287483] 	nfsd+0xcd/0x150 [nfsd]
[23315.288396] 	kthread+0xd1/0xe0
[23315.289290] 	ret_from_fork_nospec_end+0x0/0x39
[23315.290205] INFO: Slab 0xffffc8da40af7200 objects=24 used=15 fp=0xffff8edb2bdcca68 flags=0x1fffff00004081
[23315.291185] INFO: Object 0xffff8edb2bdcf4e8 @offset=29928 fp=0xffff8edb2bdca538

[23315.293145] Redzone ffff8edb2bdcf4e0: cc cc cc cc cc cc cc cc                          ........
[23315.294163] Object ffff8edb2bdcf4e8: 80 b6 5f 40 da c8 ff ff c0 f5 60 40 da c8 ff ff  .._@......`@....
[23315.295215] Object ffff8edb2bdcf4f8: 00 f6 60 40 da c8 ff ff 40 f6 60 40 da c8 ff ff  ..`@....@.`@....
[23315.296255] Object ffff8edb2bdcf508: 80 f6 60 40 da c8 ff ff c0 f6 60 40 da c8 ff ff  ..`@......`@....
[23315.297288] Object ffff8edb2bdcf518: 00 f7 60 40 da c8 ff ff 40 f7 60 40 da c8 ff ff  ..`@....@.`@....
[23315.298322] Object ffff8edb2bdcf528: 80 f7 60 40 da c8 ff ff c0 f7 60 40 da c8 ff ff  ..`@......`@....
[23315.299360] Object ffff8edb2bdcf538: 00 f8 60 40 da c8 ff ff 40 f8 60 40 da c8 ff ff  ..`@....@.`@....
[23315.300396] Object ffff8edb2bdcf548: 80 f8 60 40 da c8 ff ff c0 f8 60 40 da c8 ff ff  ..`@......`@....
[23315.301421] Object ffff8edb2bdcf558: 00 f9 60 40 da c8 ff ff 40 f9 60 40 da c8 ff ff  ..`@....@.`@....
[23315.302422] Object ffff8edb2bdcf568: 80 f9 60 40 da c8 ff ff c0 f9 60 40 da c8 ff ff  ..`@......`@....
[23315.303403] Object ffff8edb2bdcf578: 00 fa 60 40 da c8 ff ff 40 fa 60 40 da c8 ff ff  ..`@....@.`@....
[23315.304361] Object ffff8edb2bdcf588: 80 fa 60 40 da c8 ff ff c0 fa 60 40 da c8 ff ff  ..`@......`@....
[23315.305281] Object ffff8edb2bdcf598: 00 fb 60 40 da c8 ff ff 40 fb 60 40 da c8 ff ff  ..`@....@.`@....
[23315.306200] Object ffff8edb2bdcf5a8: 80 fb 60 40 da c8 ff ff c0 fb 60 40 da c8 ff ff  ..`@......`@....
[23315.307086] Object ffff8edb2bdcf5b8: 00 fc 60 40 da c8 ff ff 40 fc 60 40 da c8 ff ff  ..`@....@.`@....
[23315.307945] Object ffff8edb2bdcf5c8: 80 fc 60 40 da c8 ff ff c0 fc 60 40 da c8 ff ff  ..`@......`@....
[23315.308778] Object ffff8edb2bdcf5d8: 00 fd 60 40 da c8 ff ff 40 fd 60 40 da c8 ff ff  ..`@....@.`@....
[23315.309587] Object ffff8edb2bdcf5e8: 80 fd 60 40 da c8 ff ff c0 fd 60 40 da c8 ff ff  ..`@......`@....
[23315.310368] Object ffff8edb2bdcf5f8: 00 fe 60 40 da c8 ff ff 40 fe 60 40 da c8 ff ff  ..`@....@.`@....
[23315.311104] Object ffff8edb2bdcf608: 80 fe 60 40 da c8 ff ff c0 fe 60 40 da c8 ff ff  ..`@......`@....
[23315.311818] Object ffff8edb2bdcf618: 00 ff 60 40 da c8 ff ff 40 ff 60 40 da c8 ff ff  ..`@....@.`@....
[23315.312530] Object ffff8edb2bdcf628: 80 ff 60 40 da c8 ff ff c0 ff 60 40 da c8 ff ff  ..`@......`@....
[23315.313221] Object ffff8edb2bdcf638: 80 73 c9 40 da c8 ff ff c0 73 c9 40 da c8 ff ff  .s.@.....s.@....
[23315.313912] Object ffff8edb2bdcf648: 80 8d b8 40 da c8 ff ff c0 8d b8 40 da c8 ff ff  ...@.......@....
[23315.314596] Object ffff8edb2bdcf658: 80 0a ae 40 da c8 ff ff c0 0a ae 40 da c8 ff ff  ...@.......@....
[23315.315258] Object ffff8edb2bdcf668: 00 76 ab 40 da c8 ff ff 40 76 ab 40 da c8 ff ff  .v.@....@v.@....
[23315.315926] Object ffff8edb2bdcf678: 80 64 ab 40 da c8 ff ff c0 64 ab 40 da c8 ff ff  .d.@.....d.@....
[23315.316591] Object ffff8edb2bdcf688: 80 8c b8 40 da c8 ff ff c0 8c b8 40 da c8 ff ff  ...@.......@....
[23315.317249] Object ffff8edb2bdcf698: 80 7b ab 40 da c8 ff ff c0 7b ab 40 da c8 ff ff  .{.@.....{.@....
[23315.317909] Object ffff8edb2bdcf6a8: 80 97 d1 40 da c8 ff ff c0 97 d1 40 da c8 ff ff  ...@.......@....
[23315.318550] Object ffff8edb2bdcf6b8: 80 86 b8 40 da c8 ff ff c0 86 b8 40 da c8 ff ff  ...@.......@....
[23315.319158] Object ffff8edb2bdcf6c8: 00 62 ab 40 da c8 ff ff 40 62 ab 40 da c8 ff ff  .b.@....@b.@....
[23315.319774] Object ffff8edb2bdcf6d8: 80 b7 54 41 da c8 ff ff c0 b7 54 41 da c8 ff ff  ..TA......TA....
[23315.320395] Object ffff8edb2bdcf6e8: 00 77 ab 40 da c8 ff ff 40 77 ab 40 da c8 ff ff  .w.@....@w.@....
[23315.321006] Object ffff8edb2bdcf6f8: 80 71 ab 40 da c8 ff ff c0 71 ab 40 da c8 ff ff  .q.@.....q.@....
[23315.321625] Object ffff8edb2bdcf708: 80 65 be 40 da c8 ff ff c0 65 be 40 da c8 ff ff  .e.@.....e.@....
[23315.322239] Object ffff8edb2bdcf718: 00 6e 67 40 da c8 ff ff 40 6e 67 40 da c8 ff ff  .ng@....@ng@....
[23315.322859] Object ffff8edb2bdcf728: 80 9d dd 40 da c8 ff ff c0 9d dd 40 da c8 ff ff  ...@.......@....
[23315.323479] Object ffff8edb2bdcf738: 00 f5 d3 40 da c8 ff ff 40 f5 d3 40 da c8 ff ff  ...@....@..@....
[23315.324079] Object ffff8edb2bdcf748: 00 78 df 40 da c8 ff ff 40 78 df 40 da c8 ff ff  .x.@....@x.@....
[23315.324682] Object ffff8edb2bdcf758: 00 96 3d 41 da c8 ff ff 40 96 3d 41 da c8 ff ff  ..=A....@.=A....
[23315.325277] Object ffff8edb2bdcf768: 80 bc 55 40 da c8 ff ff c0 bc 55 40 da c8 ff ff  ..U@......U@....
[23315.325879] Object ffff8edb2bdcf778: 80 82 3d 41 da c8 ff ff c0 82 3d 41 da c8 ff ff  ..=A......=A....
[23315.326475] Object ffff8edb2bdcf788: 00 6d c9 40 da c8 ff ff 40 6d c9 40 da c8 ff ff  .m.@....@m.@....
[23315.327062] Object ffff8edb2bdcf798: 80 99 16 41 da c8 ff ff c0 99 16 41 da c8 ff ff  ...A.......A....
[23315.327629] Object ffff8edb2bdcf7a8: 00 70 ab 40 da c8 ff ff 40 70 ab 40 da c8 ff ff  .p.@....@p.@....
[23315.328165] Object ffff8edb2bdcf7b8: 80 75 bf 40 da c8 ff ff c0 75 bf 40 da c8 ff ff  .u.@.....u.@....
[23315.328688] Object ffff8edb2bdcf7c8: 00 de 3c 41 da c8 ff ff 40 de 3c 41 da c8 ff ff  ..<A....@.<A....
[23315.329195] Object ffff8edb2bdcf7d8: 00 dd 3c 41 da c8 ff ff 40 dd 3c 41 da c8 ff ff  ..<A....@.<A....
[23315.329675] Object ffff8edb2bdcf7e8: 80 14 b7 40 da c8 ff ff c0 14 b7 40 da c8 ff ff  ...@.......@....
[23315.330149] Object ffff8edb2bdcf7f8: 00 fe b9 40 da c8 ff ff 40 fe b9 40 da c8 ff ff  ...@....@..@....
[23315.330637] Object ffff8edb2bdcf808: 00 5f ae 40 da c8 ff ff 40 5f ae 40 da c8 ff ff  ._.@....@_.@....
[23315.331116] Object ffff8edb2bdcf818: 80 e6 c8 40 da c8 ff ff c0 e6 c8 40 da c8 ff ff  ...@.......@....
[23315.331617] Object ffff8edb2bdcf828: 80 04 b4 40 da c8 ff ff c0 04 b4 40 da c8 ff ff  ...@.......@....
[23315.332103] Object ffff8edb2bdcf838: 80 42 47 41 da c8 ff ff c0 42 47 41 da c8 ff ff  .BGA.....BGA....
[23315.332604] Object ffff8edb2bdcf848: 00 ec c8 40 da c8 ff ff 40 ec c8 40 da c8 ff ff  ...@....@..@....
[23315.333102] Object ffff8edb2bdcf858: 80 56 ad 40 da c8 ff ff c0 56 ad 40 da c8 ff ff  .V.@.....V.@....
[23315.333618] Object ffff8edb2bdcf868: 00 34 56 40 da c8 ff ff 40 34 56 40 da c8 ff ff  .4V@....@4V@....
[23315.334126] Object ffff8edb2bdcf878: 00 0f 33 41 da c8 ff ff 40 0f 33 41 da c8 ff ff  ..3A....@.3A....
[23315.334653] Object ffff8edb2bdcf888: 00 7c b8 40 da c8 ff ff 40 7c b8 40 da c8 ff ff  .|.@....@|.@....
[23315.335174] Object ffff8edb2bdcf898: 80 ab ed 40 da c8 ff ff c0 ab ed 40 da c8 ff ff  ...@.......@....
[23315.335713] Object ffff8edb2bdcf8a8: 80 1d 51 40 da c8 ff ff c0 1d 51 40 da c8 ff ff  ..Q@......Q@....
[23315.336241] Object ffff8edb2bdcf8b8: 00 b5 5f 40 da c8 ff ff 40 b5 5f 40 da c8 ff ff  .._@....@._@....
[23315.336796] Object ffff8edb2bdcf8c8: 00 bb 5f 40 da c8 ff ff 40 bb 5f 40 da c8 ff ff  .._@....@._@....
[23315.337327] Object ffff8edb2bdcf8d8: 00 58 a9 40 da c8 ff ff 40 58 a9 40 da c8 ff ff  .X.@....@X.@....
[23315.337883] Redzone ffff8edb2bdcf8e8: 80 b6 5f 40 da c8 ff ff                          .._@....
[23315.338464] Padding ffff8edb2bdcfa28: 5a 5a 5a 5a 5a 5a 5a 5a                          ZZZZZZZZ
[23315.339048] CPU: 2 PID: 9465 Comm: dd Kdump: loaded Tainted: GF   B      OE  ------------   3.10.0-1062.1.1.el7.x86_64 #1
[23315.339050] Hardware name: QEMU Standard PC (i440FX + PIIX, 1996), BIOS 1.9.1-1.fc24 04/01/2014
[23315.339052] Call Trace:
[23315.339057]  [<ffffffffaf5792c2>] dump_stack+0x19/0x1b
[23315.339061]  [<ffffffffaf01f6a1>] print_trailer+0x161/0x280
[23315.339064]  [<ffffffffaf01f92f>] check_bytes_and_report+0xcf/0x110
[23315.339067]  [<ffffffffaf02084d>] check_object+0x1dd/0x2a0
[23315.339070]  [<ffffffffaf575ac7>] free_debug_processing+0x8d/0x270
[23315.339080]  [<ffffffffc07ef21d>] ? nfs_direct_write_schedule_segment+0x24d/0x380 [nfs]
[23315.339084]  [<ffffffffaf022669>] __slab_free+0x259/0x320
[23315.339092]  [<ffffffffc07f1786>] ? nfs_page_group_unlock+0x36/0x60 [nfs]
[23315.339100]  [<ffffffffc07f19c6>] ? __nfs_pageio_add_request+0x216/0x450 [nfs]
[23315.339107]  [<ffffffffc07e6fe1>] ? nfs_get_lock_context+0x51/0x100 [nfs]
[23315.339115]  [<ffffffffc07ef21d>] ? nfs_direct_write_schedule_segment+0x24d/0x380 [nfs]
[23315.339118]  [<ffffffffaf022df6>] kfree+0x106/0x140
[23315.339125]  [<ffffffffc07ef21d>] nfs_direct_write_schedule_segment+0x24d/0x380 [nfs]
[23315.339133]  [<ffffffffc07efdd5>] nfs_direct_write_schedule_iovec+0x105/0x240 [nfs]
[23315.339141]  [<ffffffffc07f0588>] nfs_file_direct_write+0x298/0x470 [nfs]
[23315.339149]  [<ffffffffc07e5a99>] nfs_file_write+0x139/0x1e0 [nfs]
[23315.339153]  [<ffffffffaf047ba3>] do_sync_write+0x93/0xe0
[23315.339156]  [<ffffffffaf048690>] vfs_write+0xc0/0x1f0
[23315.339160]  [<ffffffffaf58ce21>] ? system_call_after_swapgs+0xae/0x146
[23315.339163]  [<ffffffffaf0494af>] SyS_write+0x7f/0xf0
[23315.339166]  [<ffffffffaf58ce21>] ? system_call_after_swapgs+0xae/0x146
[23315.339169]  [<ffffffffaf58cede>] system_call_fastpath+0x25/0x2a
[23315.339172]  [<ffffffffaf58ce21>] ? system_call_after_swapgs+0xae/0x146
[23315.339175] FIX kmalloc-1024: Restoring 0xffff8edb2bdcf8e8-0xffff8edb2bdcf8ef=0xcc

[23315.340437] FIX kmalloc-1024: Object at 0xffff8edb2bdcf4e8 not freed
[23315.405237] =============================================================================
[23315.406287] BUG kmalloc-1024 (Tainted: GF   B      OE  ------------  ): Redzone overwritten
[23315.407032] -----------------------------------------------------------------------------

[23315.408486] INFO: 0xffff8edb309b0958-0xffff8edb309b095f. First byte 0x80 instead of 0xcc
[23315.409266] INFO: Allocated in nfs_direct_write_schedule_segment+0x2d6/0x380 [nfs] age=16 cpu=3 pid=9465
[23315.410075] 	__slab_alloc+0x40/0x5c
[23315.410894] 	__kmalloc+0x1c0/0x230
[23315.411723] 	nfs_direct_write_schedule_segment+0x2d6/0x380 [nfs]
[23315.412567] 	nfs_direct_write_schedule_iovec+0x105/0x240 [nfs]
[23315.413413] 	nfs_file_direct_write+0x298/0x470 [nfs]
[23315.414260] 	nfs_file_write+0x139/0x1e0 [nfs]
[23315.415121] 	do_sync_write+0x93/0xe0
[23315.415966] 	vfs_write+0xc0/0x1f0
[23315.416815] 	SyS_write+0x7f/0xf0
[23315.417656] 	system_call_fastpath+0x25/0x2a
[23315.418512] INFO: Freed in skb_release_data+0xf5/0x140 age=158 cpu=1 pid=6737
[23315.419452] 	kfree+0x106/0x140
[23315.420330] 	skb_release_data+0xf5/0x140
[23315.421236] 	skb_release_all+0x24/0x30
[23315.422125] 	__kfree_skb+0x12/0x20
[23315.423014] 	tcp_recvmsg+0x7a0/0xb30
[23315.423896] 	inet_recvmsg+0x80/0xb0
[23315.424802] 	sock_recvmsg+0xc5/0x100
[23315.425747] 	kernel_recvmsg+0x3a/0x50
[23315.426643] 	svc_recvfrom.isra.8+0x6c/0xd0 [sunrpc]
[23315.427558] 	svc_tcp_recvfrom+0x447/0x760 [sunrpc]
[23315.428466] 	svc_recv+0x818/0xa20 [sunrpc]
[23315.429387] 	nfsd+0xcd/0x150 [nfsd]
[23315.430292] 	kthread+0xd1/0xe0
[23315.431207] 	ret_from_fork_nospec_end+0x0/0x39
[23315.432148] INFO: Slab 0xffffc8da40c26c00 objects=24 used=21 fp=0xffff8edb309b0ff8 flags=0x1fffff00004081
[23315.433129] INFO: Object 0xffff8edb309b0558 @offset=1368 fp=0xffff8edb309b0ff8

[23315.435112] Redzone ffff8edb309b0550: cc cc cc cc cc cc cc cc                          ........
[23315.436143] Object ffff8edb309b0558: 80 b6 5f 40 da c8 ff ff c0 f5 60 40 da c8 ff ff  .._@......`@....
[23315.437191] Object ffff8edb309b0568: 00 f6 60 40 da c8 ff ff 40 f6 60 40 da c8 ff ff  ..`@....@.`@....
[23315.438241] Object ffff8edb309b0578: 80 f6 60 40 da c8 ff ff c0 f6 60 40 da c8 ff ff  ..`@......`@....
[23315.439279] Object ffff8edb309b0588: 00 f7 60 40 da c8 ff ff 40 f7 60 40 da c8 ff ff  ..`@....@.`@....
[23315.440313] Object ffff8edb309b0598: 80 f7 60 40 da c8 ff ff c0 f7 60 40 da c8 ff ff  ..`@......`@....
[23315.441362] Object ffff8edb309b05a8: 00 f8 60 40 da c8 ff ff 40 f8 60 40 da c8 ff ff  ..`@....@.`@....
[23315.442398] Object ffff8edb309b05b8: 80 f8 60 40 da c8 ff ff c0 f8 60 40 da c8 ff ff  ..`@......`@....
[23315.443422] Object ffff8edb309b05c8: 00 f9 60 40 da c8 ff ff 40 f9 60 40 da c8 ff ff  ..`@....@.`@....
[23315.444434] Object ffff8edb309b05d8: 80 f9 60 40 da c8 ff ff c0 f9 60 40 da c8 ff ff  ..`@......`@....
[23315.445426] Object ffff8edb309b05e8: 00 fa 60 40 da c8 ff ff 40 fa 60 40 da c8 ff ff  ..`@....@.`@....
[23315.446414] Object ffff8edb309b05f8: 80 fa 60 40 da c8 ff ff c0 fa 60 40 da c8 ff ff  ..`@......`@....
[23315.447396] Object ffff8edb309b0608: 00 fb 60 40 da c8 ff ff 40 fb 60 40 da c8 ff ff  ..`@....@.`@....
[23315.448296] Object ffff8edb309b0618: 80 fb 60 40 da c8 ff ff c0 fb 60 40 da c8 ff ff  ..`@......`@....
[23315.449183] Object ffff8edb309b0628: 00 fc 60 40 da c8 ff ff 40 fc 60 40 da c8 ff ff  ..`@....@.`@....
[23315.450061] Object ffff8edb309b0638: 80 fc 60 40 da c8 ff ff c0 fc 60 40 da c8 ff ff  ..`@......`@....
[23315.450902] Object ffff8edb309b0648: 00 fd 60 40 da c8 ff ff 40 fd 60 40 da c8 ff ff  ..`@....@.`@....
[23315.451743] Object ffff8edb309b0658: 80 fd 60 40 da c8 ff ff c0 fd 60 40 da c8 ff ff  ..`@......`@....
[23315.452537] Object ffff8edb309b0668: 00 fe 60 40 da c8 ff ff 40 fe 60 40 da c8 ff ff  ..`@....@.`@....
[23315.453287] Object ffff8edb309b0678: 80 fe 60 40 da c8 ff ff c0 fe 60 40 da c8 ff ff  ..`@......`@....
[23315.454007] Object ffff8edb309b0688: 00 ff 60 40 da c8 ff ff 40 ff 60 40 da c8 ff ff  ..`@....@.`@....
[23315.454721] Object ffff8edb309b0698: 80 ff 60 40 da c8 ff ff c0 ff 60 40 da c8 ff ff  ..`@......`@....
[23315.455445] Object ffff8edb309b06a8: 80 73 c9 40 da c8 ff ff c0 73 c9 40 da c8 ff ff  .s.@.....s.@....
[23315.456126] Object ffff8edb309b06b8: 80 8d b8 40 da c8 ff ff c0 8d b8 40 da c8 ff ff  ...@.......@....
[23315.456805] Object ffff8edb309b06c8: 80 0a ae 40 da c8 ff ff c0 0a ae 40 da c8 ff ff  ...@.......@....
[23315.457480] Object ffff8edb309b06d8: 00 76 ab 40 da c8 ff ff 40 76 ab 40 da c8 ff ff  .v.@....@v.@....
[23315.458135] Object ffff8edb309b06e8: 80 64 ab 40 da c8 ff ff c0 64 ab 40 da c8 ff ff  .d.@.....d.@....
[23315.458798] Object ffff8edb309b06f8: 80 8c b8 40 da c8 ff ff c0 8c b8 40 da c8 ff ff  ...@.......@....
[23315.459467] Object ffff8edb309b0708: 80 7b ab 40 da c8 ff ff c0 7b ab 40 da c8 ff ff  .{.@.....{.@....
[23315.460120] Object ffff8edb309b0718: 80 97 d1 40 da c8 ff ff c0 97 d1 40 da c8 ff ff  ...@.......@....
[23315.460766] Object ffff8edb309b0728: 80 86 b8 40 da c8 ff ff c0 86 b8 40 da c8 ff ff  ...@.......@....
[23315.461389] Object ffff8edb309b0738: 00 62 ab 40 da c8 ff ff 40 62 ab 40 da c8 ff ff  .b.@....@b.@....
[23315.461994] Object ffff8edb309b0748: 80 b7 54 41 da c8 ff ff c0 b7 54 41 da c8 ff ff  ..TA......TA....
[23315.462615] Object ffff8edb309b0758: 00 77 ab 40 da c8 ff ff 40 77 ab 40 da c8 ff ff  .w.@....@w.@....
[23315.463225] Object ffff8edb309b0768: 80 71 ab 40 da c8 ff ff c0 71 ab 40 da c8 ff ff  .q.@.....q.@....
[23315.463842] Object ffff8edb309b0778: 80 65 be 40 da c8 ff ff c0 65 be 40 da c8 ff ff  .e.@.....e.@....
[23315.464471] Object ffff8edb309b0788: 00 6e 67 40 da c8 ff ff 40 6e 67 40 da c8 ff ff  .ng@....@ng@....
[23315.465127] Object ffff8edb309b0798: 80 9d dd 40 da c8 ff ff c0 9d dd 40 da c8 ff ff  ...@.......@....
[23315.465767] Object ffff8edb309b07a8: 00 f5 d3 40 da c8 ff ff 40 f5 d3 40 da c8 ff ff  ...@....@..@....
[23315.466397] Object ffff8edb309b07b8: 00 78 df 40 da c8 ff ff 40 78 df 40 da c8 ff ff  .x.@....@x.@....
[23315.466990] Object ffff8edb309b07c8: 00 96 3d 41 da c8 ff ff 40 96 3d 41 da c8 ff ff  ..=A....@.=A....
[23315.467610] Object ffff8edb309b07d8: 80 bc 55 40 da c8 ff ff c0 bc 55 40 da c8 ff ff  ..U@......U@....
[23315.468194] Object ffff8edb309b07e8: 80 82 3d 41 da c8 ff ff c0 82 3d 41 da c8 ff ff  ..=A......=A....
[23315.468819] Object ffff8edb309b07f8: 00 6d c9 40 da c8 ff ff 40 6d c9 40 da c8 ff ff  .m.@....@m.@....
[23315.469437] Object ffff8edb309b0808: 80 99 16 41 da c8 ff ff c0 99 16 41 da c8 ff ff  ...A.......A....
[23315.469998] Object ffff8edb309b0818: 00 70 ab 40 da c8 ff ff 40 70 ab 40 da c8 ff ff  .p.@....@p.@....
[23315.470544] Object ffff8edb309b0828: 80 75 bf 40 da c8 ff ff c0 75 bf 40 da c8 ff ff  .u.@.....u.@....
[23315.471056] Object ffff8edb309b0838: 00 de 3c 41 da c8 ff ff 40 de 3c 41 da c8 ff ff  ..<A....@.<A....
[23315.471589] Object ffff8edb309b0848: 00 dd 3c 41 da c8 ff ff 40 dd 3c 41 da c8 ff ff  ..<A....@.<A....
[23315.472059] Object ffff8edb309b0858: 80 14 b7 40 da c8 ff ff c0 14 b7 40 da c8 ff ff  ...@.......@....
[23315.472547] Object ffff8edb309b0868: 00 fe b9 40 da c8 ff ff 40 fe b9 40 da c8 ff ff  ...@....@..@....
[23315.473048] Object ffff8edb309b0878: 00 5f ae 40 da c8 ff ff 40 5f ae 40 da c8 ff ff  ._.@....@_.@....
[23315.473543] Object ffff8edb309b0888: 80 e6 c8 40 da c8 ff ff c0 e6 c8 40 da c8 ff ff  ...@.......@....
[23315.474028] Object ffff8edb309b0898: 80 04 b4 40 da c8 ff ff c0 04 b4 40 da c8 ff ff  ...@.......@....
[23315.474525] Object ffff8edb309b08a8: 80 42 47 41 da c8 ff ff c0 42 47 41 da c8 ff ff  .BGA.....BGA....
[23315.475016] Object ffff8edb309b08b8: 00 ec c8 40 da c8 ff ff 40 ec c8 40 da c8 ff ff  ...@....@..@....
[23315.475528] Object ffff8edb309b08c8: 80 56 ad 40 da c8 ff ff c0 56 ad 40 da c8 ff ff  .V.@.....V.@....
[23315.476031] Object ffff8edb309b08d8: 00 34 56 40 da c8 ff ff 40 34 56 40 da c8 ff ff  .4V@....@4V@....
[23315.476551] Object ffff8edb309b08e8: 00 0f 33 41 da c8 ff ff 40 0f 33 41 da c8 ff ff  ..3A....@.3A....
[23315.477065] Object ffff8edb309b08f8: 00 7c b8 40 da c8 ff ff 40 7c b8 40 da c8 ff ff  .|.@....@|.@....
[23315.477603] Object ffff8edb309b0908: 80 ab ed 40 da c8 ff ff c0 ab ed 40 da c8 ff ff  ...@.......@....
[23315.478129] Object ffff8edb309b0918: 80 1d 51 40 da c8 ff ff c0 1d 51 40 da c8 ff ff  ..Q@......Q@....
[23315.478670] Object ffff8edb309b0928: 00 b5 5f 40 da c8 ff ff 40 b5 5f 40 da c8 ff ff  .._@....@._@....
[23315.479203] Object ffff8edb309b0938: 00 bb 5f 40 da c8 ff ff 40 bb 5f 40 da c8 ff ff  .._@....@._@....
[23315.479746] Object ffff8edb309b0948: 00 58 a9 40 da c8 ff ff 40 58 a9 40 da c8 ff ff  .X.@....@X.@....
[23315.480280] Redzone ffff8edb309b0958: 80 b6 5f 40 da c8 ff ff                          .._@....
[23315.480852] Padding ffff8edb309b0a98: 5a 5a 5a 5a 5a 5a 5a 5a                          ZZZZZZZZ
[23315.481450] CPU: 3 PID: 9465 Comm: dd Kdump: loaded Tainted: GF   B      OE  ------------   3.10.0-1062.1.1.el7.x86_64 #1
[23315.481453] Hardware name: QEMU Standard PC (i440FX + PIIX, 1996), BIOS 1.9.1-1.fc24 04/01/2014
[23315.481455] Call Trace:
[23315.481461]  [<ffffffffaf5792c2>] dump_stack+0x19/0x1b
[23315.481465]  [<ffffffffaf01f6a1>] print_trailer+0x161/0x280
[23315.481468]  [<ffffffffaf01f92f>] check_bytes_and_report+0xcf/0x110
[23315.481471]  [<ffffffffaf02084d>] check_object+0x1dd/0x2a0
[23315.481474]  [<ffffffffaf575ac7>] free_debug_processing+0x8d/0x270
[23315.481485]  [<ffffffffc07ef21d>] ? nfs_direct_write_schedule_segment+0x24d/0x380 [nfs]
[23315.481488]  [<ffffffffaf022669>] __slab_free+0x259/0x320
[23315.481498]  [<ffffffffc07f1786>] ? nfs_page_group_unlock+0x36/0x60 [nfs]
[23315.481506]  [<ffffffffc07f19c6>] ? __nfs_pageio_add_request+0x216/0x450 [nfs]
[23315.481513]  [<ffffffffc07e6fe1>] ? nfs_get_lock_context+0x51/0x100 [nfs]
[23315.481521]  [<ffffffffc07ef21d>] ? nfs_direct_write_schedule_segment+0x24d/0x380 [nfs]
[23315.481524]  [<ffffffffaf022df6>] kfree+0x106/0x140
[23315.481532]  [<ffffffffc07ef21d>] nfs_direct_write_schedule_segment+0x24d/0x380 [nfs]
[23315.481539]  [<ffffffffc07efdd5>] nfs_direct_write_schedule_iovec+0x105/0x240 [nfs]
[23315.481548]  [<ffffffffc07f0588>] nfs_file_direct_write+0x298/0x470 [nfs]
[23315.481556]  [<ffffffffc07e5a99>] nfs_file_write+0x139/0x1e0 [nfs]
[23315.481559]  [<ffffffffaf047ba3>] do_sync_write+0x93/0xe0
[23315.481563]  [<ffffffffaf048690>] vfs_write+0xc0/0x1f0
[23315.481566]  [<ffffffffaf58ce21>] ? system_call_after_swapgs+0xae/0x146
[23315.481570]  [<ffffffffaf0494af>] SyS_write+0x7f/0xf0
[23315.481573]  [<ffffffffaf58ce21>] ? system_call_after_swapgs+0xae/0x146
[23315.481576]  [<ffffffffaf58cede>] system_call_fastpath+0x25/0x2a
[23315.481579]  [<ffffffffaf58ce21>] ? system_call_after_swapgs+0xae/0x146
[23315.481582] FIX kmalloc-1024: Restoring 0xffff8edb309b0958-0xffff8edb309b095f=0xcc

[23315.482829] FIX kmalloc-1024: Object at 0xffff8edb309b0558 not freed
[23315.550137] =============================================================================
[23315.551090] BUG kmalloc-1024 (Tainted: GF   B      OE  ------------  ): Redzone overwritten
[23315.551739] -----------------------------------------------------------------------------

[23315.553011] INFO: 0xffff8edb178678e8-0xffff8edb178678ef. First byte 0x80 instead of 0xcc
[23315.553713] INFO: Allocated in nfs_direct_write_schedule_segment+0x2d6/0x380 [nfs] age=15 cpu=1 pid=9465
[23315.554414] 	__slab_alloc+0x40/0x5c
[23315.555113] 	__kmalloc+0x1c0/0x230
[23315.555824] 	nfs_direct_write_schedule_segment+0x2d6/0x380 [nfs]
[23315.556543] 	nfs_direct_write_schedule_iovec+0x105/0x240 [nfs]
[23315.557256] 	nfs_file_direct_write+0x298/0x470 [nfs]
[23315.557960] 	nfs_file_write+0x139/0x1e0 [nfs]
[23315.558674] 	do_sync_write+0x93/0xe0
[23315.559377] 	vfs_write+0xc0/0x1f0
[23315.560078] 	SyS_write+0x7f/0xf0
[23315.560782] 	system_call_fastpath+0x25/0x2a
[23315.561498] INFO: Freed in skb_release_data+0xf5/0x140 age=52 cpu=1 pid=283
[23315.562232] 	kfree+0x106/0x140
[23315.562963] 	skb_release_data+0xf5/0x140
[23315.563700] 	skb_release_all+0x24/0x30
[23315.564474] 	__kfree_skb+0x12/0x20
[23315.565227] 	tcp_ack+0x60d/0x12f0
[23315.565957] 	tcp_rcv_established+0x118/0x770
[23315.566695] 	tcp_v4_do_rcv+0x10a/0x350
[23315.567440] 	tcp_v4_rcv+0x7dc/0x9e0
[23315.568163] 	ip_local_deliver_finish+0xbd/0x200
[23315.568912] 	ip_local_deliver+0x60/0xe0
[23315.569663] 	ip_rcv_finish+0x90/0x370
[23315.570404] 	ip_rcv+0x2c0/0x420
