CRASH INFO
_____

(gdb) b pvscsi_ring_init_msg
Breakpoint 1 at 0x555555949b26: file hw/scsi/vmw_pvscsi.c, line 177.
(gdb) c
Continuing.
[Switching to Thread 0x7fffeaff7700 (LWP 5236)]

Breakpoint 1, pvscsi_ring_init_msg (m=0x5555567357e8, ri=0x5555567355d4) at hw/scsi/vmw_pvscsi.c:177
177      ring_size = ri->numPages * PVSCSI_MAX_NUM_MSG_ENTRIES_PER_PAGE;
(gdb) n
178      len_log2 = pvscsi_log2(ring_size - 1);
(gdb) n
180      m->msg_len_mask = MASK(len_log2);
(gdb) n
182      m->filled_msg_ptr = 0;
(gdb) n
184      for (i = 0; i < ri->numPages; i++) {
(gdb) p /x ri->numPages
$1 = 0x500
(gdb) c
Continuing.
[Thread 0x7fffec0e2700 (LWP 5249) exited]

Program received signal SIGSEGV, Segmentation fault.
[Switching to Thread 0x7ffff7fc5bc0 (LWP 5230)]
0x00007ffff796ff3d in _pixman_image_validate () from /lib64/libpixman-1.so.0
(gdb) bt
#0  0x00007ffff796ff3d in _pixman_image_validate () at /lib64/libpixman-1.so.0
#1  0x00007ffff79232d0 in pixman_image_composite32 () at /lib64/libpixman-1.so.0
#2  0x00005555559cc188 in qemu_pixman_glyph_render (glyph=0x555556735ab0, surface=0x555556549ef0, fgcol=0x7fffffffdae0, bgcol=0x7fffffffdaf0, x=26, y=1, cw=8, ch=16) at ui/qemu-pixman.c:246
#3  0x00005555559c68fb in vga_putcharxy (s=0x5555565461c0, x=26, y=1, ch=39, t_attrib=0x5555565c2c2f) at ui/console.c:436
#4  0x00005555559c7010 in console_refresh (s=0x5555565461c0) at ui/console.c:568
#5  0x00005555559c88d5 in text_console_invalidate (opaque=0x5555565461c0) at ui/console.c:1156
#6  0x00005555559c62f1 in graphic_hw_invalidate (con=0x5555565461c0) at ui/console.c:270
#7  0x00005555559ca6d9 in text_console_update_cursor (opaque=0x0) at ui/console.c:1894
#8  0x0000555555a07b80 in timerlist_run_timers (timer_list=0x5555564a8ef0) at qemu-timer.c:525
#9  0x0000555555a07bc8 in qemu_clock_run_timers (type=QEMU_CLOCK_REALTIME) at qemu-timer.c:536
#10 0x0000555555a07f75 in qemu_clock_run_all_timers () at qemu-timer.c:650
#11 0x0000555555a06b0f in main_loop_wait (nonblocking=0) at main-loop.c:512
#12 0x0000555555827a4c in main_loop () at vl.c:1923
#13 0x000055555582f816 in main (argc=10, argv=0x7fffffffe0b8, envp=0x7fffffffe110) at vl.c:4684
(gdb)
